###############################################################################
#
# IAR ELF Linker V7.60.1.11101/W32 for ARM                16/Aug/2017  16:24:21
# Copyright 2007-2016 IAR Systems AB.
#
#    Output file  =  
#        D:\Work\old\Sound\src\sound103\EWARM\sound103\Exe\sound103.out
#    Map file     =  
#        D:\Work\old\Sound\src\sound103\EWARM\sound103\List\sound103.map
#    Command line =  
#        D:\Work\old\Sound\src\sound103\EWARM\sound103\Obj\cmsis_os.o
#        D:\Work\old\Sound\src\sound103\EWARM\sound103\Obj\croutine.o
#        D:\Work\old\Sound\src\sound103\EWARM\sound103\Obj\diskio.o
#        D:\Work\old\Sound\src\sound103\EWARM\sound103\Obj\event_groups.o
#        D:\Work\old\Sound\src\sound103\EWARM\sound103\Obj\fatfs.o
#        D:\Work\old\Sound\src\sound103\EWARM\sound103\Obj\ff.o
#        D:\Work\old\Sound\src\sound103\EWARM\sound103\Obj\ff_gen_drv.o
#        D:\Work\old\Sound\src\sound103\EWARM\sound103\Obj\freertos.o
#        D:\Work\old\Sound\src\sound103\EWARM\sound103\Obj\GsmTask.o
#        D:\Work\old\Sound\src\sound103\EWARM\sound103\Obj\heap_4.o
#        D:\Work\old\Sound\src\sound103\EWARM\sound103\Obj\list.o
#        D:\Work\old\Sound\src\sound103\EWARM\sound103\Obj\main.o
#        D:\Work\old\Sound\src\sound103\EWARM\sound103\Obj\MainTask.o
#        D:\Work\old\Sound\src\sound103\EWARM\sound103\Obj\port.o
#        D:\Work\old\Sound\src\sound103\EWARM\sound103\Obj\portasm.o
#        D:\Work\old\Sound\src\sound103\EWARM\sound103\Obj\queue.o
#        D:\Work\old\Sound\src\sound103\EWARM\sound103\Obj\SoundTask.o
#        D:\Work\old\Sound\src\sound103\EWARM\sound103\Obj\SPI_Flash.o
#        D:\Work\old\Sound\src\sound103\EWARM\sound103\Obj\startup_stm32f103xb.o
#        D:\Work\old\Sound\src\sound103\EWARM\sound103\Obj\stm32f1xx_hal.o
#        D:\Work\old\Sound\src\sound103\EWARM\sound103\Obj\stm32f1xx_hal_cortex.o
#        D:\Work\old\Sound\src\sound103\EWARM\sound103\Obj\stm32f1xx_hal_crc.o
#        D:\Work\old\Sound\src\sound103\EWARM\sound103\Obj\stm32f1xx_hal_dma.o
#        D:\Work\old\Sound\src\sound103\EWARM\sound103\Obj\stm32f1xx_hal_flash.o
#        D:\Work\old\Sound\src\sound103\EWARM\sound103\Obj\stm32f1xx_hal_flash_ex.o
#        D:\Work\old\Sound\src\sound103\EWARM\sound103\Obj\stm32f1xx_hal_gpio.o
#        D:\Work\old\Sound\src\sound103\EWARM\sound103\Obj\stm32f1xx_hal_gpio_ex.o
#        D:\Work\old\Sound\src\sound103\EWARM\sound103\Obj\stm32f1xx_hal_msp.o
#        D:\Work\old\Sound\src\sound103\EWARM\sound103\Obj\stm32f1xx_hal_pcd.o
#        D:\Work\old\Sound\src\sound103\EWARM\sound103\Obj\stm32f1xx_hal_pcd_ex.o
#        D:\Work\old\Sound\src\sound103\EWARM\sound103\Obj\stm32f1xx_hal_pwr.o
#        D:\Work\old\Sound\src\sound103\EWARM\sound103\Obj\stm32f1xx_hal_rcc.o
#        D:\Work\old\Sound\src\sound103\EWARM\sound103\Obj\stm32f1xx_hal_rcc_ex.o
#        D:\Work\old\Sound\src\sound103\EWARM\sound103\Obj\stm32f1xx_hal_spi.o
#        D:\Work\old\Sound\src\sound103\EWARM\sound103\Obj\stm32f1xx_hal_spi_ex.o
#        D:\Work\old\Sound\src\sound103\EWARM\sound103\Obj\stm32f1xx_hal_tim.o
#        D:\Work\old\Sound\src\sound103\EWARM\sound103\Obj\stm32f1xx_hal_tim_ex.o
#        D:\Work\old\Sound\src\sound103\EWARM\sound103\Obj\stm32f1xx_hal_timebase_TIM.o
#        D:\Work\old\Sound\src\sound103\EWARM\sound103\Obj\stm32f1xx_it.o
#        D:\Work\old\Sound\src\sound103\EWARM\sound103\Obj\stm32f1xx_ll_usb.o
#        D:\Work\old\Sound\src\sound103\EWARM\sound103\Obj\syscall.o
#        D:\Work\old\Sound\src\sound103\EWARM\sound103\Obj\system_stm32f1xx.o
#        D:\Work\old\Sound\src\sound103\EWARM\sound103\Obj\tasks.o
#        D:\Work\old\Sound\src\sound103\EWARM\sound103\Obj\timers.o
#        D:\Work\old\Sound\src\sound103\EWARM\sound103\Obj\usb_device.o
#        D:\Work\old\Sound\src\sound103\EWARM\sound103\Obj\usbd_conf.o
#        D:\Work\old\Sound\src\sound103\EWARM\sound103\Obj\usbd_core.o
#        D:\Work\old\Sound\src\sound103\EWARM\sound103\Obj\usbd_ctlreq.o
#        D:\Work\old\Sound\src\sound103\EWARM\sound103\Obj\usbd_desc.o
#        D:\Work\old\Sound\src\sound103\EWARM\sound103\Obj\usbd_ioreq.o
#        D:\Work\old\Sound\src\sound103\EWARM\sound103\Obj\usbd_msc.o
#        D:\Work\old\Sound\src\sound103\EWARM\sound103\Obj\usbd_msc_bot.o
#        D:\Work\old\Sound\src\sound103\EWARM\sound103\Obj\usbd_msc_data.o
#        D:\Work\old\Sound\src\sound103\EWARM\sound103\Obj\usbd_msc_scsi.o
#        D:\Work\old\Sound\src\sound103\EWARM\sound103\Obj\usbd_storage_if.o
#        D:\Work\old\Sound\src\sound103\EWARM\sound103\Obj\user_diskio.o
#        D:\Work\old\Sound\src\sound103\EWARM\sound103\Obj\WiFiTask.o
#        --redirect _Printf=_PrintfFull --redirect _Scanf=_ScanfFull -o
#        D:\Work\old\Sound\src\sound103\EWARM\sound103\Exe\sound103.out --map
#        D:\Work\old\Sound\src\sound103\EWARM\sound103\List\sound103.map
#        --config D:\Work\old\Sound\src\sound103\EWARM/stm32f103xb_flash.icf
#        --semihosting --entry __iar_program_start --vfe
#
###############################################################################

*******************************************************************************
*** RUNTIME MODEL ATTRIBUTES
***

CppFlavor       = *
__SystemLibrary = DLib


*******************************************************************************
*** PLACEMENT SUMMARY
***

"A1":  place at 0x08000000 { ro section .intvec };
"P1":  place in [from 0x08000000 to 0x0801ffff] { ro };
"P2":  place in [from 0x20000000 to 0x20004fff] { rw, block CSTACK, block HEAP };
initialize by copy { rw };

  Section            Kind        Address    Size  Object
  -------            ----        -------    ----  ------
"A1":                                       0xec
  .intvec            ro code  0x08000000    0xec  startup_stm32f103xb.o [1]
                            - 0x080000ec    0xec

"P1":                                     0x948b
  .text              ro code  0x080000ec  0x1bc8  ff.o [1]
  .text              ro code  0x08001cb4    0x84  diskio.o [1]
  .text              ro code  0x08001d38     0x6  ABImemclr.o [4]
  .text              ro code  0x08001d40    0x66  ABImemset.o [4]
  .text              ro code  0x08001da8    0x4c  syscall.o [1]
  .text              ro code  0x08001df4    0x1c  fatfs.o [1]
  .text              ro code  0x08001e10   0x14c  cmsis_os.o [1]
  .text              ro code  0x08001f5c    0x48  ff_gen_drv.o [1]
  .text              ro code  0x08001fa4   0xb3c  tasks.o [1]
  .text              ro code  0x08002ae0   0x688  queue.o [1]
  .text              ro code  0x08003168   0x1e4  port.o [1]
  CODE               ro code  0x0800334c    0x94  portasm.o [1]
  .text              ro code  0x080033e0   0x1e8  heap_4.o [1]
  .text              ro code  0x080035c8    0x3a  ABImemset48.o [4]
  .text              ro code  0x08003602    0xb4  list.o [1]
  .text              ro code  0x080036b6     0x2  freertos.o [1]
  .text              ro code  0x080036b8    0x76  ABImemcpy_unaligned.o [4]
  .text              ro code  0x08003730   0x95c  stm32f1xx_hal_spi.o [1]
  .text              ro code  0x0800408c    0x5c  stm32f1xx_hal.o [1]
  .text              ro code  0x080040e8    0x8c  stm32f1xx_hal_spi_ex.o [1]
  .text              ro code  0x08004174    0xe8  stm32f1xx_hal_cortex.o [1]
  .text              ro code  0x0800425c    0x7c  stm32f1xx_hal_timebase_TIM.o [1]
  .text              ro code  0x080042d8   0x1e4  stm32f1xx_hal_msp.o [1]
  .text              ro code  0x080044bc   0x536  stm32f1xx_hal_rcc.o [1]
  .text              ro code  0x080049f4   0x894  stm32f1xx_hal_tim.o [1]
  .text              ro code  0x08005288   0x1e4  stm32f1xx_hal_gpio.o [1]
  .text              ro code  0x0800546c   0x310  stm32f1xx_hal_dma.o [1]
  .text              ro code  0x0800577c   0x3c8  main.o [1]
  .text              ro code  0x08005b44    0x62  stm32f1xx_hal_tim_ex.o [1]
  .text              ro code  0x08005ba6    0x1e  stm32f1xx_hal_crc.o [1]
  .text              ro code  0x08005bc4   0x3d0  SPI_Flash.o [1]
  .text              ro code  0x08005f94    0xd8  stm32f1xx_hal_rcc_ex.o [1]
  .text              ro code  0x0800606c    0x38  usb_device.o [1]
  .text              ro code  0x080060a4    0x60  MainTask.o [1]
  .text              ro code  0x08006104   0x658  SoundTask.o [1]
  .text              ro code  0x0800675c   0x286  usbd_core.o [1]
  .text              ro code  0x080069e4   0x1b2  usbd_msc.o [1]
  .text              ro code  0x08006b98   0x284  usbd_conf.o [1]
  .text              ro code  0x08006e1c   0x4b2  usbd_ctlreq.o [1]
  .text              ro code  0x080072ce    0x7a  usbd_ioreq.o [1]
  .text              ro code  0x08007348   0x35c  usbd_msc_bot.o [1]
  .text              ro code  0x080076a4   0x886  stm32f1xx_hal_pcd.o [1]
  .text              ro code  0x08007f2a    0x34  stm32f1xx_hal_pcd_ex.o [1]
  .text              ro code  0x08007f60   0x832  usbd_msc_scsi.o [1]
  .text              ro code  0x08008794   0x842  stm32f1xx_ll_usb.o [1]
  .text              ro code  0x08008fd8    0xd0  usbd_desc.o [1]
  .text              ro code  0x080090a8    0x78  lz77_init_single.o [4]
  .text              ro code  0x08009120    0x64  user_diskio.o [1]
  .text              ro code  0x08009184    0x5c  system_stm32f1xx.o [1]
  .text              ro code  0x080091e0    0x5c  usbd_storage_if.o [1]
  .text              ro code  0x0800923c    0x40  zero_init3.o [4]
  .text              ro code  0x0800927c    0x3c  stm32f1xx_it.o [1]
  .rodata            const    0x080092b8    0x2c  main.o [1]
  .text              ro code  0x080092e4    0x28  data_init.o [4]
  .rodata            const    0x0800930c    0x24  usbd_storage_if.o [1]
  .iar.init_table    const    0x08009330    0x20  - Linker created -
  .text              ro code  0x08009350    0x1a  cmain.o [4]
  .text              ro code  0x0800936a     0x4  low_level_init.o [3]
  .text              ro code  0x0800936e     0x4  exit.o [3]
  .text              ro code  0x08009374     0xa  cexit.o [4]
  .text              ro code  0x08009380    0x14  exit.o [5]
  .rodata            const    0x08009394    0x18  usbd_msc_data.o [1]
  .text              ro code  0x080093ac    0x10  startup_stm32f103xb.o [1]
  .text              ro code  0x080093bc     0xc  cstartup_M.o [4]
  .rodata            const    0x080093c8     0x8  system_stm32f1xx.o [1]
  .text              ro code  0x080093d0     0x4  startup_stm32f103xb.o [1]
  .text              ro code  0x080093d4     0x4  startup_stm32f103xb.o [1]
  .text              ro code  0x080093d8     0x4  startup_stm32f103xb.o [1]
  .text              ro code  0x080093dc     0x4  startup_stm32f103xb.o [1]
  .text              ro code  0x080093e0     0x4  startup_stm32f103xb.o [1]
  .text              ro code  0x080093e4     0x4  startup_stm32f103xb.o [1]
  .text              ro code  0x080093e8     0x4  startup_stm32f103xb.o [1]
  .text              ro code  0x080093ec     0x4  startup_stm32f103xb.o [1]
  .text              ro code  0x080093f0     0x4  startup_stm32f103xb.o [1]
  .text              ro code  0x080093f4     0x4  startup_stm32f103xb.o [1]
  .text              ro code  0x080093f8     0x4  startup_stm32f103xb.o [1]
  .text              ro code  0x080093fc     0x4  startup_stm32f103xb.o [1]
  .text              ro code  0x08009400     0x4  startup_stm32f103xb.o [1]
  .text              ro code  0x08009404     0x4  startup_stm32f103xb.o [1]
  .text              ro code  0x08009408     0x4  startup_stm32f103xb.o [1]
  .text              ro code  0x0800940c     0x4  startup_stm32f103xb.o [1]
  .text              ro code  0x08009410     0x4  startup_stm32f103xb.o [1]
  .text              ro code  0x08009414     0x4  startup_stm32f103xb.o [1]
  .text              ro code  0x08009418     0x4  startup_stm32f103xb.o [1]
  .text              ro code  0x0800941c     0x4  startup_stm32f103xb.o [1]
  .text              ro code  0x08009420     0x4  startup_stm32f103xb.o [1]
  .text              ro code  0x08009424     0x4  startup_stm32f103xb.o [1]
  .text              ro code  0x08009428     0x4  startup_stm32f103xb.o [1]
  .text              ro code  0x0800942c     0x4  startup_stm32f103xb.o [1]
  .text              ro code  0x08009430     0x4  startup_stm32f103xb.o [1]
  .text              ro code  0x08009434     0x4  startup_stm32f103xb.o [1]
  .text              ro code  0x08009438     0x4  startup_stm32f103xb.o [1]
  .text              ro code  0x0800943c     0x4  startup_stm32f103xb.o [1]
  .text              ro code  0x08009440     0x4  startup_stm32f103xb.o [1]
  .text              ro code  0x08009444     0x4  startup_stm32f103xb.o [1]
  .text              ro code  0x08009448     0x4  startup_stm32f103xb.o [1]
  .text              ro code  0x0800944c     0x4  startup_stm32f103xb.o [1]
  .text              ro code  0x08009450     0x4  startup_stm32f103xb.o [1]
  .text              ro code  0x08009454     0x4  startup_stm32f103xb.o [1]
  .text              ro code  0x08009458     0x4  startup_stm32f103xb.o [1]
  .text              ro code  0x0800945c     0x4  startup_stm32f103xb.o [1]
  .text              ro code  0x08009460     0x4  startup_stm32f103xb.o [1]
  .text              ro code  0x08009464     0x4  startup_stm32f103xb.o [1]
  .text              ro code  0x08009468     0x4  startup_stm32f103xb.o [1]
  .text              ro code  0x0800946c     0x4  startup_stm32f103xb.o [1]
  .rodata            const    0x08009470     0x0  zero_init3.o [4]
  .rodata            const    0x08009470     0x0  lz77_init_single.o [4]
  Initializer bytes  const    0x08009470   0x107  <for P2-1>
                            - 0x08009577  0x948b

"P2", part 1 of 3:                        0x1199
  P2-1                        0x20000000  0x1199  <Init block>
    .data            inited   0x20000000     0xc  port.o [1]
    .data            inited   0x2000000c  0x1074  SoundTask.o [1]
    .data            inited   0x20001080     0x8  SPI_Flash.o [1]
    .data            inited   0x20001088     0x4  system_stm32f1xx.o [1]
    .data            inited   0x2000108c    0x1c  usbd_desc.o [1]
    .data            inited   0x200010a8    0x14  usbd_desc.o [1]
    .data            inited   0x200010bc     0x4  usbd_desc.o [1]
    .data            inited   0x200010c0    0x38  usbd_msc.o [1]
    .data            inited   0x200010f8    0x20  usbd_msc.o [1]
    .data            inited   0x20001118    0x20  usbd_msc.o [1]
    .data            inited   0x20001138    0x20  usbd_msc.o [1]
    .data            inited   0x20001158     0xc  usbd_msc.o [1]
    .data            inited   0x20001164    0x20  usbd_storage_if.o [1]
    .data            inited   0x20001184    0x14  user_diskio.o [1]
    .data            inited   0x20001198     0x1  user_diskio.o [1]
                            - 0x20001199  0x1199

"P2", part 2 of 3:                         0x800
  CSTACK                      0x200011a0   0x800  <Block>
    CSTACK           uninit   0x200011a0   0x800  <Block tail>
                            - 0x200019a0   0x800

"P2", part 3 of 3:                        0x2754
  .bss               zero     0x200019a0  0x1070  usbd_conf.o [1]
  .bss               zero     0x20002a10   0xd60  heap_4.o [1]
  .bss               zero     0x20003770   0x420  usbd_conf.o [1]
  .bss               zero     0x20003b90   0x224  usb_device.o [1]
  .bss               zero     0x20003db4   0x128  tasks.o [1]
  .bss               zero     0x20003edc    0xb4  main.o [1]
  .bss               zero     0x20003f90    0x80  usbd_desc.o [1]
  .bss               zero     0x20004010    0x40  queue.o [1]
  .bss               zero     0x20004050    0x3c  stm32f1xx_hal_timebase_TIM.o [1]
  .bss               zero     0x2000408c    0x38  main.o [1]
  .bss               zero     0x200040c4    0x14  ff.o [1]
  .bss               zero     0x200040d8     0xc  ff_gen_drv.o [1]
  .bss               zero     0x200040e4     0x8  fatfs.o [1]
  .bss               zero     0x200040ec     0x4  stm32f1xx_hal.o [1]
  .bss               zero     0x200040f0     0x1  stm32f1xx_hal_spi_ex.o [1]
  .bss               zero     0x200040f1     0x1  usbd_ctlreq.o [1]
                            - 0x200040f2  0x2752


*******************************************************************************
*** INIT TABLE
***

          Address     Size
          -------     ----
Zero (__iar_zero_init3)
    1 destination range, total size 0x2752:
          0x200019a0  0x2752

Copy/lz77 (__iar_lz77_init_single3)
    1 source range, total size 0x107 (5% of destination):
          0x08009470   0x107
    1 destination range, total size 0x1199:
          0x20000000  0x1199



*******************************************************************************
*** MODULE SUMMARY
***

    Module                        ro code  ro data  rw data
    ------                        -------  -------  -------
D:\Work\old\Sound\src\sound103\EWARM\sound103\Obj: [1]
    MainTask.o                         96
    SPI_Flash.o                       976        1        8
    SoundTask.o                     1 624      246    4 212
    cmsis_os.o                        332
    diskio.o                          132
    fatfs.o                            28                 8
    ff.o                            7 112                20
    ff_gen_drv.o                       72                12
    freertos.o                          2
    heap_4.o                          488             3 424
    list.o                            180
    main.o                            968       44      236
    port.o                            484                12
    portasm.o                         148
    queue.o                         1 672                64
    startup_stm32f103xb.o             412
    stm32f1xx_hal.o                    92                 4
    stm32f1xx_hal_cortex.o            232
    stm32f1xx_hal_crc.o                30
    stm32f1xx_hal_dma.o               784
    stm32f1xx_hal_gpio.o              484
    stm32f1xx_hal_msp.o               484
    stm32f1xx_hal_pcd.o             2 182
    stm32f1xx_hal_pcd_ex.o             52
    stm32f1xx_hal_rcc.o             1 334
    stm32f1xx_hal_rcc_ex.o            216
    stm32f1xx_hal_spi.o             2 396
    stm32f1xx_hal_spi_ex.o            140                 1
    stm32f1xx_hal_tim.o             2 196
    stm32f1xx_hal_tim_ex.o             98
    stm32f1xx_hal_timebase_TIM.o      124                60
    stm32f1xx_it.o                     60
    stm32f1xx_ll_usb.o              2 114
    syscall.o                          76
    system_stm32f1xx.o                 92        8        4
    tasks.o                         2 876               296
    usb_device.o                       56               548
    usbd_conf.o                       644             5 264
    usbd_core.o                       646
    usbd_ctlreq.o                   1 202                 1
    usbd_desc.o                       208        3      180
    usbd_ioreq.o                      122
    usbd_msc.o                        434        9      164
    usbd_msc_bot.o                    860
    usbd_msc_data.o                             24
    usbd_msc_scsi.o                 2 098
    usbd_storage_if.o                  92       38       32
    user_diskio.o                     100        2       21
    -------------------------------------------------------
    Total:                         37 250      375   14 571

command line: [2]
    -------------------------------------------------------
    Total:

dl7M_tlf.a: [3]
    exit.o                              4
    low_level_init.o                    4
    -------------------------------------------------------
    Total:                              8

rt7M_tl.a: [4]
    ABImemclr.o                         6
    ABImemcpy_unaligned.o             118
    ABImemset.o                       102
    ABImemset48.o                      58
    cexit.o                            10
    cmain.o                            26
    cstartup_M.o                       12
    data_init.o                        40
    lz77_init_single.o                120
    zero_init3.o                       64
    -------------------------------------------------------
    Total:                            556

shb_l.a: [5]
    exit.o                             20
    -------------------------------------------------------
    Total:                             20

    Gaps                               22
    Linker created                              32    2 048
-----------------------------------------------------------
    Grand Total:                   37 856      407   16 619


*******************************************************************************
*** ENTRY LIST
***

Entry                      Address    Size  Type      Object
-----                      -------    ----  ----      ------
.iar.init_table$$Base   0x08009330           --   Gb  - Linker created -
.iar.init_table$$Limit  0x08009350           --   Gb  - Linker created -
?main                   0x08009351          Code  Gb  cmain.o [4]
AHBPrescTable           0x080091d0    0x10  Data  Gb  system_stm32f1xx.o [1]
APBPrescTable           0x080093c8     0x8  Data  Gb  system_stm32f1xx.o [1]
Buffer                  0x20000010     0x4  Data  Gb  SoundTask.o [1]
BusFault_Handler        0x08009283     0x2  Code  Gb  stm32f1xx_it.o [1]
CSTACK$$Base            0x200011a0           --   Gb  - Linker created -
CSTACK$$Limit           0x200019a0           --   Gb  - Linker created -
DMA1_Channel5_IRQHandler
                        0x0800928d    0x14  Code  Gb  stm32f1xx_it.o [1]
DMAsoundSemHandle       0x20003f88     0x4  Data  Gb  main.o [1]
DebugMon_Handler        0x08009287     0x2  Code  Gb  stm32f1xx_it.o [1]
DecodeFrom_ADPCM_to_WAV
                        0x08006505    0xc8  Code  Gb  SoundTask.o [1]
ExCvt                   0x08000b7c    0x80  Data  Lc  ff.o [1]
FATFS_LinkDriver        0x08001f5d    0x42  Code  Gb  ff_gen_drv.o [1]
FS_Desc                 0x2000108c    0x1c  Data  Gb  usbd_desc.o [1]
FatFs                   0x200040d4     0x4  Data  Lc  ff.o [1]
Files                   0x200040c4     0xc  Data  Lc  ff.o [1]
Fsid                    0x200040d0     0x2  Data  Lc  ff.o [1]
GsmTaskHandle           0x20003f84     0x4  Data  Gb  main.o [1]
HAL_CRC_Init            0x08005ba7    0x1e  Code  Gb  stm32f1xx_hal_crc.o [1]
HAL_CRC_MspInit         0x0800435d    0x22  Code  Gb  stm32f1xx_hal_msp.o [1]
HAL_DMA_IRQHandler      0x08005511   0x24e  Code  Gb  stm32f1xx_hal_dma.o [1]
HAL_DMA_Init            0x0800546d    0x4a  Code  Gb  stm32f1xx_hal_dma.o [1]
HAL_DMA_Start_IT        0x080054b7    0x5a  Code  Gb  stm32f1xx_hal_dma.o [1]
HAL_Delay               0x080040c5    0x1c  Code  Wk  stm32f1xx_hal.o [1]
HAL_GPIO_Init           0x08005289   0x18e  Code  Gb  stm32f1xx_hal_gpio.o [1]
HAL_GPIO_ReadPin        0x08005419     0xe  Code  Gb  stm32f1xx_hal_gpio.o [1]
HAL_GPIO_TogglePin      0x0800542f     0x8  Code  Gb  stm32f1xx_hal_gpio.o [1]
HAL_GPIO_WritePin       0x08005427     0x8  Code  Gb  stm32f1xx_hal_gpio.o [1]
HAL_GetTick             0x080040bb     0x6  Code  Wk  stm32f1xx_hal.o [1]
HAL_IncTick             0x080040b1     0xa  Code  Wk  stm32f1xx_hal.o [1]
HAL_Init                0x0800408d    0x24  Code  Gb  stm32f1xx_hal.o [1]
HAL_InitTick            0x0800425d    0x6c  Code  Gb  stm32f1xx_hal_timebase_TIM.o [1]
HAL_MspInit             0x080042d9    0x84  Code  Gb  stm32f1xx_hal_msp.o [1]
HAL_NVIC_DisableIRQ     0x080041f3    0x12  Code  Gb  stm32f1xx_hal_cortex.o [1]
HAL_NVIC_EnableIRQ      0x080041e1    0x12  Code  Gb  stm32f1xx_hal_cortex.o [1]
HAL_NVIC_SetPriority    0x0800418f    0x52  Code  Gb  stm32f1xx_hal_cortex.o [1]
HAL_NVIC_SetPriorityGrouping
                        0x08004175    0x1a  Code  Gb  stm32f1xx_hal_cortex.o [1]
HAL_PCDEx_PMAConfig     0x08007f2b    0x34  Code  Gb  stm32f1xx_hal_pcd_ex.o [1]
HAL_PCDEx_SetConnectionState
                        0x08006deb     0x2  Code  Gb  usbd_conf.o [1]
HAL_PCD_DataInStageCallback
                        0x08006bf1     0xe  Code  Gb  usbd_conf.o [1]
HAL_PCD_DataOutStageCallback
                        0x08006be1    0x10  Code  Gb  usbd_conf.o [1]
HAL_PCD_EP_Close        0x080079b3    0x44  Code  Gb  stm32f1xx_hal_pcd.o [1]
HAL_PCD_EP_ClrStall     0x08007af9    0x4c  Code  Gb  stm32f1xx_hal_pcd.o [1]
HAL_PCD_EP_Flush        0x08007b45    0x38  Code  Gb  stm32f1xx_hal_pcd.o [1]
HAL_PCD_EP_GetRxCount   0x08007a41    0x10  Code  Gb  stm32f1xx_hal_pcd.o [1]
HAL_PCD_EP_Open         0x08007967    0x4c  Code  Gb  stm32f1xx_hal_pcd.o [1]
HAL_PCD_EP_Receive      0x080079f7    0x4a  Code  Gb  stm32f1xx_hal_pcd.o [1]
HAL_PCD_EP_SetStall     0x08007a95    0x64  Code  Gb  stm32f1xx_hal_pcd.o [1]
HAL_PCD_EP_Transmit     0x08007a51    0x44  Code  Gb  stm32f1xx_hal_pcd.o [1]
HAL_PCD_IRQHandler      0x080077f9   0x146  Code  Gb  stm32f1xx_hal_pcd.o [1]
HAL_PCD_Init            0x080076a5   0x122  Code  Gb  stm32f1xx_hal_pcd.o [1]
HAL_PCD_MspInit         0x08006b99    0x3a  Code  Gb  usbd_conf.o [1]
HAL_PCD_ResetCallback   0x08006c07    0x1a  Code  Gb  usbd_conf.o [1]
HAL_PCD_ResumeCallback  0x08006c3d     0x8  Code  Gb  usbd_conf.o [1]
HAL_PCD_SOFCallback     0x08006bff     0x8  Code  Gb  usbd_conf.o [1]
HAL_PCD_SetAddress      0x0800793f    0x28  Code  Gb  stm32f1xx_hal_pcd.o [1]
HAL_PCD_SetupStageCallback
                        0x08006bd3     0xe  Code  Gb  usbd_conf.o [1]
HAL_PCD_Start           0x080077c7    0x32  Code  Gb  stm32f1xx_hal_pcd.o [1]
HAL_PCD_SuspendCallback
                        0x08006c21    0x1c  Code  Gb  usbd_conf.o [1]
HAL_RCCEx_PeriphCLKConfig
                        0x08005f95    0xca  Code  Gb  stm32f1xx_hal_rcc_ex.o [1]
HAL_RCC_ClockConfig     0x080047c9   0x148  Code  Gb  stm32f1xx_hal_rcc.o [1]
HAL_RCC_GetClockConfig  0x08004985    0x34  Code  Gb  stm32f1xx_hal_rcc.o [1]
HAL_RCC_GetHCLKFreq     0x0800496b     0x6  Code  Gb  stm32f1xx_hal_rcc.o [1]
HAL_RCC_GetPCLK1Freq    0x08004971    0x14  Code  Gb  stm32f1xx_hal_rcc.o [1]
HAL_RCC_GetSysClockFreq
                        0x08004911    0x5a  Code  Gb  stm32f1xx_hal_rcc.o [1]
HAL_RCC_OscConfig       0x080044bd   0x30c  Code  Gb  stm32f1xx_hal_rcc.o [1]
HAL_SPI_Init            0x080040e9    0x84  Code  Gb  stm32f1xx_hal_spi_ex.o [1]
HAL_SPI_MspInit         0x0800437f    0x58  Code  Gb  stm32f1xx_hal_msp.o [1]
HAL_SPI_Receive         0x08003963   0x2c6  Code  Gb  stm32f1xx_hal_spi.o [1]
HAL_SPI_Transmit        0x08003731   0x232  Code  Gb  stm32f1xx_hal_spi.o [1]
HAL_SPI_TransmitReceive
                        0x08003c29   0x464  Code  Gb  stm32f1xx_hal_spi.o [1]
HAL_SYSTICK_CLKSourceConfig
                        0x08004227    0x16  Code  Gb  stm32f1xx_hal_cortex.o [1]
HAL_SYSTICK_Config      0x08004205    0x22  Code  Gb  stm32f1xx_hal_cortex.o [1]
HAL_TIMEx_BreakCallback
                        0x08005ba3     0x2  Code  Wk  stm32f1xx_hal_tim_ex.o [1]
HAL_TIMEx_CommutationCallback
                        0x08005ba1     0x2  Code  Wk  stm32f1xx_hal_tim_ex.o [1]
HAL_TIMEx_MasterConfigSynchronization
                        0x08005b45    0x5c  Code  Gb  stm32f1xx_hal_tim_ex.o [1]
HAL_TIM_Base_Init       0x080049f5    0x8e  Code  Gb  stm32f1xx_hal_tim.o [1]
HAL_TIM_Base_MspInit    0x080043d7    0x66  Code  Gb  stm32f1xx_hal_msp.o [1]
HAL_TIM_Base_Start_IT   0x08004a83    0x16  Code  Gb  stm32f1xx_hal_tim.o [1]
HAL_TIM_ConfigClockSource
                        0x08004f2b   0x1b0  Code  Gb  stm32f1xx_hal_tim.o [1]
HAL_TIM_ErrorCallback   0x080050e3     0x2  Code  Wk  stm32f1xx_hal_tim.o [1]
HAL_TIM_IC_CaptureCallback
                        0x080050dd     0x2  Code  Wk  stm32f1xx_hal_tim.o [1]
HAL_TIM_IRQHandler      0x08004cfd   0x14a  Code  Gb  stm32f1xx_hal_tim.o [1]
HAL_TIM_MspPostInit     0x0800443d    0x24  Code  Gb  stm32f1xx_hal_msp.o [1]
HAL_TIM_OC_DelayElapsedCallback
                        0x080050db     0x2  Code  Wk  stm32f1xx_hal_tim.o [1]
HAL_TIM_PWM_ConfigChannel
                        0x08004e49    0xe2  Code  Gb  stm32f1xx_hal_tim.o [1]
HAL_TIM_PWM_Init        0x08004a99    0x8e  Code  Gb  stm32f1xx_hal_tim.o [1]
HAL_TIM_PWM_MspInit     0x08004b27     0x2  Code  Wk  stm32f1xx_hal_tim.o [1]
HAL_TIM_PWM_PulseFinishedCallback
                        0x080050df     0x2  Code  Wk  stm32f1xx_hal_tim.o [1]
HAL_TIM_PWM_Start_DMA   0x08004b29   0x110  Code  Gb  stm32f1xx_hal_tim.o [1]
HAL_TIM_PWM_Stop_DMA    0x08004c39    0xa2  Code  Gb  stm32f1xx_hal_tim.o [1]
HAL_TIM_PeriodElapsedCallback
                        0x08005ab1     0xe  Code  Gb  main.o [1]
HAL_TIM_TriggerCallback
                        0x080050e1     0x2  Code  Wk  stm32f1xx_hal_tim.o [1]
HardFault_Handler       0x0800927f     0x2  Code  Gb  stm32f1xx_it.o [1]
IndexTable              0x080065e8    0x10  Data  Gb  SoundTask.o [1]
MSC_BOT_Abort           0x080075f1    0x4c  Code  Lc  usbd_msc_bot.o [1]
MSC_BOT_CBW_Decode      0x080074a5   0x112  Code  Lc  usbd_msc_bot.o [1]
MSC_BOT_CplClrFeature   0x0800763d    0x5e  Code  Gb  usbd_msc_bot.o [1]
MSC_BOT_DataIn          0x080073bb    0x7a  Code  Gb  usbd_msc_bot.o [1]
MSC_BOT_DataOut         0x08007435    0x70  Code  Gb  usbd_msc_bot.o [1]
MSC_BOT_DeInit          0x080073b1     0xa  Code  Gb  usbd_msc_bot.o [1]
MSC_BOT_Init            0x08007349    0x4e  Code  Gb  usbd_msc_bot.o [1]
MSC_BOT_Reset           0x08007397    0x1a  Code  Gb  usbd_msc_bot.o [1]
MSC_BOT_SendCSW         0x080075b7    0x3a  Code  Gb  usbd_msc_bot.o [1]
MSC_Mode_Sense10_data   0x080093a4     0x8  Data  Gb  usbd_msc_data.o [1]
MSC_Mode_Sense6_data    0x0800939c     0x8  Data  Gb  usbd_msc_data.o [1]
MSC_Page00_Inquiry_Data
                        0x08009394     0x8  Data  Gb  usbd_msc_data.o [1]
MX_FATFS_Init           0x08001df5    0x10  Code  Gb  fatfs.o [1]
MX_GPIO_Init            0x08005981    0xe8  Code  Lc  main.o [1]
MX_USB_DEVICE_Init      0x0800606d    0x38  Code  Gb  usb_device.o [1]
MainTask                0x080060a7    0x3c  Code  Gb  MainTask.o [1]
MainTaskHandle          0x20003f78     0x4  Data  Gb  main.o [1]
MainTaskInit            0x080060a5     0x2  Code  Gb  MainTask.o [1]
MemManage_Handler       0x08009281     0x2  Code  Gb  stm32f1xx_it.o [1]
NMI_Handler             0x0800927d     0x2  Code  Gb  stm32f1xx_it.o [1]
PCD_EP_ISR_Handler      0x08007b7d   0x3ae  Code  Lc  stm32f1xx_hal_pcd.o [1]
PendSV_Handler          0x0800334d          Code  Gb  portasm.o [1]
Region$$Table$$Base     0x08009330           --   Gb  - Linker created -
Region$$Table$$Limit    0x08009350           --   Gb  - Linker created -
SCSI_ProcessCmd         0x08007f61   0x34c  Code  Gb  usbd_msc_scsi.o [1]
SCSI_ProcessWrite       0x080086db    0xb8  Code  Lc  usbd_msc_scsi.o [1]
SCSI_Read10             0x08008411   0x182  Code  Lc  usbd_msc_scsi.o [1]
SCSI_ReadFormatCapacity
                        0x080082b9    0xa8  Code  Lc  usbd_msc_scsi.o [1]
SCSI_RequestSense       0x08008361    0x78  Code  Lc  usbd_msc_scsi.o [1]
SCSI_SenseCode          0x080083d9    0x38  Code  Gb  usbd_msc_scsi.o [1]
SCSI_Write10            0x08008593   0x148  Code  Lc  usbd_msc_scsi.o [1]
SD_Path                 0x20000020     0x4  Data  Gb  SoundTask.o [1]
SPIFlashBeginRead       0x08005e81    0x4e  Code  Gb  SPI_Flash.o [1]
SPIFlashBeginWrite      0x08005c59    0x7e  Code  Gb  SPI_Flash.o [1]
SPIFlashEndWrite        0x08005df1    0x5e  Code  Gb  SPI_Flash.o [1]
SPIFlashEraseSector     0x08005f0b    0x70  Code  Gb  SPI_Flash.o [1]
SPIFlashInit            0x08005bc5    0x94  Code  Gb  SPI_Flash.o [1]
SPIFlashReadArray       0x08005ecf    0x3c  Code  Gb  SPI_Flash.o [1]
SPIFlashWrite           0x08005cd7   0x11a  Code  Gb  SPI_Flash.o [1]
SPIFlashWriteArray      0x08005e4f    0x32  Code  Gb  SPI_Flash.o [1]
SPI_ISCRCErrorValid     0x08004171     0x4  Code  Gb  stm32f1xx_hal_spi_ex.o [1]
STORAGE_GetCapacity_FS  0x080091e5    0x10  Code  Lc  usbd_storage_if.o [1]
STORAGE_GetMaxLun_FS    0x08009239     0x4  Code  Lc  usbd_storage_if.o [1]
STORAGE_Init_FS         0x080091e1     0x4  Code  Lc  usbd_storage_if.o [1]
STORAGE_Inquirydata_FS  0x0800930c    0x24  Data  Gb  usbd_storage_if.o [1]
STORAGE_IsReady_FS      0x080091f5     0x4  Code  Lc  usbd_storage_if.o [1]
STORAGE_IsWriteProtected_FS
                        0x080091f9     0x4  Code  Lc  usbd_storage_if.o [1]
STORAGE_Read_FS         0x080091fd    0x16  Code  Lc  usbd_storage_if.o [1]
STORAGE_Write_FS        0x08009213    0x20  Code  Lc  usbd_storage_if.o [1]
SVC_Handler             0x0800339f          Code  Gb  portasm.o [1]
SoundTask               0x08006179   0x2be  Code  Gb  SoundTask.o [1]
SoundTask::n            0x2000001c     0x4  Data  Lc  SoundTask.o [1]
SoundTaskHandle         0x20003f7c     0x4  Data  Gb  main.o [1]
SoundTaskInit           0x08006105    0x74  Code  Gb  SoundTask.o [1]
StartGsmTask            0x08005aa5     0xc  Code  Gb  main.o [1]
StartMainTask           0x08005a69    0x1c  Code  Gb  main.o [1]
StartSound              0x08005a85    0x14  Code  Gb  main.o [1]
StartWiFiTask           0x08005a99     0xc  Code  Gb  main.o [1]
Stat                    0x20001198     0x1  Data  Lc  user_diskio.o [1]
StepSizeTable           0x080065f8   0x164  Data  Gb  SoundTask.o [1]
SysTick_Handler         0x08009289     0x4  Code  Gb  stm32f1xx_it.o [1]
SystemClock_Config      0x080058fb    0x86  Code  Gb  main.o [1]
SystemCoreClock         0x20001088     0x4  Data  Gb  system_stm32f1xx.o [1]
SystemInit              0x08009185    0x3a  Code  Gb  system_stm32f1xx.o [1]
TIM3_IRQHandler         0x080092a7     0x6  Code  Gb  stm32f1xx_it.o [1]
TIM_DMADelayPulseCplt   0x080050f9    0x3e  Code  Gb  stm32f1xx_hal_tim.o [1]
TIM_DMAError            0x080050e5    0x14  Code  Gb  stm32f1xx_hal_tim.o [1]
TIM_OC1_SetConfig       0x08005139    0x54  Code  Lc  stm32f1xx_hal_tim.o [1]
TIM_OC2_SetConfig       0x0800518d    0x5c  Code  Gb  stm32f1xx_hal_tim.o [1]
TIM_OC3_SetConfig       0x080051e9    0x54  Code  Lc  stm32f1xx_hal_tim.o [1]
TIM_OC4_SetConfig       0x0800523d    0x42  Code  Lc  stm32f1xx_hal_tim.o [1]
USBD_ClrClassConfig     0x080067c1    0x12  Code  Gb  usbd_core.o [1]
USBD_CtlContinueRx      0x08007301    0x14  Code  Gb  usbd_ioreq.o [1]
USBD_CtlContinueSendData
                        0x080072ed    0x14  Code  Gb  usbd_ioreq.o [1]
USBD_CtlError           0x0800721f    0x16  Code  Gb  usbd_ctlreq.o [1]
USBD_CtlReceiveStatus   0x0800732f    0x1a  Code  Gb  usbd_ioreq.o [1]
USBD_CtlSendData        0x080072cf    0x1e  Code  Gb  usbd_ioreq.o [1]
USBD_CtlSendStatus      0x08007315    0x1a  Code  Gb  usbd_ioreq.o [1]
USBD_FS_ConfigStrDescriptor
                        0x08009025    0x14  Code  Gb  usbd_desc.o [1]
USBD_FS_DeviceDesc      0x200010a8    0x14  Data  Gb  usbd_desc.o [1]
USBD_FS_DeviceDescriptor
                        0x08008fd9     0x8  Code  Gb  usbd_desc.o [1]
USBD_FS_InterfaceStrDescriptor
                        0x08009039    0x14  Code  Gb  usbd_desc.o [1]
USBD_FS_LangIDStrDescriptor
                        0x08008fe1     0x8  Code  Gb  usbd_desc.o [1]
USBD_FS_ManufacturerStrDescriptor
                        0x08008ffd    0x14  Code  Gb  usbd_desc.o [1]
USBD_FS_ProductStrDescriptor
                        0x08008fe9    0x14  Code  Gb  usbd_desc.o [1]
USBD_FS_SerialStrDescriptor
                        0x08009011    0x14  Code  Gb  usbd_desc.o [1]
USBD_GetDescriptor      0x080070d9   0x11e  Code  Lc  usbd_ctlreq.o [1]
USBD_GetString          0x08007235    0x9a  Code  Gb  usbd_ctlreq.o [1]
USBD_Init               0x0800675d    0x30  Code  Gb  usbd_core.o [1]
USBD_LL_ClearStallEP    0x08006d43    0x1a  Code  Gb  usbd_conf.o [1]
USBD_LL_CloseEP         0x08006cf5    0x1a  Code  Gb  usbd_conf.o [1]
USBD_LL_DataInStage     0x080068b1    0xae  Code  Gb  usbd_core.o [1]
USBD_LL_DataOutStage    0x0800683f    0x72  Code  Gb  usbd_core.o [1]
USBD_LL_FlushEP         0x08006d0f    0x1a  Code  Gb  usbd_conf.o [1]
USBD_LL_GetRxDataSize   0x08006dc5     0x8  Code  Gb  usbd_conf.o [1]
USBD_LL_Init            0x08006c45    0x72  Code  Gb  usbd_conf.o [1]
USBD_LL_IsStallEP       0x08006d5d    0x1a  Code  Gb  usbd_conf.o [1]
USBD_LL_OpenEP          0x08006cd1    0x24  Code  Gb  usbd_conf.o [1]
USBD_LL_PrepareReceive  0x08006dab    0x1a  Code  Gb  usbd_conf.o [1]
USBD_LL_Reset           0x0800695f    0x42  Code  Gb  usbd_core.o [1]
USBD_LL_Resume          0x080069b9     0xc  Code  Gb  usbd_core.o [1]
USBD_LL_SOF             0x080069c5    0x1e  Code  Gb  usbd_core.o [1]
USBD_LL_SetSpeed        0x080069a1     0x6  Code  Gb  usbd_core.o [1]
USBD_LL_SetUSBAddress   0x08006d77    0x1a  Code  Gb  usbd_conf.o [1]
USBD_LL_SetupStage      0x080067d3    0x6c  Code  Gb  usbd_core.o [1]
USBD_LL_StallEP         0x08006d29    0x1a  Code  Gb  usbd_conf.o [1]
USBD_LL_Start           0x08006cb7    0x1a  Code  Gb  usbd_conf.o [1]
USBD_LL_Suspend         0x080069a7    0x12  Code  Gb  usbd_core.o [1]
USBD_LL_Transmit        0x08006d91    0x1a  Code  Gb  usbd_conf.o [1]
USBD_LangIDDesc         0x200010bc     0x4  Data  Gb  usbd_desc.o [1]
USBD_MSC                0x200010c0    0x38  Data  Gb  usbd_msc.o [1]
USBD_MSC_CfgFSDesc      0x20001118    0x20  Data  Gb  usbd_msc.o [1]
USBD_MSC_CfgHSDesc      0x200010f8    0x20  Data  Gb  usbd_msc.o [1]
USBD_MSC_DataIn         0x08006b3f     0xe  Code  Gb  usbd_msc.o [1]
USBD_MSC_DataOut        0x08006b4d     0xe  Code  Gb  usbd_msc.o [1]
USBD_MSC_DeInit         0x08006a35    0x2c  Code  Gb  usbd_msc.o [1]
USBD_MSC_DeviceQualifierDesc
                        0x20001158     0xc  Data  Gb  usbd_msc.o [1]
USBD_MSC_GetDeviceQualifierDescriptor
                        0x08006b73     0x8  Code  Gb  usbd_msc.o [1]
USBD_MSC_GetFSCfgDesc   0x08006b63     0x8  Code  Gb  usbd_msc.o [1]
USBD_MSC_GetHSCfgDesc   0x08006b5b     0x8  Code  Gb  usbd_msc.o [1]
USBD_MSC_GetOtherSpeedCfgDesc
                        0x08006b6b     0x8  Code  Gb  usbd_msc.o [1]
USBD_MSC_Init           0x080069e5    0x50  Code  Gb  usbd_msc.o [1]
USBD_MSC_OtherSpeedCfgDesc
                        0x20001138    0x20  Data  Gb  usbd_msc.o [1]
USBD_MSC_RegisterStorage
                        0x08006b8d     0xa  Code  Gb  usbd_msc.o [1]
USBD_MSC_Setup          0x08006a61    0xde  Code  Gb  usbd_msc.o [1]
USBD_ParseSetupRequest  0x080071f7    0x28  Code  Gb  usbd_ctlreq.o [1]
USBD_RegisterClass      0x0800678d    0x10  Code  Gb  usbd_core.o [1]
USBD_SetClassConfig     0x080067ab    0x16  Code  Gb  usbd_core.o [1]
USBD_SetConfig::cfgidx  0x200040f1     0x1  Data  Lc  usbd_ctlreq.o [1]
USBD_Start              0x0800679d     0xe  Code  Gb  usbd_core.o [1]
USBD_StdDevReq          0x08006e1d   0x160  Code  Gb  usbd_ctlreq.o [1]
USBD_StdEPReq           0x08006fc9   0x10e  Code  Gb  usbd_ctlreq.o [1]
USBD_StdItfReq          0x08006f81    0x46  Code  Gb  usbd_ctlreq.o [1]
USBD_Storage_Interface_fops_FS
                        0x20001164    0x20  Data  Gb  usbd_storage_if.o [1]
USBD_StrDesc            0x20003f90    0x80  Data  Gb  usbd_desc.o [1]
USBD_static_free        0x08006de9     0x2  Code  Gb  usbd_conf.o [1]
USBD_static_malloc      0x08006dcd     0x4  Code  Gb  usbd_conf.o [1]
USBD_static_malloc::mem
                        0x200019a0  0x1070  Data  Lc  usbd_conf.o [1]
USB_ActivateEndpoint    0x080087e9   0x26a  Code  Gb  stm32f1xx_ll_usb.o [1]
USB_CoreInit            0x08008795     0x8  Code  Gb  stm32f1xx_ll_usb.o [1]
USB_DeactivateEndpoint  0x08008a53   0x162  Code  Gb  stm32f1xx_ll_usb.o [1]
USB_DevConnect          0x08008f09     0x4  Code  Gb  stm32f1xx_ll_usb.o [1]
USB_DevDisconnect       0x08008f0d     0x4  Code  Gb  stm32f1xx_ll_usb.o [1]
USB_DevInit             0x080087c3    0x1c  Code  Gb  stm32f1xx_ll_usb.o [1]
USB_DisableGlobalInt    0x080087ad    0x12  Code  Gb  stm32f1xx_ll_usb.o [1]
USB_EP0_OutStart        0x08008f17     0x4  Code  Gb  stm32f1xx_ll_usb.o [1]
USB_EPClearStall        0x08008e87    0x76  Code  Gb  stm32f1xx_ll_usb.o [1]
USB_EPSetStall          0x08008e35    0x52  Code  Gb  stm32f1xx_ll_usb.o [1]
USB_EPStartXfer         0x08008bb5   0x280  Code  Gb  stm32f1xx_ll_usb.o [1]
USB_EnableGlobalInt     0x0800879d    0x10  Code  Gb  stm32f1xx_ll_usb.o [1]
USB_FlushRxFifo         0x080087e3     0x4  Code  Gb  stm32f1xx_ll_usb.o [1]
USB_FlushTxFifo         0x080087df     0x4  Code  Gb  stm32f1xx_ll_usb.o [1]
USB_LP_CAN1_RX0_IRQHandler
                        0x080092a1     0x6  Code  Gb  stm32f1xx_it.o [1]
USB_ReadInterrupts      0x08008f11     0x6  Code  Gb  stm32f1xx_ll_usb.o [1]
USB_ReadPMA             0x08008f8d    0x4a  Code  Gb  stm32f1xx_ll_usb.o [1]
USB_SetCurrentMode      0x080087bf     0x4  Code  Gb  stm32f1xx_ll_usb.o [1]
USB_SetDevAddress       0x08008efd     0xc  Code  Gb  stm32f1xx_ll_usb.o [1]
USB_WritePMA            0x08008f1b    0x6e  Code  Gb  stm32f1xx_ll_usb.o [1]
USER_Driver             0x20001184    0x14  Data  Gb  user_diskio.o [1]
USER_Path               0x200040e8     0x4  Data  Gb  fatfs.o [1]
USER_initialize         0x08009121     0xa  Code  Gb  user_diskio.o [1]
USER_ioctl              0x08009181     0x4  Code  Gb  user_diskio.o [1]
USER_read               0x08009139    0x24  Code  Gb  user_diskio.o [1]
USER_status             0x0800912b     0xa  Code  Gb  user_diskio.o [1]
USER_write              0x0800915d    0x24  Code  Gb  user_diskio.o [1]
UsageFault_Handler      0x08009285     0x2  Code  Gb  stm32f1xx_it.o [1]
WiFiTaskHandle          0x20003f80     0x4  Data  Gb  main.o [1]
_Error_Handler          0x08005ae9     0x2  Code  Gb  main.o [1]
__aeabi_memclr          0x08001d39          Code  Gb  ABImemclr.o [4]
__aeabi_memset          0x08001d41          Code  Gb  ABImemset.o [4]
__aeabi_memset4         0x080035c9          Code  Gb  ABImemset48.o [4]
__aeabi_memset8         0x080035c9          Code  Gb  ABImemset48.o [4]
__cmain                 0x08009351          Code  Gb  cmain.o [4]
__exit                  0x08009381    0x14  Code  Gb  exit.o [5]
__iar_Memset            0x08001d41          Code  Gb  ABImemset.o [4]
__iar_Memset4_word      0x080035d1          Code  Gb  ABImemset48.o [4]
__iar_Memset8_word      0x080035d1          Code  Gb  ABImemset48.o [4]
__iar_Memset_word       0x08001d49          Code  Gb  ABImemset.o [4]
__iar_data_init3        0x080092e5    0x28  Code  Gb  data_init.o [4]
__iar_lz77_init_single3
                        0x080090a9    0x78  Code  Gb  lz77_init_single.o [4]
__iar_program_start     0x080093bd          Code  Gb  cstartup_M.o [4]
__iar_unaligned___aeabi_memcpy
                        0x080036b9          Code  Gb  ABImemcpy_unaligned.o [4]
__iar_unaligned___aeabi_memcpy4
                        0x080036d9          Code  Gb  ABImemcpy_unaligned.o [4]
__iar_unaligned___aeabi_memcpy8
                        0x080036d9          Code  Gb  ABImemcpy_unaligned.o [4]
__iar_zero_init3        0x0800923d    0x40  Code  Gb  zero_init3.o [4]
__low_level_init        0x0800936b     0x4  Code  Gb  low_level_init.o [3]
__vector_table          0x08000000          Data  Gb  startup_stm32f103xb.o [1]
_call_main              0x0800935d          Code  Gb  cmain.o [4]
_exit                   0x08009375          Code  Gb  cexit.o [4]
_main                   0x08009367          Code  Gb  cmain.o [4]
create_chain            0x08000579   0x22c  Code  Lc  ff.o [1]
create_name             0x08000a3d   0x130  Code  Lc  ff.o [1]
dir_register            0x080007a9   0x292  Code  Lc  ff.o [1]
disk                    0x200040d8     0xc  Data  Gb  ff_gen_drv.o [1]
disk_initialize         0x08001cc7    0x1e  Code  Gb  diskio.o [1]
disk_ioctl              0x08001d19    0x1a  Code  Gb  diskio.o [1]
disk_read               0x08001ce5    0x1a  Code  Gb  diskio.o [1]
disk_status             0x08001cb5    0x12  Code  Gb  diskio.o [1]
disk_write              0x08001cff    0x1a  Code  Gb  diskio.o [1]
doPlayingSemHandle      0x20003f8c     0x4  Data  Gb  main.o [1]
dwCurrentAddr           0x20001084     0x4  Data  Gb  SPI_Flash.o [1]
exit                    0x0800936f     0x4  Code  Gb  exit.o [3]
f                       0x20001058    0x28  Data  Gb  SoundTask.o [1]
f_close                 0x08001c1d    0x94  Code  Gb  ff.o [1]
f_mount                 0x0800139b    0xe4  Code  Gb  ff.o [1]
f_open                  0x0800147f   0x43a  Code  Gb  ff.o [1]
f_read                  0x080018c9   0x242  Code  Gb  ff.o [1]
f_sync                  0x08001b0d   0x110  Code  Gb  ff.o [1]
ff_cre_syncobj          0x08001da9    0x20  Code  Gb  syscall.o [1]
ff_del_syncobj          0x08001dc9     0xe  Code  Gb  syscall.o [1]
ff_rel_grant            0x08001deb     0x4  Code  Gb  syscall.o [1]
ff_req_grant            0x08001dd7    0x14  Code  Gb  syscall.o [1]
fileSystem              0x20000024  0x1034  Data  Gb  SoundTask.o [1]
find_volume             0x08000f25   0x476  Code  Lc  ff.o [1]
follow_path             0x08000bfd   0x2a8  Code  Lc  ff.o [1]
get_fat                 0x08000267   0x174  Code  Gb  ff.o [1]
get_fattime             0x08001e0d     0x4  Code  Gb  fatfs.o [1]
get_ldnumber            0x08000ea5    0x80  Code  Lc  ff.o [1]
hUsbDeviceFS            0x20003b90   0x224  Data  Gb  usb_device.o [1]
hcrc                    0x20003f70     0x8  Data  Gb  main.o [1]
hdma_tim2_ch1           0x2000408c    0x38  Data  Gb  main.o [1]
hpcd_USB_FS             0x20003770   0x420  Data  Gb  usbd_conf.o [1]
hspi                    0x20001080     0x4  Data  Gb  SPI_Flash.o [1]
hspi1                   0x20003edc    0x58  Data  Gb  main.o [1]
htim2                   0x20003f34    0x3c  Data  Gb  main.o [1]
htim3                   0x20004050    0x3c  Data  Gb  stm32f1xx_hal_timebase_TIM.o [1]
inc_lock                0x080000ed    0x4e  Code  Lc  ff.o [1]
index                   0x2000000c     0x1  Data  Gb  SoundTask.o [1]
main                    0x0800577d   0x17e  Code  Gb  main.o [1]
osDelay                 0x08001e55    0x12  Code  Gb  cmsis_os.o [1]
osKernelStart           0x08001e11     0xe  Code  Gb  cmsis_os.o [1]
osSemaphoreCreate       0x08001e67    0x26  Code  Gb  cmsis_os.o [1]
osSemaphoreDelete       0x08001f25    0x1a  Code  Gb  cmsis_os.o [1]
osSemaphoreRelease      0x08001ee3    0x42  Code  Gb  cmsis_os.o [1]
osSemaphoreWait         0x08001e8d    0x56  Code  Gb  cmsis_os.o [1]
osSystickHandler        0x08001f3f    0x1a  Code  Gb  cmsis_os.o [1]
osThreadCreate          0x08001e1f    0x36  Code  Gb  cmsis_os.o [1]
overflow                0x20000014     0x4  Data  Gb  SoundTask.o [1]
playSound               0x08006437    0x7e  Code  Gb  SoundTask.o [1]
predsample              0x20000018     0x4  Data  Gb  SoundTask.o [1]
prvCopyDataFromQueue    0x080030d1    0x2c  Code  Lc  queue.o [1]
prvCopyDataToQueue      0x08003063    0x6e  Code  Lc  queue.o [1]
prvIdleTask             0x08002911    0x66  Code  Lc  tasks.o [1]
prvInsertBlockIntoFreeList
                        0x0800355f    0x64  Code  Lc  heap_4.o [1]
prvTaskExitError        0x08003185    0x1a  Code  Lc  port.o [1]
prvUnlockQueue          0x080030fd    0x68  Code  Lc  queue.o [1]
put_fat                 0x080003db   0x19e  Code  Gb  ff.o [1]
pvPortMalloc            0x080033e1   0x12c  Code  Gb  heap_4.o [1]
pvTaskIncrementMutexHeldCount
                        0x08002abb    0x1a  Code  Gb  tasks.o [1]
pxCurrentTCB            0x20003e68     0x4  Data  Gb  tasks.o [1]
pxDelayedTaskList       0x20003e6c     0x4  Data  Lc  tasks.o [1]
pxEnd                   0x20002a18     0x4  Data  Lc  heap_4.o [1]
pxOverflowDelayedTaskList
                        0x20003e70     0x4  Data  Lc  tasks.o [1]
pxPortInitialiseStack   0x08003169    0x1c  Code  Gb  port.o [1]
pxReadyTasksLists       0x20003ddc    0x8c  Data  Lc  tasks.o [1]
retUSER                 0x200040e4     0x1  Data  Gb  fatfs.o [1]
shutUp                  0x080064b5    0x2e  Code  Gb  SoundTask.o [1]
sound_IRQ_DMA           0x080064e3    0x22  Code  Gb  SoundTask.o [1]
sync_fs                 0x080001ad    0xba  Code  Lc  ff.o [1]
sync_window             0x08000141    0x6c  Code  Lc  ff.o [1]
uCRCErrorWorkaroundCheck
                        0x200040f0     0x1  Data  Gb  stm32f1xx_hal_spi_ex.o [1]
ucHeap                  0x20002a28   0xd48  Data  Lc  heap_4.o [1]
ucMaxSysCallPriority    0x20000000     0x1  Data  Lc  port.o [1]
ulMaxPRIGROUPValue      0x20000008     0x4  Data  Lc  port.o [1]
ulPortSetInterruptMask  0x0800338b          Code  Gb  portasm.o [1]
uwTick                  0x200040ec     0x4  Data  Lc  stm32f1xx_hal.o [1]
uxCriticalNesting       0x20000004     0x4  Data  Lc  port.o [1]
uxCurrentNumberOfTasks  0x20003e8c     0x4  Data  Lc  tasks.o [1]
uxListRemove            0x08003693    0x24  Code  Gb  list.o [1]
uxPendedTicks           0x20003e9c     0x4  Data  Lc  tasks.o [1]
uxSchedulerSuspended    0x20003eb0     0x4  Data  Lc  tasks.o [1]
uxTaskNumber            0x20003ea8     0x4  Data  Lc  tasks.o [1]
uxTasksDeleted          0x20003e74     0x4  Data  Lc  tasks.o [1]
uxTopReadyPriority      0x20003e94     0x4  Data  Lc  tasks.o [1]
vApplicationStackOverflowHook
                        0x080036b7     0x2  Code  Wk  freertos.o [1]
vListInitialise         0x08003603    0x1a  Code  Gb  list.o [1]
vListInitialiseItem     0x0800361d     0x6  Code  Gb  list.o [1]
vListInsert             0x0800363b    0x58  Code  Gb  list.o [1]
vListInsertEnd          0x08003623    0x18  Code  Gb  list.o [1]
vPortClearInterruptMask
                        0x08003399          Code  Gb  portasm.o [1]
vPortEnterCritical      0x08003265    0x2e  Code  Gb  port.o [1]
vPortExitCritical       0x08003293    0x26  Code  Gb  port.o [1]
vPortFree               0x0800350d    0x52  Code  Gb  heap_4.o [1]
vPortSetupTimerInterrupt
                        0x080032db    0x18  Code  Wk  port.o [1]
vPortStartFirstTask     0x080033bf          Code  Gb  portasm.o [1]
vPortValidateInterruptPriority
                        0x080032f5    0x36  Code  Gb  port.o [1]
vPortYield              0x08003253    0x12  Code  Gb  port.o [1]
vQueueDelete            0x08003005    0x5e  Code  Gb  queue.o [1]
vTaskDelay              0x08002199    0x98  Code  Gb  tasks.o [1]
vTaskMissedYield        0x08002905     0xa  Code  Gb  tasks.o [1]
vTaskPlaceOnEventList   0x08002783    0x9a  Code  Gb  tasks.o [1]
vTaskPriorityInherit    0x08002995    0x9a  Code  Gb  tasks.o [1]
vTaskResume             0x080022f9    0x74  Code  Gb  tasks.o [1]
vTaskSetTimeOutState    0x08002885    0x1e  Code  Gb  tasks.o [1]
vTaskStartScheduler     0x0800236d   0x1c0  Code  Gb  tasks.o [1]
vTaskSuspend            0x08002231    0xc8  Code  Gb  tasks.o [1]
vTaskSuspendAll         0x0800252d    0x10  Code  Gb  tasks.o [1]
vTaskSwitchContext      0x080026fb    0x88  Code  Gb  tasks.o [1]
xBlockAllocatedBit      0x20002a24     0x4  Data  Lc  heap_4.o [1]
xDelayedTaskList1       0x20003eb4    0x14  Data  Lc  tasks.o [1]
xDelayedTaskList2       0x20003ec8    0x14  Data  Lc  tasks.o [1]
xFreeBytesRemaining     0x20002a1c     0x4  Data  Lc  heap_4.o [1]
xMinimumEverFreeBytesRemaining
                        0x20002a20     0x4  Data  Lc  heap_4.o [1]
xNextTaskUnblockTime    0x20003eac     0x4  Data  Lc  tasks.o [1]
xNumOfOverflows         0x20003ea4     0x4  Data  Lc  tasks.o [1]
xPendingReadyList       0x20003db4    0x14  Data  Lc  tasks.o [1]
xPortStartScheduler     0x080031a1    0xb2  Code  Gb  port.o [1]
xPortSysTickHandler     0x080032b9    0x22  Code  Gb  port.o [1]
xQueueGenericCreate     0x08002ae1    0x80  Code  Gb  queue.o [1]
xQueueGenericReceive    0x08002da9   0x1e6  Code  Gb  queue.o [1]
xQueueGenericSend       0x08002b61   0x1ce  Code  Gb  queue.o [1]
xQueueGiveFromISR       0x08002d2f    0x78  Code  Gb  queue.o [1]
xQueueReceiveFromISR    0x08002f8f    0x76  Code  Gb  queue.o [1]
xQueueRegistry          0x20004010    0x40  Data  Gb  queue.o [1]
xSchedulerRunning       0x20003e98     0x4  Data  Lc  tasks.o [1]
xStart                  0x20002a10     0x8  Data  Lc  heap_4.o [1]
xSuspendedTaskList      0x20003e78    0x14  Data  Lc  tasks.o [1]
xTaskCheckForTimeOut    0x080028a3    0x62  Code  Gb  tasks.o [1]
xTaskGenericCreate      0x08001fa5   0x1f4  Code  Gb  tasks.o [1]
xTaskGetSchedulerState  0x08002977    0x1a  Code  Gb  tasks.o [1]
xTaskIncrementTick      0x080025f9   0x102  Code  Gb  tasks.o [1]
xTaskPriorityDisinherit
                        0x08002a2f    0x8c  Code  Gb  tasks.o [1]
xTaskRemoveFromEventList
                        0x0800281d    0x68  Code  Gb  tasks.o [1]
xTaskResumeAll          0x0800253d    0xbc  Code  Gb  tasks.o [1]
xTasksWaitingTermination
                        0x20003dc8    0x14  Data  Lc  tasks.o [1]
xTickCount              0x20003e90     0x4  Data  Lc  tasks.o [1]
xYieldPending           0x20003ea0     0x4  Data  Lc  tasks.o [1]


[1] = D:\Work\old\Sound\src\sound103\EWARM\sound103\Obj
[2] = command line
[3] = dl7M_tlf.a
[4] = rt7M_tl.a
[5] = shb_l.a

  37 856 bytes of readonly  code memory
     407 bytes of readonly  data memory
  16 619 bytes of readwrite data memory

Errors: none
Warnings: none
