###############################################################################
#
# IAR ELF Linker V7.60.1.11101/W32 for ARM                14/Aug/2017  17:33:56
# Copyright 2007-2016 IAR Systems AB.
#
#    Output file  =  
#        D:\Work\old\Sound\src\sound103\EWARM\sound103\Exe\sound103.out
#    Map file     =  
#        D:\Work\old\Sound\src\sound103\EWARM\sound103\List\sound103.map
#    Command line =  
#        D:\Work\old\Sound\src\sound103\EWARM\sound103\Obj\cmsis_os.o
#        D:\Work\old\Sound\src\sound103\EWARM\sound103\Obj\croutine.o
#        D:\Work\old\Sound\src\sound103\EWARM\sound103\Obj\diskio.o
#        D:\Work\old\Sound\src\sound103\EWARM\sound103\Obj\event_groups.o
#        D:\Work\old\Sound\src\sound103\EWARM\sound103\Obj\fatfs.o
#        D:\Work\old\Sound\src\sound103\EWARM\sound103\Obj\ff.o
#        D:\Work\old\Sound\src\sound103\EWARM\sound103\Obj\ff_gen_drv.o
#        D:\Work\old\Sound\src\sound103\EWARM\sound103\Obj\freertos.o
#        D:\Work\old\Sound\src\sound103\EWARM\sound103\Obj\GsmTask.o
#        D:\Work\old\Sound\src\sound103\EWARM\sound103\Obj\heap_4.o
#        D:\Work\old\Sound\src\sound103\EWARM\sound103\Obj\list.o
#        D:\Work\old\Sound\src\sound103\EWARM\sound103\Obj\main.o
#        D:\Work\old\Sound\src\sound103\EWARM\sound103\Obj\MainTask.o
#        D:\Work\old\Sound\src\sound103\EWARM\sound103\Obj\port.o
#        D:\Work\old\Sound\src\sound103\EWARM\sound103\Obj\portasm.o
#        D:\Work\old\Sound\src\sound103\EWARM\sound103\Obj\queue.o
#        D:\Work\old\Sound\src\sound103\EWARM\sound103\Obj\SoundTask.o
#        D:\Work\old\Sound\src\sound103\EWARM\sound103\Obj\SPI_Flash.o
#        D:\Work\old\Sound\src\sound103\EWARM\sound103\Obj\startup_stm32f103xb.o
#        D:\Work\old\Sound\src\sound103\EWARM\sound103\Obj\stm32f1xx_hal.o
#        D:\Work\old\Sound\src\sound103\EWARM\sound103\Obj\stm32f1xx_hal_cortex.o
#        D:\Work\old\Sound\src\sound103\EWARM\sound103\Obj\stm32f1xx_hal_crc.o
#        D:\Work\old\Sound\src\sound103\EWARM\sound103\Obj\stm32f1xx_hal_dma.o
#        D:\Work\old\Sound\src\sound103\EWARM\sound103\Obj\stm32f1xx_hal_flash.o
#        D:\Work\old\Sound\src\sound103\EWARM\sound103\Obj\stm32f1xx_hal_flash_ex.o
#        D:\Work\old\Sound\src\sound103\EWARM\sound103\Obj\stm32f1xx_hal_gpio.o
#        D:\Work\old\Sound\src\sound103\EWARM\sound103\Obj\stm32f1xx_hal_gpio_ex.o
#        D:\Work\old\Sound\src\sound103\EWARM\sound103\Obj\stm32f1xx_hal_msp.o
#        D:\Work\old\Sound\src\sound103\EWARM\sound103\Obj\stm32f1xx_hal_pcd.o
#        D:\Work\old\Sound\src\sound103\EWARM\sound103\Obj\stm32f1xx_hal_pcd_ex.o
#        D:\Work\old\Sound\src\sound103\EWARM\sound103\Obj\stm32f1xx_hal_pwr.o
#        D:\Work\old\Sound\src\sound103\EWARM\sound103\Obj\stm32f1xx_hal_rcc.o
#        D:\Work\old\Sound\src\sound103\EWARM\sound103\Obj\stm32f1xx_hal_rcc_ex.o
#        D:\Work\old\Sound\src\sound103\EWARM\sound103\Obj\stm32f1xx_hal_spi.o
#        D:\Work\old\Sound\src\sound103\EWARM\sound103\Obj\stm32f1xx_hal_spi_ex.o
#        D:\Work\old\Sound\src\sound103\EWARM\sound103\Obj\stm32f1xx_hal_tim.o
#        D:\Work\old\Sound\src\sound103\EWARM\sound103\Obj\stm32f1xx_hal_tim_ex.o
#        D:\Work\old\Sound\src\sound103\EWARM\sound103\Obj\stm32f1xx_hal_timebase_TIM.o
#        D:\Work\old\Sound\src\sound103\EWARM\sound103\Obj\stm32f1xx_it.o
#        D:\Work\old\Sound\src\sound103\EWARM\sound103\Obj\stm32f1xx_ll_usb.o
#        D:\Work\old\Sound\src\sound103\EWARM\sound103\Obj\syscall.o
#        D:\Work\old\Sound\src\sound103\EWARM\sound103\Obj\system_stm32f1xx.o
#        D:\Work\old\Sound\src\sound103\EWARM\sound103\Obj\tasks.o
#        D:\Work\old\Sound\src\sound103\EWARM\sound103\Obj\timers.o
#        D:\Work\old\Sound\src\sound103\EWARM\sound103\Obj\usb_device.o
#        D:\Work\old\Sound\src\sound103\EWARM\sound103\Obj\usbd_conf.o
#        D:\Work\old\Sound\src\sound103\EWARM\sound103\Obj\usbd_core.o
#        D:\Work\old\Sound\src\sound103\EWARM\sound103\Obj\usbd_ctlreq.o
#        D:\Work\old\Sound\src\sound103\EWARM\sound103\Obj\usbd_desc.o
#        D:\Work\old\Sound\src\sound103\EWARM\sound103\Obj\usbd_ioreq.o
#        D:\Work\old\Sound\src\sound103\EWARM\sound103\Obj\usbd_msc.o
#        D:\Work\old\Sound\src\sound103\EWARM\sound103\Obj\usbd_msc_bot.o
#        D:\Work\old\Sound\src\sound103\EWARM\sound103\Obj\usbd_msc_data.o
#        D:\Work\old\Sound\src\sound103\EWARM\sound103\Obj\usbd_msc_scsi.o
#        D:\Work\old\Sound\src\sound103\EWARM\sound103\Obj\usbd_storage_if.o
#        D:\Work\old\Sound\src\sound103\EWARM\sound103\Obj\user_diskio.o
#        D:\Work\old\Sound\src\sound103\EWARM\sound103\Obj\WiFiTask.o
#        --redirect _Printf=_PrintfFull --redirect _Scanf=_ScanfFull -o
#        D:\Work\old\Sound\src\sound103\EWARM\sound103\Exe\sound103.out --map
#        D:\Work\old\Sound\src\sound103\EWARM\sound103\List\sound103.map
#        --config D:\Work\old\Sound\src\sound103\EWARM/stm32f103xb_flash.icf
#        --semihosting --entry __iar_program_start --vfe
#
###############################################################################

*******************************************************************************
*** RUNTIME MODEL ATTRIBUTES
***

CppFlavor       = *
__SystemLibrary = DLib


*******************************************************************************
*** PLACEMENT SUMMARY
***

"A1":  place at 0x08000000 { ro section .intvec };
"P1":  place in [from 0x08000000 to 0x0801ffff] { ro };
"P2":  place in [from 0x20000000 to 0x20004fff] { rw, block CSTACK, block HEAP };
initialize by copy { rw };

  Section            Kind        Address    Size  Object
  -------            ----        -------    ----  ------
"A1":                                       0xec
  .intvec            ro code  0x08000000    0xec  startup_stm32f103xb.o [1]
                            - 0x080000ec    0xec

"P1":                                     0xa122
  .text              ro code  0x080000ec  0x1750  ff.o [1]
  .text              ro code  0x0800183c    0x62  syscall.o [1]
  .rodata            const    0x0800189e     0x2  SPI_Flash.o [1]
  .text              ro code  0x080018a0    0xcc  diskio.o [1]
  .text              ro code  0x0800196c    0x20  fatfs.o [1]
  .text              ro code  0x0800198c   0x1ac  cmsis_os.o [1]
  .text              ro code  0x08001b38    0x70  ff_gen_drv.o [1]
  .text              ro code  0x08001ba8   0xa9c  tasks.o [1]
  .text              ro code  0x08002644   0x6d0  queue.o [1]
  .text              ro code  0x08002d14   0x1cc  port.o [1]
  CODE               ro code  0x08002ee0    0x94  portasm.o [1]
  .text              ro code  0x08002f74    0x9e  list.o [1]
  .text              ro code  0x08003012     0x2  freertos.o [1]
  .text              ro code  0x08003014   0x250  heap_4.o [1]
  .text              ro code  0x08003264    0x66  ABImemset.o [4]
  .rodata            const    0x080032ca     0x2  stm32f1xx_hal_rcc.o [1]
  .text              ro code  0x080032cc    0x76  ABImemcpy_unaligned.o [4]
  .text              ro code  0x08003342   0xa5a  stm32f1xx_ll_usb.o [1]
  .text              ro code  0x08003d9c   0xa54  stm32f1xx_hal_rcc.o [1]
  .text              ro code  0x080047f0    0x58  stm32f1xx_hal.o [1]
  .text              ro code  0x08004848    0x94  stm32f1xx_hal_timebase_TIM.o [1]
  .text              ro code  0x080048dc   0x188  stm32f1xx_hal_cortex.o [1]
  .text              ro code  0x08004a64   0x1d0  stm32f1xx_hal_msp.o [1]
  .text              ro code  0x08004c34   0x8a4  stm32f1xx_hal_tim.o [1]
  .text              ro code  0x080054d8   0x318  stm32f1xx_hal_gpio.o [1]
  .text              ro code  0x080057f0   0x3ca  stm32f1xx_hal_dma.o [1]
  .text              ro code  0x08005bbc   0x45a  main.o [1]
  .text              ro code  0x08006018    0x64  stm32f1xx_hal_tim_ex.o [1]
  .text              ro code  0x0800607c   0x2e8  SPI_Flash.o [1]
  .text              ro code  0x08006364   0x148  stm32f1xx_hal_rcc_ex.o [1]
  .text              ro code  0x080064ac    0x24  stm32f1xx_hal_crc.o [1]
  .text              ro code  0x080064d0    0x9a  stm32f1xx_hal_spi_ex.o [1]
  .text              ro code  0x0800656c    0x34  usb_device.o [1]
  .text              ro code  0x080065a0     0xe  MainTask.o [1]
  .text              ro code  0x080065b0   0x37c  SoundTask.o [1]
  .text              ro code  0x0800692c   0x870  stm32f1xx_hal_spi.o [1]
  .text              ro code  0x0800719c   0x328  usbd_core.o [1]
  .text              ro code  0x080074c4   0x236  usbd_msc.o [1]
  .text              ro code  0x080076fc   0x4f8  usbd_conf.o [1]
  .text              ro code  0x08007bf4   0x66a  usbd_ctlreq.o [1]
  .text              ro code  0x0800825e    0x90  usbd_ioreq.o [1]
  .text              ro code  0x080082f0   0x2f4  usbd_msc_bot.o [1]
  .text              ro code  0x080085e4   0x9da  stm32f1xx_hal_pcd.o [1]
  .text              ro code  0x08008fbe    0x48  stm32f1xx_hal_pcd_ex.o [1]
  .text              ro code  0x08009008   0x8a2  usbd_msc_scsi.o [1]
  .rodata            const    0x080098ac   0x164  SoundTask.o [1]
  .text              ro code  0x08009a10    0xe0  usbd_desc.o [1]
  .text              ro code  0x08009af0    0x94  user_diskio.o [1]
  .text              ro code  0x08009b84    0x84  usbd_storage_if.o [1]
  .rodata            const    0x08009c08    0x80  ff.o [1]
  .text              ro code  0x08009c88    0x78  lz77_init_single.o [4]
  .text              ro code  0x08009d00    0x68  system_stm32f1xx.o [1]
  .text              ro code  0x08009d68    0x44  stm32f1xx_it.o [1]
  .text              ro code  0x08009dac    0x40  zero_init3.o [4]
  .rodata            const    0x08009dec    0x38  stm32f1xx_hal_msp.o [1]
  .rodata            const    0x08009e24    0x30  usbd_conf.o [1]
  .rodata            const    0x08009e54    0x2c  main.o [1]
  .text              ro code  0x08009e80    0x28  data_init.o [4]
  .rodata            const    0x08009ea8    0x24  usbd_storage_if.o [1]
  .iar.init_table    const    0x08009ecc    0x20  - Linker created -
  .text              ro code  0x08009eec    0x1a  cmain.o [4]
  .text              ro code  0x08009f06     0x4  low_level_init.o [3]
  .text              ro code  0x08009f0a     0x4  exit.o [3]
  .text              ro code  0x08009f10     0xa  cexit.o [4]
  .text              ro code  0x08009f1c    0x14  exit.o [5]
  .rodata            const    0x08009f30    0x14  main.o [1]
  .rodata            const    0x08009f44    0x14  main.o [1]
  .rodata            const    0x08009f58    0x14  main.o [1]
  .rodata            const    0x08009f6c    0x14  main.o [1]
  .rodata            const    0x08009f80    0x14  usbd_desc.o [1]
  .rodata            const    0x08009f94    0x10  ff.o [1]
  .rodata            const    0x08009fa4    0x10  SoundTask.o [1]
  .rodata            const    0x08009fb4    0x10  stm32f1xx_hal_rcc.o [1]
  .rodata            const    0x08009fc4    0x10  system_stm32f1xx.o [1]
  .rodata            const    0x08009fd4    0x10  usbd_desc.o [1]
  .rodata            const    0x08009fe4    0x10  usbd_desc.o [1]
  .rodata            const    0x08009ff4    0x10  usbd_desc.o [1]
  .text              ro code  0x0800a004    0x10  startup_stm32f103xb.o [1]
  .rodata            const    0x0800a014     0xc  main.o [1]
  .rodata            const    0x0800a020     0xc  main.o [1]
  .rodata            const    0x0800a02c     0xc  main.o [1]
  .rodata            const    0x0800a038     0xc  SoundTask.o [1]
  .rodata            const    0x0800a044     0xc  usbd_desc.o [1]
  .text              ro code  0x0800a050     0xc  cstartup_M.o [4]
  .rodata            const    0x0800a05c     0x8  main.o [1]
  .rodata            const    0x0800a064     0x8  system_stm32f1xx.o [1]
  .rodata            const    0x0800a06c     0x8  tasks.o [1]
  .rodata            const    0x0800a074     0x8  usbd_msc_data.o [1]
  .rodata            const    0x0800a07c     0x8  usbd_msc_data.o [1]
  .rodata            const    0x0800a084     0x8  usbd_msc_data.o [1]
  .rodata            const    0x0800a08c     0x4  heap_4.o [1]
  .rodata            const    0x0800a090     0x4  main.o [1]
  .rodata            const    0x0800a094     0x4  port.o [1]
  .rodata            const    0x0800a098     0x4  SPI_Flash.o [1]
  .rodata            const    0x0800a09c     0x4  SPI_Flash.o [1]
  .rodata            const    0x0800a0a0     0x4  SPI_Flash.o [1]
  .rodata            const    0x0800a0a4     0x4  syscall.o [1]
  .text              ro code  0x0800a0a8     0x4  startup_stm32f103xb.o [1]
  .text              ro code  0x0800a0ac     0x4  startup_stm32f103xb.o [1]
  .text              ro code  0x0800a0b0     0x4  startup_stm32f103xb.o [1]
  .text              ro code  0x0800a0b4     0x4  startup_stm32f103xb.o [1]
  .text              ro code  0x0800a0b8     0x4  startup_stm32f103xb.o [1]
  .text              ro code  0x0800a0bc     0x4  startup_stm32f103xb.o [1]
  .text              ro code  0x0800a0c0     0x4  startup_stm32f103xb.o [1]
  .text              ro code  0x0800a0c4     0x4  startup_stm32f103xb.o [1]
  .text              ro code  0x0800a0c8     0x4  startup_stm32f103xb.o [1]
  .text              ro code  0x0800a0cc     0x4  startup_stm32f103xb.o [1]
  .text              ro code  0x0800a0d0     0x4  startup_stm32f103xb.o [1]
  .text              ro code  0x0800a0d4     0x4  startup_stm32f103xb.o [1]
  .text              ro code  0x0800a0d8     0x4  startup_stm32f103xb.o [1]
  .text              ro code  0x0800a0dc     0x4  startup_stm32f103xb.o [1]
  .text              ro code  0x0800a0e0     0x4  startup_stm32f103xb.o [1]
  .text              ro code  0x0800a0e4     0x4  startup_stm32f103xb.o [1]
  .text              ro code  0x0800a0e8     0x4  startup_stm32f103xb.o [1]
  .text              ro code  0x0800a0ec     0x4  startup_stm32f103xb.o [1]
  .text              ro code  0x0800a0f0     0x4  startup_stm32f103xb.o [1]
  .text              ro code  0x0800a0f4     0x4  startup_stm32f103xb.o [1]
  .text              ro code  0x0800a0f8     0x4  startup_stm32f103xb.o [1]
  .text              ro code  0x0800a0fc     0x4  startup_stm32f103xb.o [1]
  .text              ro code  0x0800a100     0x4  startup_stm32f103xb.o [1]
  .text              ro code  0x0800a104     0x4  startup_stm32f103xb.o [1]
  .text              ro code  0x0800a108     0x4  startup_stm32f103xb.o [1]
  .text              ro code  0x0800a10c     0x4  startup_stm32f103xb.o [1]
  .text              ro code  0x0800a110     0x4  startup_stm32f103xb.o [1]
  .text              ro code  0x0800a114     0x4  startup_stm32f103xb.o [1]
  .text              ro code  0x0800a118     0x4  startup_stm32f103xb.o [1]
  .text              ro code  0x0800a11c     0x4  startup_stm32f103xb.o [1]
  .text              ro code  0x0800a120     0x4  startup_stm32f103xb.o [1]
  .text              ro code  0x0800a124     0x4  startup_stm32f103xb.o [1]
  .text              ro code  0x0800a128     0x4  startup_stm32f103xb.o [1]
  .text              ro code  0x0800a12c     0x4  startup_stm32f103xb.o [1]
  .text              ro code  0x0800a130     0x4  startup_stm32f103xb.o [1]
  .text              ro code  0x0800a134     0x4  startup_stm32f103xb.o [1]
  .text              ro code  0x0800a138     0x4  startup_stm32f103xb.o [1]
  .text              ro code  0x0800a13c     0x4  startup_stm32f103xb.o [1]
  .text              ro code  0x0800a140     0x4  startup_stm32f103xb.o [1]
  .text              ro code  0x0800a144     0x4  startup_stm32f103xb.o [1]
  .rodata            const    0x0800a148     0x0  zero_init3.o [4]
  .rodata            const    0x0800a148     0x0  lz77_init_single.o [4]
  Initializer bytes  const    0x0800a148    0xc6  <for P2-1>
                            - 0x0800a20e  0xa122

"P2", part 1 of 3:                         0x11d
  P2-1                        0x20000000   0x11d  <Init block>
    .data            inited   0x20000000     0x4  port.o [1]
    .data            inited   0x20000004     0x4  SoundTask.o [1]
    .data            inited   0x20000008     0x4  SPI_Flash.o [1]
    .data            inited   0x2000000c     0x4  system_stm32f1xx.o [1]
    .data            inited   0x20000010    0x1c  usbd_desc.o [1]
    .data            inited   0x2000002c    0x14  usbd_desc.o [1]
    .data            inited   0x20000040     0x4  usbd_desc.o [1]
    .data            inited   0x20000044    0x38  usbd_msc.o [1]
    .data            inited   0x2000007c    0x20  usbd_msc.o [1]
    .data            inited   0x2000009c    0x20  usbd_msc.o [1]
    .data            inited   0x200000bc    0x20  usbd_msc.o [1]
    .data            inited   0x200000dc     0xc  usbd_msc.o [1]
    .data            inited   0x200000e8    0x20  usbd_storage_if.o [1]
    .data            inited   0x20000108    0x14  user_diskio.o [1]
    .data            inited   0x2000011c     0x1  user_diskio.o [1]
                            - 0x2000011d   0x11d

"P2", part 2 of 3:                         0x800
  CSTACK                      0x20000120   0x800  <Block>
    CSTACK           uninit   0x20000120   0x800  <Block tail>
                            - 0x20000920   0x800

"P2", part 3 of 3:                        0x3a14
  .bss               zero     0x20000920  0x1070  usbd_conf.o [1]
  .bss               zero     0x20001990  0x1034  SoundTask.o [1]
  .bss               zero     0x200029c4   0xfa0  heap_4.o [1]
  .bss               zero     0x20003964   0x420  usbd_conf.o [1]
  .bss               zero     0x20003d84   0x224  usb_device.o [1]
  .bss               zero     0x20003fa8    0x8c  tasks.o [1]
  .bss               zero     0x20004034    0x80  usbd_desc.o [1]
  .bss               zero     0x200040b4    0x58  main.o [1]
  .bss               zero     0x2000410c    0x40  queue.o [1]
  .bss               zero     0x2000414c    0x3c  main.o [1]
  .bss               zero     0x20004188    0x3c  stm32f1xx_hal_timebase_TIM.o [1]
  .bss               zero     0x200041c4    0x38  main.o [1]
  .bss               zero     0x200041fc    0x28  SoundTask.o [1]
  .bss               zero     0x20004224    0x14  tasks.o [1]
  .bss               zero     0x20004238    0x14  tasks.o [1]
  .bss               zero     0x2000424c    0x14  tasks.o [1]
  .bss               zero     0x20004260    0x14  tasks.o [1]
  .bss               zero     0x20004274    0x14  tasks.o [1]
  .bss               zero     0x20004288     0xc  ff.o [1]
  .bss               zero     0x20004294     0xc  ff_gen_drv.o [1]
  .bss               zero     0x200042a0     0x8  heap_4.o [1]
  .bss               zero     0x200042a8     0x8  main.o [1]
  .bss               zero     0x200042b0     0x4  fatfs.o [1]
  .bss               zero     0x200042b4     0x4  ff.o [1]
  .bss               zero     0x200042b8     0x4  heap_4.o [1]
  .bss               zero     0x200042bc     0x4  heap_4.o [1]
  .bss               zero     0x200042c0     0x4  heap_4.o [1]
  .bss               zero     0x200042c4     0x4  heap_4.o [1]
  .bss               zero     0x200042c8     0x4  main.o [1]
  .bss               zero     0x200042cc     0x4  main.o [1]
  .bss               zero     0x200042d0     0x4  main.o [1]
  .bss               zero     0x200042d4     0x4  main.o [1]
  .bss               zero     0x200042d8     0x4  main.o [1]
  .bss               zero     0x200042dc     0x4  port.o [1]
  .bss               zero     0x200042e0     0x4  SoundTask.o [1]
  .bss               zero     0x200042e4     0x4  SoundTask.o [1]
  .bss               zero     0x200042e8     0x4  SoundTask.o [1]
  .bss               zero     0x200042ec     0x4  SPI_Flash.o [1]
  .bss               zero     0x200042f0     0x4  stm32f1xx_hal.o [1]
  .bss               zero     0x200042f4     0x4  tasks.o [1]
  .bss               zero     0x200042f8     0x4  tasks.o [1]
  .bss               zero     0x200042fc     0x4  tasks.o [1]
  .bss               zero     0x20004300     0x4  tasks.o [1]
  .bss               zero     0x20004304     0x4  tasks.o [1]
  .bss               zero     0x20004308     0x4  tasks.o [1]
  .bss               zero     0x2000430c     0x4  tasks.o [1]
  .bss               zero     0x20004310     0x4  tasks.o [1]
  .bss               zero     0x20004314     0x4  tasks.o [1]
  .bss               zero     0x20004318     0x4  tasks.o [1]
  .bss               zero     0x2000431c     0x4  tasks.o [1]
  .bss               zero     0x20004320     0x4  tasks.o [1]
  .bss               zero     0x20004324     0x4  tasks.o [1]
  .bss               zero     0x20004328     0x4  tasks.o [1]
  .bss               zero     0x2000432c     0x2  ff.o [1]
  .bss               zero     0x2000432e     0x1  fatfs.o [1]
  .bss               zero     0x2000432f     0x1  port.o [1]
  .bss               zero     0x20004330     0x1  SoundTask.o [1]
  .bss               zero     0x20004331     0x1  stm32f1xx_hal_spi_ex.o [1]
  .bss               zero     0x20004332     0x1  usbd_ctlreq.o [1]
                            - 0x20004333  0x3a13


*******************************************************************************
*** INIT TABLE
***

          Address     Size
          -------     ----
Zero (__iar_zero_init3)
    1 destination range, total size 0x3a13:
          0x20000920  0x3a13

Copy/lz77 (__iar_lz77_init_single3)
    1 source range, total size 0xc6 (69% of destination):
          0x0800a148    0xc6
    1 destination range, total size 0x11d:
          0x20000000   0x11d



*******************************************************************************
*** MODULE SUMMARY
***

    Module                        ro code  ro data  rw data
    ------                        -------  -------  -------
D:\Work\old\Sound\src\sound103\EWARM\sound103\Obj: [1]
    MainTask.o                         14
    SPI_Flash.o                       744       17        8
    SoundTask.o                       892      387    4 205
    cmsis_os.o                        428
    diskio.o                          204
    fatfs.o                            32                 5
    ff.o                            5 968      144       18
    ff_gen_drv.o                      112                12
    freertos.o                          2
    heap_4.o                          592        4    4 024
    list.o                            158
    main.o                          1 114      172      232
    port.o                            460        6        9
    portasm.o                         148
    queue.o                         1 744                64
    startup_stm32f103xb.o             412
    stm32f1xx_hal.o                    88                 4
    stm32f1xx_hal_cortex.o            392
    stm32f1xx_hal_crc.o                36
    stm32f1xx_hal_dma.o               970
    stm32f1xx_hal_gpio.o              792
    stm32f1xx_hal_msp.o               464       56
    stm32f1xx_hal_pcd.o             2 522
    stm32f1xx_hal_pcd_ex.o             72
    stm32f1xx_hal_rcc.o             2 644       18
    stm32f1xx_hal_rcc_ex.o            328
    stm32f1xx_hal_spi.o             2 160
    stm32f1xx_hal_spi_ex.o            154                 1
    stm32f1xx_hal_tim.o             2 212
    stm32f1xx_hal_tim_ex.o            100
    stm32f1xx_hal_timebase_TIM.o      148                60
    stm32f1xx_it.o                     68
    stm32f1xx_ll_usb.o              2 650
    syscall.o                          98        4
    system_stm32f1xx.o                104       27        4
    tasks.o                         2 716        8      296
    usb_device.o                       52               548
    usbd_conf.o                     1 272       48    5 264
    usbd_core.o                       808
    usbd_ctlreq.o                   1 642                 1
    usbd_desc.o                       224      116      180
    usbd_ioreq.o                      144
    usbd_msc.o                        566      114      164
    usbd_msc_bot.o                    756
    usbd_msc_data.o                             24
    usbd_msc_scsi.o                 2 210
    usbd_storage_if.o                 132       58       32
    user_diskio.o                     148       15       21
    -------------------------------------------------------
    Total:                         39 696    1 218   15 152

command line: [2]
    -------------------------------------------------------
    Total:

dl7M_tlf.a: [3]
    exit.o                              4
    low_level_init.o                    4
    -------------------------------------------------------
    Total:                              8

rt7M_tl.a: [4]
    ABImemcpy_unaligned.o             118
    ABImemset.o                       102
    cexit.o                            10
    cmain.o                            26
    cstartup_M.o                       12
    data_init.o                        40
    lz77_init_single.o                120
    zero_init3.o                       64
    -------------------------------------------------------
    Total:                            492

shb_l.a: [5]
    exit.o                             20
    -------------------------------------------------------
    Total:                             20

    Gaps                               18        2
    Linker created                              32    2 048
-----------------------------------------------------------
    Grand Total:                   40 234    1 252   17 200


*******************************************************************************
*** ENTRY LIST
***

Entry                      Address    Size  Type      Object
-----                      -------    ----  ----      ------
.iar.init_table$$Base   0x08009ecc           --   Gb  - Linker created -
.iar.init_table$$Limit  0x08009eec           --   Gb  - Linker created -
?main                   0x08009eed          Code  Gb  cmain.o [4]
ADPCMDecoder            0x08006863    0x90  Code  Gb  SoundTask.o [1]
AHBPrescTable           0x08009fc4    0x10  Data  Gb  system_stm32f1xx.o [1]
APBPrescTable           0x0800a064     0x8  Data  Gb  system_stm32f1xx.o [1]
Buffer                  0x200042e0     0x4  Data  Gb  SoundTask.o [1]
BusFault_Handler        0x08009d6f     0x2  Code  Gb  stm32f1xx_it.o [1]
CSTACK$$Base            0x20000120           --   Gb  - Linker created -
CSTACK$$Limit           0x20000920           --   Gb  - Linker created -
DMA1_Channel5_IRQHandler
                        0x08009d7d     0xe  Code  Gb  stm32f1xx_it.o [1]
DMA_SetConfig           0x08005b99    0x22  Code  Lc  stm32f1xx_hal_dma.o [1]
DMAsoundSemHandle       0x200042d8     0x4  Data  Gb  main.o [1]
DebugMon_Handler        0x08009d73     0x2  Code  Gb  stm32f1xx_it.o [1]
DecodeFrom_ADPCM_to_WAV
                        0x0800681f    0x44  Code  Gb  SoundTask.o [1]
ExCvt                   0x08009c08    0x80  Data  Lc  ff.o [1]
FATFS_LinkDriver        0x08001b91    0x12  Code  Gb  ff_gen_drv.o [1]
FATFS_LinkDriverEx      0x08001b39    0x58  Code  Gb  ff_gen_drv.o [1]
FS_Desc                 0x20000010    0x1c  Data  Gb  usbd_desc.o [1]
FatFs                   0x200042b4     0x4  Data  Lc  ff.o [1]
Files                   0x20004288     0xc  Data  Lc  ff.o [1]
Fsid                    0x2000432c     0x2  Data  Lc  ff.o [1]
GsmTaskHandle           0x200042d4     0x4  Data  Gb  main.o [1]
HAL_CRC_Init            0x080064ad    0x24  Code  Gb  stm32f1xx_hal_crc.o [1]
HAL_CRC_MspInit         0x08004aeb    0x26  Code  Gb  stm32f1xx_hal_msp.o [1]
HAL_DMA_IRQHandler      0x080058b7   0x2c2  Code  Gb  stm32f1xx_hal_dma.o [1]
HAL_DMA_Init            0x080057f1    0x58  Code  Gb  stm32f1xx_hal_dma.o [1]
HAL_DMA_Start_IT        0x08005849    0x6e  Code  Gb  stm32f1xx_hal_dma.o [1]
HAL_Delay               0x08004825    0x1a  Code  Wk  stm32f1xx_hal.o [1]
HAL_GPIO_Init           0x080054d9   0x2ba  Code  Gb  stm32f1xx_hal_gpio.o [1]
HAL_GPIO_TogglePin      0x080057a7     0xa  Code  Gb  stm32f1xx_hal_gpio.o [1]
HAL_GPIO_WritePin       0x08005793    0x14  Code  Gb  stm32f1xx_hal_gpio.o [1]
HAL_GetTick             0x0800481f     0x6  Code  Wk  stm32f1xx_hal.o [1]
HAL_IncTick             0x08004813     0xc  Code  Wk  stm32f1xx_hal.o [1]
HAL_Init                0x080047f1    0x22  Code  Gb  stm32f1xx_hal.o [1]
HAL_InitTick            0x08004849    0x82  Code  Gb  stm32f1xx_hal_timebase_TIM.o [1]
HAL_MspInit             0x08004a65    0x86  Code  Gb  stm32f1xx_hal_msp.o [1]
HAL_NVIC_DisableIRQ     0x08004a01     0xe  Code  Gb  stm32f1xx_hal_cortex.o [1]
HAL_NVIC_EnableIRQ      0x080049f3     0xe  Code  Gb  stm32f1xx_hal_cortex.o [1]
HAL_NVIC_SetPriority    0x080049cd    0x26  Code  Gb  stm32f1xx_hal_cortex.o [1]
HAL_NVIC_SetPriorityGrouping
                        0x080049c1     0xc  Code  Gb  stm32f1xx_hal_cortex.o [1]
HAL_PCDEx_PMAConfig     0x08008fbf    0x48  Code  Gb  stm32f1xx_hal_pcd_ex.o [1]
HAL_PCDEx_SetConnectionState
                        0x08007bf3     0x2  Code  Gb  usbd_conf.o [1]
HAL_PCD_DataInStageCallback
                        0x08007771    0x1c  Code  Gb  usbd_conf.o [1]
HAL_PCD_DataOutStageCallback
                        0x08007753    0x1e  Code  Gb  usbd_conf.o [1]
HAL_PCD_EP_Close        0x08008917    0x62  Code  Gb  stm32f1xx_hal_pcd.o [1]
HAL_PCD_EP_ClrStall     0x08008ae5    0x62  Code  Gb  stm32f1xx_hal_pcd.o [1]
HAL_PCD_EP_Flush        0x08008b47    0x3c  Code  Gb  stm32f1xx_hal_pcd.o [1]
HAL_PCD_EP_GetRxCount   0x080089ed    0x12  Code  Gb  stm32f1xx_hal_pcd.o [1]
HAL_PCD_EP_Open         0x08008897    0x80  Code  Gb  stm32f1xx_hal_pcd.o [1]
HAL_PCD_EP_Receive      0x08008979    0x74  Code  Gb  stm32f1xx_hal_pcd.o [1]
HAL_PCD_EP_SetStall     0x08008a6f    0x76  Code  Gb  stm32f1xx_hal_pcd.o [1]
HAL_PCD_EP_Transmit     0x080089ff    0x70  Code  Gb  stm32f1xx_hal_pcd.o [1]
HAL_PCD_IRQHandler      0x08008723   0x144  Code  Gb  stm32f1xx_hal_pcd.o [1]
HAL_PCD_Init            0x080085e5   0x10a  Code  Gb  stm32f1xx_hal_pcd.o [1]
HAL_PCD_MspInit         0x080076fd    0x40  Code  Gb  usbd_conf.o [1]
HAL_PCD_ResetCallback   0x0800779b    0x2c  Code  Gb  usbd_conf.o [1]
HAL_PCD_ResumeCallback  0x080077eb     0xe  Code  Gb  usbd_conf.o [1]
HAL_PCD_SOFCallback     0x0800778d     0xe  Code  Gb  usbd_conf.o [1]
HAL_PCD_SetAddress      0x08008867    0x30  Code  Gb  stm32f1xx_hal_pcd.o [1]
HAL_PCD_SetupStageCallback
                        0x0800773d    0x16  Code  Gb  usbd_conf.o [1]
HAL_PCD_Start           0x080086ef    0x34  Code  Gb  stm32f1xx_hal_pcd.o [1]
HAL_PCD_SuspendCallback
                        0x080077c7    0x24  Code  Gb  usbd_conf.o [1]
HAL_RCCEx_PeriphCLKConfig
                        0x08006365   0x130  Code  Gb  stm32f1xx_hal_rcc_ex.o [1]
HAL_RCC_ClockConfig     0x0800449b   0x22a  Code  Gb  stm32f1xx_hal_rcc.o [1]
HAL_RCC_GetClockConfig  0x08004775    0x3a  Code  Gb  stm32f1xx_hal_rcc.o [1]
HAL_RCC_GetHCLKFreq     0x0800474f     0x6  Code  Gb  stm32f1xx_hal_rcc.o [1]
HAL_RCC_GetPCLK1Freq    0x08004755    0x20  Code  Gb  stm32f1xx_hal_rcc.o [1]
HAL_RCC_GetSysClockFreq
                        0x080046c5    0x8a  Code  Gb  stm32f1xx_hal_rcc.o [1]
HAL_RCC_OscConfig       0x08003d9d   0x6fe  Code  Gb  stm32f1xx_hal_rcc.o [1]
HAL_SPI_Init            0x080064d1    0x8e  Code  Gb  stm32f1xx_hal_spi_ex.o [1]
HAL_SPI_MspInit         0x08004b11    0x5e  Code  Gb  stm32f1xx_hal_msp.o [1]
HAL_SPI_Receive         0x08006af9   0x24e  Code  Gb  stm32f1xx_hal_spi.o [1]
HAL_SPI_Transmit        0x0800692d   0x1cc  Code  Gb  stm32f1xx_hal_spi.o [1]
HAL_SPI_TransmitReceive
                        0x08006d47   0x35c  Code  Gb  stm32f1xx_hal_spi.o [1]
HAL_SYSTICK_CLKSourceConfig
                        0x08004a1b    0x22  Code  Gb  stm32f1xx_hal_cortex.o [1]
HAL_SYSTICK_Config      0x08004a0f     0xc  Code  Gb  stm32f1xx_hal_cortex.o [1]
HAL_TIMEx_BreakCallback
                        0x08006079     0x2  Code  Wk  stm32f1xx_hal_tim_ex.o [1]
HAL_TIMEx_CommutationCallback
                        0x08006077     0x2  Code  Wk  stm32f1xx_hal_tim_ex.o [1]
HAL_TIMEx_MasterConfigSynchronization
                        0x08006019    0x5e  Code  Gb  stm32f1xx_hal_tim_ex.o [1]
HAL_TIM_Base_Init       0x08004c35    0x38  Code  Gb  stm32f1xx_hal_tim.o [1]
HAL_TIM_Base_MspInit    0x08004b6f    0x76  Code  Gb  stm32f1xx_hal_msp.o [1]
HAL_TIM_Base_Start_IT   0x08004c6d    0x1e  Code  Gb  stm32f1xx_hal_tim.o [1]
HAL_TIM_ConfigClockSource
                        0x08005083   0x122  Code  Gb  stm32f1xx_hal_tim.o [1]
HAL_TIM_ErrorCallback   0x080051ad     0x2  Code  Wk  stm32f1xx_hal_tim.o [1]
HAL_TIM_IC_CaptureCallback
                        0x080051a7     0x2  Code  Wk  stm32f1xx_hal_tim.o [1]
HAL_TIM_IRQHandler      0x08004e09   0x176  Code  Gb  stm32f1xx_hal_tim.o [1]
HAL_TIM_MspPostInit     0x08004be5    0x22  Code  Gb  stm32f1xx_hal_msp.o [1]
HAL_TIM_OC_DelayElapsedCallback
                        0x080051a5     0x2  Code  Wk  stm32f1xx_hal_tim.o [1]
HAL_TIM_PWM_ConfigChannel
                        0x08004f7f   0x104  Code  Gb  stm32f1xx_hal_tim.o [1]
HAL_TIM_PWM_Init        0x08004c8b    0x38  Code  Gb  stm32f1xx_hal_tim.o [1]
HAL_TIM_PWM_MspInit     0x08004cc3     0x2  Code  Wk  stm32f1xx_hal_tim.o [1]
HAL_TIM_PWM_PulseFinishedCallback
                        0x080051a9     0x2  Code  Wk  stm32f1xx_hal_tim.o [1]
HAL_TIM_PWM_Start_DMA   0x08004cc5   0x136  Code  Gb  stm32f1xx_hal_tim.o [1]
HAL_TIM_PeriodElapsedCallback
                        0x08005fa9    0x12  Code  Gb  main.o [1]
HAL_TIM_TriggerCallback
                        0x080051ab     0x2  Code  Wk  stm32f1xx_hal_tim.o [1]
HardFault_Handler       0x08009d6b     0x2  Code  Gb  stm32f1xx_it.o [1]
IndexTable              0x08009fa4    0x10  Data  Gb  SoundTask.o [1]
MSC_BOT_Abort           0x08008565    0x4c  Code  Lc  usbd_msc_bot.o [1]
MSC_BOT_CBW_Decode      0x080083f5    0xd8  Code  Lc  usbd_msc_bot.o [1]
MSC_BOT_CplClrFeature   0x080085b1    0x34  Code  Gb  usbd_msc_bot.o [1]
MSC_BOT_DataIn          0x0800836d    0x46  Code  Gb  usbd_msc_bot.o [1]
MSC_BOT_DataOut         0x080083b3    0x42  Code  Gb  usbd_msc_bot.o [1]
MSC_BOT_DeInit          0x08008363     0xa  Code  Gb  usbd_msc_bot.o [1]
MSC_BOT_Init            0x080082f1    0x4e  Code  Gb  usbd_msc_bot.o [1]
MSC_BOT_Reset           0x0800833f    0x24  Code  Gb  usbd_msc_bot.o [1]
MSC_BOT_SendCSW         0x08008519    0x42  Code  Gb  usbd_msc_bot.o [1]
MSC_BOT_SendData        0x080084cd    0x4c  Code  Lc  usbd_msc_bot.o [1]
MSC_Mode_Sense10_data   0x0800a084     0x8  Data  Gb  usbd_msc_data.o [1]
MSC_Mode_Sense6_data    0x0800a07c     0x8  Data  Gb  usbd_msc_data.o [1]
MSC_Page00_Inquiry_Data
                        0x0800a074     0x8  Data  Gb  usbd_msc_data.o [1]
MX_CRC_Init             0x08005d1f    0x1e  Code  Lc  main.o [1]
MX_DMA_Init             0x08005e5b    0x1e  Code  Lc  main.o [1]
MX_FATFS_Init           0x0800196d    0x10  Code  Gb  fatfs.o [1]
MX_GPIO_Init            0x08005e79    0xe8  Code  Lc  main.o [1]
MX_NVIC_Init            0x08005d0b    0x14  Code  Lc  main.o [1]
MX_SPI1_Init            0x08005d3d    0x64  Code  Lc  main.o [1]
MX_TIM2_Init            0x08005da1    0xba  Code  Lc  main.o [1]
MX_USB_DEVICE_Init      0x0800656d    0x34  Code  Gb  usb_device.o [1]
MainTask                0x080065a3     0xc  Code  Gb  MainTask.o [1]
MainTaskHandle          0x200042c8     0x4  Data  Gb  main.o [1]
MainTaskInit            0x080065a1     0x2  Code  Gb  MainTask.o [1]
MemManage_Handler       0x08009d6d     0x2  Code  Gb  stm32f1xx_it.o [1]
NMI_Handler             0x08009d69     0x2  Code  Gb  stm32f1xx_it.o [1]
NVIC_DisableIRQ         0x08004919    0x14  Code  Lc  stm32f1xx_hal_cortex.o [1]
NVIC_EnableIRQ          0x08004905    0x14  Code  Lc  stm32f1xx_hal_cortex.o [1]
NVIC_EncodePriority     0x08004953    0x3e  Code  Lc  stm32f1xx_hal_cortex.o [1]
NVIC_GetPriorityGrouping
                        0x080048fb     0xa  Code  Lc  stm32f1xx_hal_cortex.o [1]
NVIC_SetPriority        0x0800492d    0x26  Code  Lc  stm32f1xx_hal_cortex.o [1]
NVIC_SetPriorityGrouping
                        0x080048dd    0x1e  Code  Lc  stm32f1xx_hal_cortex.o [1]
PCD_EP_ISR_Handler      0x08008b83   0x43c  Code  Lc  stm32f1xx_hal_pcd.o [1]
PendSV_Handler          0x08002ee1          Code  Gb  portasm.o [1]
Region$$Table$$Base     0x08009ecc           --   Gb  - Linker created -
Region$$Table$$Limit    0x08009eec           --   Gb  - Linker created -
SCSI_CheckAddressRange  0x080096ed    0x3a  Code  Lc  usbd_msc_scsi.o [1]
SCSI_Inquiry            0x0800915d    0x5e  Code  Lc  usbd_msc_scsi.o [1]
SCSI_ModeSense10        0x08009311    0x2a  Code  Lc  usbd_msc_scsi.o [1]
SCSI_ModeSense6         0x080092e7    0x2a  Code  Lc  usbd_msc_scsi.o [1]
SCSI_ProcessCmd         0x08009009    0xf8  Code  Gb  usbd_msc_scsi.o [1]
SCSI_ProcessRead        0x08009727    0xb4  Code  Lc  usbd_msc_scsi.o [1]
SCSI_ProcessWrite       0x080097db    0xd0  Code  Lc  usbd_msc_scsi.o [1]
SCSI_Read10             0x0800944b   0x104  Code  Lc  usbd_msc_scsi.o [1]
SCSI_ReadCapacity10     0x080091bb    0x92  Code  Lc  usbd_msc_scsi.o [1]
SCSI_ReadFormatCapacity
                        0x0800924d    0x9a  Code  Lc  usbd_msc_scsi.o [1]
SCSI_RequestSense       0x08009349    0xa2  Code  Lc  usbd_msc_scsi.o [1]
SCSI_SenseCode          0x080093eb    0x4e  Code  Gb  usbd_msc_scsi.o [1]
SCSI_StartStopUnit      0x08009439    0x12  Code  Lc  usbd_msc_scsi.o [1]
SCSI_TestUnitReady      0x08009101    0x5c  Code  Lc  usbd_msc_scsi.o [1]
SCSI_Verify10           0x0800969d    0x50  Code  Lc  usbd_msc_scsi.o [1]
SCSI_Write10            0x0800954f   0x14e  Code  Lc  usbd_msc_scsi.o [1]
SD_Path                 0x20000004     0x4  Data  Gb  SoundTask.o [1]
SPIFlashBeginRead       0x08006251    0x4e  Code  Gb  SPI_Flash.o [1]
SPIFlashBeginWrite      0x080060cf    0x66  Code  Gb  SPI_Flash.o [1]
SPIFlashEndRead         0x0800607d     0xe  Code  Gb  SPI_Flash.o [1]
SPIFlashEndWrite        0x080061b1    0x68  Code  Gb  SPI_Flash.o [1]
SPIFlashEraseSector     0x080062d5    0x4a  Code  Gb  SPI_Flash.o [1]
SPIFlashInit            0x0800608b    0x44  Code  Gb  SPI_Flash.o [1]
SPIFlashReadArray       0x0800629f    0x36  Code  Gb  SPI_Flash.o [1]
SPIFlashWrite           0x08006135    0x7c  Code  Gb  SPI_Flash.o [1]
SPIFlashWriteArray      0x08006219    0x38  Code  Gb  SPI_Flash.o [1]
SPI_ISCRCErrorValid     0x08006565     0x6  Code  Gb  stm32f1xx_hal_spi_ex.o [1]
SPI_WaitOnFlagUntilTimeout
                        0x080070a3    0xfa  Code  Lc  stm32f1xx_hal_spi.o [1]
STORAGE_GetCapacity_FS  0x08009b8b    0x12  Code  Lc  usbd_storage_if.o [1]
STORAGE_GetMaxLun_FS    0x08009c05     0x4  Code  Lc  usbd_storage_if.o [1]
STORAGE_Init_FS         0x08009b85     0x6  Code  Lc  usbd_storage_if.o [1]
STORAGE_Inquirydata_FS  0x08009ea8    0x24  Data  Gb  usbd_storage_if.o [1]
STORAGE_IsReady_FS      0x08009b9d     0x6  Code  Lc  usbd_storage_if.o [1]
STORAGE_IsWriteProtected_FS
                        0x08009ba3     0x6  Code  Lc  usbd_storage_if.o [1]
STORAGE_Read_FS         0x08009ba9    0x26  Code  Lc  usbd_storage_if.o [1]
STORAGE_Write_FS        0x08009bcf    0x30  Code  Lc  usbd_storage_if.o [1]
SVC_Handler             0x08002f33          Code  Gb  portasm.o [1]
SoundTask               0x08006605   0x1fc  Code  Gb  SoundTask.o [1]
SoundTaskHandle         0x200042cc     0x4  Data  Gb  main.o [1]
SoundTaskInit           0x080065b1    0x54  Code  Gb  SoundTask.o [1]
StartGsmTask            0x08005f9d     0xc  Code  Gb  main.o [1]
StartMainTask           0x08005f61    0x1c  Code  Gb  main.o [1]
StartSound              0x08005f7d    0x14  Code  Gb  main.o [1]
StartWiFiTask           0x08005f91     0xc  Code  Gb  main.o [1]
Stat                    0x2000011c     0x1  Data  Lc  user_diskio.o [1]
StepSizeTable           0x080098ac   0x164  Data  Gb  SoundTask.o [1]
SysTick_Config          0x08004991    0x30  Code  Lc  stm32f1xx_hal_cortex.o [1]
SysTick_Handler         0x08009d75     0x8  Code  Gb  stm32f1xx_it.o [1]
SystemClock_Config      0x08005c69    0xa2  Code  Gb  main.o [1]
SystemCoreClock         0x2000000c     0x4  Data  Gb  system_stm32f1xx.o [1]
SystemInit              0x08009d01    0x4e  Code  Gb  system_stm32f1xx.o [1]
TIM3_IRQHandler         0x08009d95     0xa  Code  Gb  stm32f1xx_it.o [1]
TIM_Base_SetConfig      0x0800520d    0x62  Code  Gb  stm32f1xx_hal_tim.o [1]
TIM_CCxChannelCmd       0x080054bb    0x1e  Code  Gb  stm32f1xx_hal_tim.o [1]
TIM_DMADelayPulseCplt   0x080051c5    0x46  Code  Gb  stm32f1xx_hal_tim.o [1]
TIM_DMAError            0x080051b1    0x14  Code  Gb  stm32f1xx_hal_tim.o [1]
TIM_ETR_SetConfig       0x0800549f    0x1c  Code  Lc  stm32f1xx_hal_tim.o [1]
TIM_ITRx_SetConfig      0x08005487    0x18  Code  Lc  stm32f1xx_hal_tim.o [1]
TIM_OC1_SetConfig       0x0800526f    0x6e  Code  Lc  stm32f1xx_hal_tim.o [1]
TIM_OC2_SetConfig       0x080052dd    0x78  Code  Gb  stm32f1xx_hal_tim.o [1]
TIM_OC3_SetConfig       0x08005355    0x70  Code  Lc  stm32f1xx_hal_tim.o [1]
TIM_OC4_SetConfig       0x080053c5    0x52  Code  Lc  stm32f1xx_hal_tim.o [1]
TIM_TI1_ConfigInputStage
                        0x08005425    0x30  Code  Lc  stm32f1xx_hal_tim.o [1]
TIM_TI2_ConfigInputStage
                        0x08005455    0x32  Code  Lc  stm32f1xx_hal_tim.o [1]
USBD_ClrClassConfig     0x0800722f    0x18  Code  Gb  usbd_core.o [1]
USBD_ClrFeature         0x0800818b    0x3a  Code  Lc  usbd_ctlreq.o [1]
USBD_CtlContinueRx      0x080082a1    0x1a  Code  Gb  usbd_ioreq.o [1]
USBD_CtlContinueSendData
                        0x08008287    0x1a  Code  Gb  usbd_ioreq.o [1]
USBD_CtlError           0x080081ed    0x18  Code  Gb  usbd_ctlreq.o [1]
USBD_CtlReceiveStatus   0x080082d5    0x1a  Code  Gb  usbd_ioreq.o [1]
USBD_CtlSendData        0x0800825f    0x28  Code  Gb  usbd_ioreq.o [1]
USBD_CtlSendStatus      0x080082bb    0x1a  Code  Gb  usbd_ioreq.o [1]
USBD_FS_ConfigStrDescriptor
                        0x08009a85    0x26  Code  Gb  usbd_desc.o [1]
USBD_FS_DeviceDesc      0x2000002c    0x14  Data  Gb  usbd_desc.o [1]
USBD_FS_DeviceDescriptor
                        0x08009a11     0xa  Code  Gb  usbd_desc.o [1]
USBD_FS_InterfaceStrDescriptor
                        0x08009aab    0x26  Code  Gb  usbd_desc.o [1]
USBD_FS_LangIDStrDescriptor
                        0x08009a1b     0xa  Code  Gb  usbd_desc.o [1]
USBD_FS_ManufacturerStrDescriptor
                        0x08009a4b    0x14  Code  Gb  usbd_desc.o [1]
USBD_FS_ProductStrDescriptor
                        0x08009a25    0x26  Code  Gb  usbd_desc.o [1]
USBD_FS_SerialStrDescriptor
                        0x08009a5f    0x26  Code  Gb  usbd_desc.o [1]
USBD_GetConfig          0x080080dd    0x4c  Code  Lc  usbd_ctlreq.o [1]
USBD_GetDescriptor      0x08007e31   0x16c  Code  Lc  usbd_ctlreq.o [1]
USBD_GetLen             0x0800824b    0x14  Code  Lc  usbd_ctlreq.o [1]
USBD_GetStatus          0x08008129    0x3c  Code  Lc  usbd_ctlreq.o [1]
USBD_GetString          0x08008205    0x46  Code  Gb  usbd_ctlreq.o [1]
USBD_Init               0x0800719d    0x38  Code  Gb  usbd_core.o [1]
USBD_LL_ClearStallEP    0x08007a2d    0x4c  Code  Gb  usbd_conf.o [1]
USBD_LL_CloseEP         0x08007949    0x4c  Code  Gb  usbd_conf.o [1]
USBD_LL_DataInStage     0x0800734f    0xe2  Code  Gb  usbd_core.o [1]
USBD_LL_DataOutStage    0x080072bf    0x90  Code  Gb  usbd_core.o [1]
USBD_LL_FlushEP         0x08007995    0x4c  Code  Gb  usbd_conf.o [1]
USBD_LL_GetRxDataSize   0x08007bbd    0x14  Code  Gb  usbd_conf.o [1]
USBD_LL_Init            0x080077f9    0xa2  Code  Gb  usbd_conf.o [1]
USBD_LL_IsStallEP       0x08007a79    0x2c  Code  Gb  usbd_conf.o [1]
USBD_LL_OpenEP          0x080078e1    0x68  Code  Gb  usbd_conf.o [1]
USBD_LL_PrepareReceive  0x08007b57    0x66  Code  Gb  usbd_conf.o [1]
USBD_LL_Reset           0x08007431    0x46  Code  Gb  usbd_core.o [1]
USBD_LL_Resume          0x08007493     0xe  Code  Gb  usbd_core.o [1]
USBD_LL_SOF             0x080074a1    0x24  Code  Gb  usbd_core.o [1]
USBD_LL_SetSpeed        0x08007477     0x8  Code  Gb  usbd_core.o [1]
USBD_LL_SetUSBAddress   0x08007aa5    0x4c  Code  Gb  usbd_conf.o [1]
USBD_LL_SetupStage      0x08007247    0x78  Code  Gb  usbd_core.o [1]
USBD_LL_StallEP         0x080079e1    0x4c  Code  Gb  usbd_conf.o [1]
USBD_LL_Start           0x0800789b    0x46  Code  Gb  usbd_conf.o [1]
USBD_LL_Suspend         0x0800747f    0x14  Code  Gb  usbd_core.o [1]
USBD_LL_Transmit        0x08007af1    0x66  Code  Gb  usbd_conf.o [1]
USBD_LangIDDesc         0x20000040     0x4  Data  Gb  usbd_desc.o [1]
USBD_MSC                0x20000044    0x38  Data  Gb  usbd_msc.o [1]
USBD_MSC_CfgFSDesc      0x2000009c    0x20  Data  Gb  usbd_msc.o [1]
USBD_MSC_CfgHSDesc      0x2000007c    0x20  Data  Gb  usbd_msc.o [1]
USBD_MSC_DataIn         0x0800768d    0x14  Code  Gb  usbd_msc.o [1]
USBD_MSC_DataOut        0x080076a1    0x14  Code  Gb  usbd_msc.o [1]
USBD_MSC_DeInit         0x08007533    0x36  Code  Gb  usbd_msc.o [1]
USBD_MSC_DeviceQualifierDesc
                        0x200000dc     0xc  Data  Gb  usbd_msc.o [1]
USBD_MSC_GetDeviceQualifierDescriptor
                        0x080076d3     0xa  Code  Gb  usbd_msc.o [1]
USBD_MSC_GetFSCfgDesc   0x080076bf     0xa  Code  Gb  usbd_msc.o [1]
USBD_MSC_GetHSCfgDesc   0x080076b5     0xa  Code  Gb  usbd_msc.o [1]
USBD_MSC_GetOtherSpeedCfgDesc
                        0x080076c9     0xa  Code  Gb  usbd_msc.o [1]
USBD_MSC_Init           0x080074c5    0x6e  Code  Gb  usbd_msc.o [1]
USBD_MSC_OtherSpeedCfgDesc
                        0x200000bc    0x20  Data  Gb  usbd_msc.o [1]
USBD_MSC_RegisterStorage
                        0x080076ed     0xe  Code  Gb  usbd_msc.o [1]
USBD_MSC_Setup          0x08007569   0x124  Code  Gb  usbd_msc.o [1]
USBD_ParseSetupRequest  0x080081c5    0x28  Code  Gb  usbd_ctlreq.o [1]
USBD_RegisterClass      0x080071d5    0x1a  Code  Gb  usbd_core.o [1]
USBD_RunTestMode        0x080071fd     0x6  Code  Gb  usbd_core.o [1]
USBD_SetAddress         0x08007f9d    0x60  Code  Lc  usbd_ctlreq.o [1]
USBD_SetClassConfig     0x08007203    0x2c  Code  Gb  usbd_core.o [1]
USBD_SetConfig          0x08007ffd    0xda  Code  Lc  usbd_ctlreq.o [1]
USBD_SetConfig::cfgidx  0x20004332     0x1  Data  Lc  usbd_ctlreq.o [1]
USBD_SetFeature         0x08008165    0x26  Code  Lc  usbd_ctlreq.o [1]
USBD_Start              0x080071ef     0xe  Code  Gb  usbd_core.o [1]
USBD_StdDevReq          0x08007bf5    0x7c  Code  Gb  usbd_ctlreq.o [1]
USBD_StdEPReq           0x08007cbd   0x174  Code  Gb  usbd_ctlreq.o [1]
USBD_StdItfReq          0x08007c71    0x4c  Code  Gb  usbd_ctlreq.o [1]
USBD_Storage_Interface_fops_FS
                        0x200000e8    0x20  Data  Gb  usbd_storage_if.o [1]
USBD_StrDesc            0x20004034    0x80  Data  Gb  usbd_desc.o [1]
USBD_static_free        0x08007bf1     0x2  Code  Gb  usbd_conf.o [1]
USBD_static_malloc      0x08007bd1     0x6  Code  Gb  usbd_conf.o [1]
USBD_static_malloc::mem
                        0x20000920  0x1070  Data  Lc  usbd_conf.o [1]
USB_ActivateEndpoint    0x080033b1   0x354  Code  Gb  stm32f1xx_ll_usb.o [1]
USB_CoreInit            0x08003343     0xa  Code  Gb  stm32f1xx_ll_usb.o [1]
USB_DeactivateEndpoint  0x08003705   0x1d6  Code  Gb  stm32f1xx_ll_usb.o [1]
USB_DevConnect          0x08003d05     0x6  Code  Gb  stm32f1xx_ll_usb.o [1]
USB_DevDisconnect       0x08003d0b     0x6  Code  Gb  stm32f1xx_ll_usb.o [1]
USB_DevInit             0x08003383    0x22  Code  Gb  stm32f1xx_ll_usb.o [1]
USB_DisableGlobalInt    0x08003365    0x18  Code  Gb  stm32f1xx_ll_usb.o [1]
USB_EP0_OutStart        0x08003d1d     0x6  Code  Gb  stm32f1xx_ll_usb.o [1]
USB_EPClearStall        0x08003c51    0xa2  Code  Gb  stm32f1xx_ll_usb.o [1]
USB_EPSetStall          0x08003bd3    0x7e  Code  Gb  stm32f1xx_ll_usb.o [1]
USB_EPStartXfer         0x080038db   0x2f8  Code  Gb  stm32f1xx_ll_usb.o [1]
USB_EnableGlobalInt     0x0800334d    0x18  Code  Gb  stm32f1xx_ll_usb.o [1]
USB_FlushRxFifo         0x080033ab     0x6  Code  Gb  stm32f1xx_ll_usb.o [1]
USB_FlushTxFifo         0x080033a5     0x6  Code  Gb  stm32f1xx_ll_usb.o [1]
USB_LP_CAN1_RX0_IRQHandler
                        0x08009d8b     0xa  Code  Gb  stm32f1xx_it.o [1]
USB_ReadInterrupts      0x08003d11     0xc  Code  Gb  stm32f1xx_ll_usb.o [1]
USB_ReadPMA             0x08003d6d    0x30  Code  Gb  stm32f1xx_ll_usb.o [1]
USB_SetCurrentMode      0x0800337d     0x6  Code  Gb  stm32f1xx_ll_usb.o [1]
USB_SetDevAddress       0x08003cf3    0x12  Code  Gb  stm32f1xx_ll_usb.o [1]
USB_WritePMA            0x08003d23    0x4a  Code  Gb  stm32f1xx_ll_usb.o [1]
USER_Driver             0x20000108    0x14  Data  Gb  user_diskio.o [1]
USER_Path               0x200042b0     0x4  Data  Gb  fatfs.o [1]
USER_initialize         0x08009af1     0xe  Code  Gb  user_diskio.o [1]
USER_ioctl              0x08009b7d     0x8  Code  Gb  user_diskio.o [1]
USER_read               0x08009b11    0x3a  Code  Gb  user_diskio.o [1]
USER_status             0x08009aff     0xe  Code  Gb  user_diskio.o [1]
USER_write              0x08009b4b    0x32  Code  Gb  user_diskio.o [1]
UsageFault_Handler      0x08009d71     0x2  Code  Gb  stm32f1xx_it.o [1]
WiFiTaskHandle          0x200042d0     0x4  Data  Gb  main.o [1]
_Error_Handler          0x08006015     0x2  Code  Gb  main.o [1]
_SendCmd                0x0800631f    0x28  Code  Lc  SPI_Flash.o [1]
__aeabi_memset          0x08003265          Code  Gb  ABImemset.o [4]
__cmain                 0x08009eed          Code  Gb  cmain.o [4]
__exit                  0x08009f1d    0x14  Code  Gb  exit.o [5]
__iar_Memset            0x08003265          Code  Gb  ABImemset.o [4]
__iar_Memset_word       0x0800326d          Code  Gb  ABImemset.o [4]
__iar_data_init3        0x08009e81    0x28  Code  Gb  data_init.o [4]
__iar_lz77_init_single3
                        0x08009c89    0x78  Code  Gb  lz77_init_single.o [4]
__iar_program_start     0x0800a051          Code  Gb  cstartup_M.o [4]
__iar_unaligned___aeabi_memcpy
                        0x080032cd          Code  Gb  ABImemcpy_unaligned.o [4]
__iar_unaligned___aeabi_memcpy4
                        0x080032ed          Code  Gb  ABImemcpy_unaligned.o [4]
__iar_unaligned___aeabi_memcpy8
                        0x080032ed          Code  Gb  ABImemcpy_unaligned.o [4]
__iar_zero_init3        0x08009dad    0x40  Code  Gb  zero_init3.o [4]
__low_level_init        0x08009f07     0x4  Code  Gb  low_level_init.o [3]
__vector_table          0x08000000          Data  Gb  startup_stm32f103xb.o [1]
_call_main              0x08009ef9          Code  Gb  cmain.o [4]
_exit                   0x08009f11          Code  Gb  cexit.o [4]
_main                   0x08009f03          Code  Gb  cmain.o [4]
check_fs                0x08000df5    0x86  Code  Lc  ff.o [1]
chk_chr                 0x08000143    0x14  Code  Lc  ff.o [1]
chk_lock                0x08000195    0x9a  Code  Lc  ff.o [1]
clear_lock              0x0800034f    0x30  Code  Lc  ff.o [1]
clust2sect              0x08000443    0x26  Code  Gb  ff.o [1]
create_chain            0x0800076f   0x112  Code  Lc  ff.o [1]
create_name             0x08000be5   0x12c  Code  Lc  ff.o [1]
dir_alloc               0x08000a8b    0x66  Code  Lc  ff.o [1]
dir_find                0x08000b35    0x68  Code  Lc  ff.o [1]
dir_next                0x08000949   0x142  Code  Lc  ff.o [1]
dir_register            0x08000b9d    0x48  Code  Lc  ff.o [1]
dir_sdi                 0x08000881    0xc8  Code  Lc  ff.o [1]
disk                    0x20004294     0xc  Data  Gb  ff_gen_drv.o [1]
disk_initialize         0x080018c3    0x36  Code  Gb  diskio.o [1]
disk_read               0x080018f9    0x38  Code  Gb  diskio.o [1]
disk_status             0x080018a1    0x22  Code  Gb  diskio.o [1]
disk_write              0x08001931    0x38  Code  Gb  diskio.o [1]
dwCurrentAddr           0x200042ec     0x4  Data  Gb  SPI_Flash.o [1]
enq_lock                0x0800022f    0x28  Code  Lc  ff.o [1]
exit                    0x08009f0b     0x4  Code  Gb  exit.o [3]
f                       0x200041fc    0x28  Data  Gb  SoundTask.o [1]
f_mount                 0x08001375    0xa2  Code  Gb  ff.o [1]
f_open                  0x08001435   0x1ea  Code  Gb  ff.o [1]
f_read                  0x0800161f   0x21e  Code  Gb  ff.o [1]
ff_cre_syncobj          0x0800183d    0x28  Code  Gb  syscall.o [1]
ff_del_syncobj          0x08001869     0xe  Code  Gb  syscall.o [1]
ff_rel_grant            0x08001893     0xc  Code  Gb  syscall.o [1]
ff_req_grant            0x08001877    0x1c  Code  Gb  syscall.o [1]
fileSystem              0x20001990  0x1034  Data  Gb  SoundTask.o [1]
find_volume             0x08000e7b   0x4aa  Code  Lc  ff.o [1]
follow_path             0x08000d15    0x90  Code  Lc  ff.o [1]
get_fat                 0x08000469   0x108  Code  Gb  ff.o [1]
get_fattime             0x08001989     0x4  Code  Gb  fatfs.o [1]
get_ldnumber            0x08000da5    0x50  Code  Lc  ff.o [1]
hUsbDeviceFS            0x20003d84   0x224  Data  Gb  usb_device.o [1]
hcrc                    0x200042a8     0x8  Data  Gb  main.o [1]
hdma_tim2_ch1           0x200041c4    0x38  Data  Gb  main.o [1]
hpcd_USB_FS             0x20003964   0x420  Data  Gb  usbd_conf.o [1]
hspi                    0x20000008     0x4  Data  Gb  SPI_Flash.o [1]
hspi1                   0x200040b4    0x58  Data  Gb  main.o [1]
htim2                   0x2000414c    0x3c  Data  Gb  main.o [1]
htim3                   0x20004188    0x3c  Data  Gb  stm32f1xx_hal_timebase_TIM.o [1]
inHandlerMode           0x0800199f    0x12  Code  Lc  cmsis_os.o [1]
inc_lock                0x08000257    0xf8  Code  Lc  ff.o [1]
index                   0x20004330     0x1  Data  Gb  SoundTask.o [1]
ld_clust                0x08000af1    0x2c  Code  Lc  ff.o [1]
lock_fs                 0x08000157    0x10  Code  Lc  ff.o [1]
main                    0x08005bbd    0xac  Code  Gb  main.o [1]
makeFreeRtosPriority    0x0800198d    0x12  Code  Lc  cmsis_os.o [1]
mem_cmp                 0x0800011f    0x24  Code  Lc  ff.o [1]
mem_cpy                 0x080000ed    0x1c  Code  Lc  ff.o [1]
mem_set                 0x08000109    0x16  Code  Lc  ff.o [1]
move_window             0x080003f9    0x4a  Code  Lc  ff.o [1]
osDelay                 0x080019f5    0x1c  Code  Gb  cmsis_os.o [1]
osKernelStart           0x080019b1     0xa  Code  Gb  cmsis_os.o [1]
osSemaphoreCreate       0x08001a11    0x2e  Code  Gb  cmsis_os.o [1]
osSemaphoreDelete       0x08001b09    0x1a  Code  Gb  cmsis_os.o [1]
osSemaphoreRelease      0x08001abd    0x4c  Code  Gb  cmsis_os.o [1]
osSemaphoreWait         0x08001a3f    0x7e  Code  Gb  cmsis_os.o [1]
osSystickHandler        0x08001b23    0x10  Code  Gb  cmsis_os.o [1]
osThreadCreate          0x080019bb    0x3a  Code  Gb  cmsis_os.o [1]
overflow                0x200042e4     0x4  Data  Gb  SoundTask.o [1]
pcInterruptPriorityRegisters
                        0x0800a094     0x4  Data  Lc  port.o [1]
predsample              0x200042e8     0x4  Data  Gb  SoundTask.o [1]
prvAddCurrentTaskToDelayedList
                        0x0800237b    0x48  Code  Lc  tasks.o [1]
prvAllocateTCBAndStack  0x080023c3    0x5a  Code  Lc  tasks.o [1]
prvCheckTasksWaitingTermination
                        0x08002315    0x66  Code  Lc  tasks.o [1]
prvCopyDataFromQueue    0x08002c11    0x30  Code  Lc  queue.o [1]
prvCopyDataToQueue      0x08002b75    0x9c  Code  Lc  queue.o [1]
prvDeleteTCB            0x0800241d    0x12  Code  Lc  tasks.o [1]
prvHeapInit             0x08003177    0x6e  Code  Lc  heap_4.o [1]
prvIdleTask             0x0800221d    0x18  Code  Lc  tasks.o [1]
prvInitialiseTCBVariables
                        0x08002245    0x6c  Code  Lc  tasks.o [1]
prvInitialiseTaskLists  0x080022b1    0x56  Code  Lc  tasks.o [1]
prvInsertBlockIntoFreeList
                        0x080031e5    0x62  Code  Lc  heap_4.o [1]
prvIsQueueEmpty         0x08002cab    0x20  Code  Lc  queue.o [1]
prvIsQueueFull          0x08002ccb    0x22  Code  Lc  queue.o [1]
prvResetNextTaskUnblockTime
                        0x0800242f    0x2a  Code  Lc  tasks.o [1]
prvTaskExitError        0x08002d31    0x18  Code  Lc  port.o [1]
prvUnlockQueue          0x08002c41    0x6a  Code  Lc  queue.o [1]
put_fat                 0x08000571   0x16c  Code  Gb  ff.o [1]
pvPortMalloc            0x08003015    0xfc  Code  Gb  heap_4.o [1]
pvTaskIncrementMutexHeldCount
                        0x080025d9    0x1e  Code  Gb  tasks.o [1]
pxCurrentTCB            0x200042f4     0x4  Data  Gb  tasks.o [1]
pxDelayedTaskList       0x200042f8     0x4  Data  Lc  tasks.o [1]
pxEnd                   0x200042b8     0x4  Data  Lc  heap_4.o [1]
pxOverflowDelayedTaskList
                        0x200042fc     0x4  Data  Lc  tasks.o [1]
pxPortInitialiseStack   0x08002d15    0x1c  Code  Gb  port.o [1]
pxReadyTasksLists       0x20003fa8    0x8c  Data  Lc  tasks.o [1]
remove_chain            0x080006dd    0x92  Code  Lc  ff.o [1]
retUSER                 0x2000432e     0x1  Data  Gb  fatfs.o [1]
sound_IRQ_DMA           0x08006801    0x1e  Code  Gb  SoundTask.o [1]
st_clust                0x08000b1d    0x18  Code  Lc  ff.o [1]
sync_window             0x0800037f    0x7a  Code  Lc  ff.o [1]
uCRCErrorWorkaroundCheck
                        0x20004331     0x1  Data  Gb  stm32f1xx_hal_spi_ex.o [1]
ucHeap                  0x200029c4   0xfa0  Data  Lc  heap_4.o [1]
ucMaxSysCallPriority    0x2000432f     0x1  Data  Lc  port.o [1]
ulMaxPRIGROUPValue      0x200042dc     0x4  Data  Lc  port.o [1]
ulPortSetInterruptMask  0x08002f1f          Code  Gb  portasm.o [1]
unlock_fs               0x08000167    0x2e  Code  Lc  ff.o [1]
uwTick                  0x200042f0     0x4  Data  Lc  stm32f1xx_hal.o [1]
uxCriticalNesting       0x20000000     0x4  Data  Lc  port.o [1]
uxCurrentNumberOfTasks  0x20004304     0x4  Data  Lc  tasks.o [1]
uxListRemove            0x08002feb    0x28  Code  Gb  list.o [1]
uxPendedTicks           0x20004314     0x4  Data  Lc  tasks.o [1]
uxSchedulerSuspended    0x20004328     0x4  Data  Lc  tasks.o [1]
uxTaskNumber            0x20004320     0x4  Data  Lc  tasks.o [1]
uxTasksDeleted          0x20004300     0x4  Data  Lc  tasks.o [1]
uxTopReadyPriority      0x2000430c     0x4  Data  Lc  tasks.o [1]
vApplicationStackOverflowHook
                        0x08003013     0x2  Code  Wk  freertos.o [1]
vListInitialise         0x08002f75    0x1e  Code  Gb  list.o [1]
vListInitialiseItem     0x08002f93     0x6  Code  Gb  list.o [1]
vListInsert             0x08002fb1    0x3a  Code  Gb  list.o [1]
vListInsertEnd          0x08002f99    0x18  Code  Gb  list.o [1]
vPortClearInterruptMask
                        0x08002f2d          Code  Gb  portasm.o [1]
vPortEnterCritical      0x08002de3    0x30  Code  Gb  port.o [1]
vPortExitCritical       0x08002e13    0x2a  Code  Gb  port.o [1]
vPortFree               0x08003111    0x66  Code  Gb  heap_4.o [1]
vPortSetupTimerInterrupt
                        0x08002e5b    0x1a  Code  Wk  port.o [1]
vPortStartFirstTask     0x08002f53          Code  Gb  portasm.o [1]
vPortValidateInterruptPriority
                        0x08002e75    0x3e  Code  Gb  port.o [1]
vPortYield              0x08002dd1    0x12  Code  Gb  port.o [1]
vQueueDelete            0x08002b57    0x1e  Code  Gb  queue.o [1]
vQueueUnregisterQueue   0x08002ced    0x24  Code  Gb  queue.o [1]
vTaskDelay              0x08001cf7    0x6c  Code  Gb  tasks.o [1]
vTaskMissedYield        0x08002211     0xa  Code  Gb  tasks.o [1]
vTaskPlaceOnEventList   0x08002095    0x6c  Code  Gb  tasks.o [1]
vTaskPriorityInherit    0x08002483    0xaa  Code  Gb  tasks.o [1]
vTaskSetTimeOutState    0x0800217d    0x20  Code  Gb  tasks.o [1]
vTaskStartScheduler     0x08001d63    0x58  Code  Gb  tasks.o [1]
vTaskSuspendAll         0x08001dbb    0x10  Code  Gb  tasks.o [1]
vTaskSwitchContext      0x08001fe7    0xae  Code  Gb  tasks.o [1]
validate                0x08001325    0x50  Code  Lc  ff.o [1]
xBlockAllocatedBit      0x200042c4     0x4  Data  Lc  heap_4.o [1]
xDelayedTaskList1       0x20004224    0x14  Data  Lc  tasks.o [1]
xDelayedTaskList2       0x20004238    0x14  Data  Lc  tasks.o [1]
xFreeBytesRemaining     0x200042bc     0x4  Data  Lc  heap_4.o [1]
xHeapStructSize         0x0800a08c     0x4  Data  Lc  heap_4.o [1]
xMinimumEverFreeBytesRemaining
                        0x200042c0     0x4  Data  Lc  heap_4.o [1]
xNextTaskUnblockTime    0x20004324     0x4  Data  Lc  tasks.o [1]
xNumOfOverflows         0x2000431c     0x4  Data  Lc  tasks.o [1]
xPendingReadyList       0x2000424c    0x14  Data  Lc  tasks.o [1]
xPortStartScheduler     0x08002d49    0x88  Code  Gb  port.o [1]
xPortSysTickHandler     0x08002e3d    0x1e  Code  Gb  port.o [1]
xQueueGenericCreate     0x080026bd    0x66  Code  Gb  queue.o [1]
xQueueGenericReceive    0x08002931   0x184  Code  Gb  queue.o [1]
xQueueGenericReset      0x08002645    0x78  Code  Gb  queue.o [1]
xQueueGenericSend       0x08002723   0x160  Code  Gb  queue.o [1]
xQueueGiveFromISR       0x08002883    0xae  Code  Gb  queue.o [1]
xQueueReceiveFromISR    0x08002ab5    0xa2  Code  Gb  queue.o [1]
xQueueRegistry          0x2000410c    0x40  Data  Gb  queue.o [1]
xSchedulerRunning       0x20004310     0x4  Data  Lc  tasks.o [1]
xStart                  0x200042a0     0x8  Data  Lc  heap_4.o [1]
xSuspendedTaskList      0x20004274    0x14  Data  Lc  tasks.o [1]
xTaskCheckForTimeOut    0x0800219d    0x74  Code  Gb  tasks.o [1]
xTaskGenericCreate      0x08001ba9   0x14e  Code  Gb  tasks.o [1]
xTaskGetSchedulerState  0x0800245d    0x26  Code  Gb  tasks.o [1]
xTaskIncrementTick      0x08001eb3   0x134  Code  Gb  tasks.o [1]
xTaskPriorityDisinherit
                        0x08002535    0xa4  Code  Gb  tasks.o [1]
xTaskRemoveFromEventList
                        0x08002101    0x7c  Code  Gb  tasks.o [1]
xTaskResumeAll          0x08001dcb    0xe8  Code  Gb  tasks.o [1]
xTasksWaitingTermination
                        0x20004260    0x14  Data  Lc  tasks.o [1]
xTickCount              0x20004308     0x4  Data  Lc  tasks.o [1]
xYieldPending           0x20004318     0x4  Data  Lc  tasks.o [1]


[1] = D:\Work\old\Sound\src\sound103\EWARM\sound103\Obj
[2] = command line
[3] = dl7M_tlf.a
[4] = rt7M_tl.a
[5] = shb_l.a

  40 234 bytes of readonly  code memory
   1 252 bytes of readonly  data memory
  17 200 bytes of readwrite data memory

Errors: none
Warnings: none
