###############################################################################
#
# IAR ELF Linker V7.60.1.11101/W32 for ARM                01/Aug/2017  17:05:07
# Copyright 2007-2016 IAR Systems AB.
#
#    Output file  =  
#        D:\Work\old\Sound\src\sound103\EWARM\sound103\Exe\sound103.out
#    Map file     =  
#        D:\Work\old\Sound\src\sound103\EWARM\sound103\List\sound103.map
#    Command line =  
#        D:\Work\old\Sound\src\sound103\EWARM\sound103\Obj\cmsis_os.o
#        D:\Work\old\Sound\src\sound103\EWARM\sound103\Obj\croutine.o
#        D:\Work\old\Sound\src\sound103\EWARM\sound103\Obj\diskio.o
#        D:\Work\old\Sound\src\sound103\EWARM\sound103\Obj\event_groups.o
#        D:\Work\old\Sound\src\sound103\EWARM\sound103\Obj\fatfs.o
#        D:\Work\old\Sound\src\sound103\EWARM\sound103\Obj\ff.o
#        D:\Work\old\Sound\src\sound103\EWARM\sound103\Obj\ff_gen_drv.o
#        D:\Work\old\Sound\src\sound103\EWARM\sound103\Obj\freertos.o
#        D:\Work\old\Sound\src\sound103\EWARM\sound103\Obj\GsmTask.o
#        D:\Work\old\Sound\src\sound103\EWARM\sound103\Obj\heap_4.o
#        D:\Work\old\Sound\src\sound103\EWARM\sound103\Obj\list.o
#        D:\Work\old\Sound\src\sound103\EWARM\sound103\Obj\main.o
#        D:\Work\old\Sound\src\sound103\EWARM\sound103\Obj\MainTask.o
#        D:\Work\old\Sound\src\sound103\EWARM\sound103\Obj\port.o
#        D:\Work\old\Sound\src\sound103\EWARM\sound103\Obj\portasm.o
#        D:\Work\old\Sound\src\sound103\EWARM\sound103\Obj\queue.o
#        D:\Work\old\Sound\src\sound103\EWARM\sound103\Obj\SoundTask.o
#        D:\Work\old\Sound\src\sound103\EWARM\sound103\Obj\SPI_Flash.o
#        D:\Work\old\Sound\src\sound103\EWARM\sound103\Obj\startup_stm32f103xb.o
#        D:\Work\old\Sound\src\sound103\EWARM\sound103\Obj\stm32f1xx_hal.o
#        D:\Work\old\Sound\src\sound103\EWARM\sound103\Obj\stm32f1xx_hal_cortex.o
#        D:\Work\old\Sound\src\sound103\EWARM\sound103\Obj\stm32f1xx_hal_crc.o
#        D:\Work\old\Sound\src\sound103\EWARM\sound103\Obj\stm32f1xx_hal_dma.o
#        D:\Work\old\Sound\src\sound103\EWARM\sound103\Obj\stm32f1xx_hal_flash.o
#        D:\Work\old\Sound\src\sound103\EWARM\sound103\Obj\stm32f1xx_hal_flash_ex.o
#        D:\Work\old\Sound\src\sound103\EWARM\sound103\Obj\stm32f1xx_hal_gpio.o
#        D:\Work\old\Sound\src\sound103\EWARM\sound103\Obj\stm32f1xx_hal_gpio_ex.o
#        D:\Work\old\Sound\src\sound103\EWARM\sound103\Obj\stm32f1xx_hal_msp.o
#        D:\Work\old\Sound\src\sound103\EWARM\sound103\Obj\stm32f1xx_hal_pcd.o
#        D:\Work\old\Sound\src\sound103\EWARM\sound103\Obj\stm32f1xx_hal_pcd_ex.o
#        D:\Work\old\Sound\src\sound103\EWARM\sound103\Obj\stm32f1xx_hal_pwr.o
#        D:\Work\old\Sound\src\sound103\EWARM\sound103\Obj\stm32f1xx_hal_rcc.o
#        D:\Work\old\Sound\src\sound103\EWARM\sound103\Obj\stm32f1xx_hal_rcc_ex.o
#        D:\Work\old\Sound\src\sound103\EWARM\sound103\Obj\stm32f1xx_hal_rtc.o
#        D:\Work\old\Sound\src\sound103\EWARM\sound103\Obj\stm32f1xx_hal_rtc_ex.o
#        D:\Work\old\Sound\src\sound103\EWARM\sound103\Obj\stm32f1xx_hal_spi.o
#        D:\Work\old\Sound\src\sound103\EWARM\sound103\Obj\stm32f1xx_hal_spi_ex.o
#        D:\Work\old\Sound\src\sound103\EWARM\sound103\Obj\stm32f1xx_hal_tim.o
#        D:\Work\old\Sound\src\sound103\EWARM\sound103\Obj\stm32f1xx_hal_tim_ex.o
#        D:\Work\old\Sound\src\sound103\EWARM\sound103\Obj\stm32f1xx_hal_timebase_TIM.o
#        D:\Work\old\Sound\src\sound103\EWARM\sound103\Obj\stm32f1xx_it.o
#        D:\Work\old\Sound\src\sound103\EWARM\sound103\Obj\stm32f1xx_ll_usb.o
#        D:\Work\old\Sound\src\sound103\EWARM\sound103\Obj\syscall.o
#        D:\Work\old\Sound\src\sound103\EWARM\sound103\Obj\system_stm32f1xx.o
#        D:\Work\old\Sound\src\sound103\EWARM\sound103\Obj\tasks.o
#        D:\Work\old\Sound\src\sound103\EWARM\sound103\Obj\timers.o
#        D:\Work\old\Sound\src\sound103\EWARM\sound103\Obj\usb_device.o
#        D:\Work\old\Sound\src\sound103\EWARM\sound103\Obj\usbd_conf.o
#        D:\Work\old\Sound\src\sound103\EWARM\sound103\Obj\usbd_core.o
#        D:\Work\old\Sound\src\sound103\EWARM\sound103\Obj\usbd_ctlreq.o
#        D:\Work\old\Sound\src\sound103\EWARM\sound103\Obj\usbd_desc.o
#        D:\Work\old\Sound\src\sound103\EWARM\sound103\Obj\usbd_ioreq.o
#        D:\Work\old\Sound\src\sound103\EWARM\sound103\Obj\usbd_msc.o
#        D:\Work\old\Sound\src\sound103\EWARM\sound103\Obj\usbd_msc_bot.o
#        D:\Work\old\Sound\src\sound103\EWARM\sound103\Obj\usbd_msc_data.o
#        D:\Work\old\Sound\src\sound103\EWARM\sound103\Obj\usbd_msc_scsi.o
#        D:\Work\old\Sound\src\sound103\EWARM\sound103\Obj\usbd_storage_if.o
#        D:\Work\old\Sound\src\sound103\EWARM\sound103\Obj\user_diskio.o
#        D:\Work\old\Sound\src\sound103\EWARM\sound103\Obj\WiFiTask.o
#        --redirect _Printf=_PrintfFull --redirect _Scanf=_ScanfFull -o
#        D:\Work\old\Sound\src\sound103\EWARM\sound103\Exe\sound103.out --map
#        D:\Work\old\Sound\src\sound103\EWARM\sound103\List\sound103.map
#        --config D:\Work\old\Sound\src\sound103\EWARM/stm32f103xb_flash.icf
#        --semihosting --entry __iar_program_start --vfe
#
###############################################################################

*******************************************************************************
*** RUNTIME MODEL ATTRIBUTES
***

CppFlavor       = *
__SystemLibrary = DLib


*******************************************************************************
*** PLACEMENT SUMMARY
***

"A1":  place at 0x08000000 { ro section .intvec };
"P1":  place in [from 0x08000000 to 0x0801ffff] { ro };
"P2":  place in [from 0x20000000 to 0x20004fff] { rw, block CSTACK, block HEAP };
initialize by copy { rw };

  Section            Kind        Address    Size  Object
  -------            ----        -------    ----  ------
"A1":                                       0xec
  .intvec            ro code  0x08000000    0xec  startup_stm32f103xb.o [1]
                            - 0x080000ec    0xec

"P1":                                     0xa319
  .text              ro code  0x080000ec  0x1a30  ff.o [1]
  .text              ro code  0x08001b1c    0x62  syscall.o [1]
  .rodata            const    0x08001b7e     0x2  SPI_Flash.o [1]
  .text              ro code  0x08001b80    0xf8  diskio.o [1]
  .text              ro code  0x08001c78    0x20  fatfs.o [1]
  .text              ro code  0x08001c98   0x1ac  cmsis_os.o [1]
  .text              ro code  0x08001e44    0x70  ff_gen_drv.o [1]
  .text              ro code  0x08001eb4   0xa9c  tasks.o [1]
  .text              ro code  0x08002950   0x6d0  queue.o [1]
  .text              ro code  0x08003020   0x1cc  port.o [1]
  CODE               ro code  0x080031ec    0x94  portasm.o [1]
  .text              ro code  0x08003280    0x9e  list.o [1]
  .text              ro code  0x0800331e     0x2  freertos.o [1]
  .text              ro code  0x08003320   0x250  heap_4.o [1]
  .text              ro code  0x08003570    0x66  ABImemset.o [4]
  .rodata            const    0x080035d6     0x2  stm32f1xx_hal_rcc.o [1]
  .text              ro code  0x080035d8    0x76  ABImemcpy_unaligned.o [4]
  .rodata            const    0x0800364e     0x2  stm32f1xx_hal_rcc_ex.o [1]
  .text              ro code  0x08003650   0xa74  stm32f1xx_hal_rcc.o [1]
  .text              ro code  0x080040c4    0x58  stm32f1xx_hal.o [1]
  .text              ro code  0x0800411c    0x94  stm32f1xx_hal_timebase_TIM.o [1]
  .text              ro code  0x080041b0   0x160  stm32f1xx_hal_cortex.o [1]
  .text              ro code  0x08004310   0x214  stm32f1xx_hal_msp.o [1]
  .text              ro code  0x08004524   0x8a4  stm32f1xx_hal_tim.o [1]
  .text              ro code  0x08004dc8    0x18  stm32f1xx_hal_pwr.o [1]
  .text              ro code  0x08004de0   0x310  stm32f1xx_hal_gpio.o [1]
  .text              ro code  0x080050f0   0x3ca  stm32f1xx_hal_dma.o [1]
  .text              ro code  0x080054bc   0x47e  main.o [1]
  .text              ro code  0x0800593c    0x64  stm32f1xx_hal_tim_ex.o [1]
  .text              ro code  0x080059a0   0x300  SPI_Flash.o [1]
  .text              ro code  0x08005ca0   0x284  stm32f1xx_hal_rcc_ex.o [1]
  .text              ro code  0x08005f24    0x24  stm32f1xx_hal_crc.o [1]
  .text              ro code  0x08005f48   0x198  stm32f1xx_hal_rtc.o [1]
  .text              ro code  0x080060e0    0x9a  stm32f1xx_hal_spi_ex.o [1]
  .text              ro code  0x0800617c    0x34  usb_device.o [1]
  .text              ro code  0x080061b0     0xe  MainTask.o [1]
  .text              ro code  0x080061c0   0x194  SoundTask.o [1]
  .text              ro code  0x08006354   0x870  stm32f1xx_hal_spi.o [1]
  .text              ro code  0x08006bc4   0x328  usbd_core.o [1]
  .text              ro code  0x08006eec   0x236  usbd_msc.o [1]
  .text              ro code  0x08007124   0x4f8  usbd_conf.o [1]
  .text              ro code  0x0800761c   0x66a  usbd_ctlreq.o [1]
  .text              ro code  0x08007c86    0x90  usbd_ioreq.o [1]
  .text              ro code  0x08007d18   0x2b8  usbd_msc_bot.o [1]
  .text              ro code  0x08007fd0   0x9da  stm32f1xx_hal_pcd.o [1]
  .text              ro code  0x080089aa    0x48  stm32f1xx_hal_pcd_ex.o [1]
  .text              ro code  0x080089f4   0x7ea  usbd_msc_scsi.o [1]
  .text              ro code  0x080091de   0xa5a  stm32f1xx_ll_usb.o [1]
  .text              ro code  0x08009c38    0xe0  usbd_desc.o [1]
  .rodata            const    0x08009d18    0x80  ff.o [1]
  .text              ro code  0x08009d98    0x78  lz77_init_single.o [4]
  .text              ro code  0x08009e10    0x74  usbd_storage_if.o [1]
  .text              ro code  0x08009e84    0x74  user_diskio.o [1]
  .text              ro code  0x08009ef8    0x68  system_stm32f1xx.o [1]
  .text              ro code  0x08009f60    0x44  stm32f1xx_it.o [1]
  .text              ro code  0x08009fa4    0x40  zero_init3.o [4]
  .rodata            const    0x08009fe4    0x38  stm32f1xx_hal_msp.o [1]
  .rodata            const    0x0800a01c    0x30  usbd_conf.o [1]
  .rodata            const    0x0800a04c    0x2c  main.o [1]
  .text              ro code  0x0800a078    0x28  data_init.o [4]
  .rodata            const    0x0800a0a0    0x24  usbd_storage_if.o [1]
  .iar.init_table    const    0x0800a0c4    0x20  - Linker created -
  .text              ro code  0x0800a0e4    0x1a  cmain.o [4]
  .text              ro code  0x0800a0fe     0x4  low_level_init.o [3]
  .text              ro code  0x0800a102     0x4  exit.o [3]
  .text              ro code  0x0800a108     0xa  cexit.o [4]
  .text              ro code  0x0800a114    0x14  exit.o [5]
  .rodata            const    0x0800a128    0x14  main.o [1]
  .rodata            const    0x0800a13c    0x14  main.o [1]
  .rodata            const    0x0800a150    0x14  main.o [1]
  .rodata            const    0x0800a164    0x14  main.o [1]
  .rodata            const    0x0800a178    0x14  usbd_desc.o [1]
  .rodata            const    0x0800a18c    0x10  ff.o [1]
  .rodata            const    0x0800a19c    0x10  stm32f1xx_hal_rcc.o [1]
  .rodata            const    0x0800a1ac    0x10  stm32f1xx_hal_rcc_ex.o [1]
  .rodata            const    0x0800a1bc    0x10  system_stm32f1xx.o [1]
  .rodata            const    0x0800a1cc    0x10  usbd_desc.o [1]
  .rodata            const    0x0800a1dc    0x10  usbd_desc.o [1]
  .rodata            const    0x0800a1ec    0x10  usbd_desc.o [1]
  .text              ro code  0x0800a1fc    0x10  startup_stm32f103xb.o [1]
  .rodata            const    0x0800a20c     0xc  main.o [1]
  .rodata            const    0x0800a218     0xc  main.o [1]
  .rodata            const    0x0800a224     0xc  main.o [1]
  .rodata            const    0x0800a230     0xc  SoundTask.o [1]
  .rodata            const    0x0800a23c     0xc  usbd_desc.o [1]
  .text              ro code  0x0800a248     0xc  cstartup_M.o [4]
  .rodata            const    0x0800a254     0x8  main.o [1]
  .rodata            const    0x0800a25c     0x8  system_stm32f1xx.o [1]
  .rodata            const    0x0800a264     0x8  tasks.o [1]
  .rodata            const    0x0800a26c     0x8  usbd_msc_data.o [1]
  .rodata            const    0x0800a274     0x8  usbd_msc_data.o [1]
  .rodata            const    0x0800a27c     0x8  usbd_msc_data.o [1]
  .rodata            const    0x0800a284     0x4  heap_4.o [1]
  .rodata            const    0x0800a288     0x4  main.o [1]
  .rodata            const    0x0800a28c     0x4  port.o [1]
  .rodata            const    0x0800a290     0x4  SPI_Flash.o [1]
  .rodata            const    0x0800a294     0x4  SPI_Flash.o [1]
  .rodata            const    0x0800a298     0x4  SPI_Flash.o [1]
  .rodata            const    0x0800a29c     0x4  syscall.o [1]
  .text              ro code  0x0800a2a0     0x4  startup_stm32f103xb.o [1]
  .text              ro code  0x0800a2a4     0x4  startup_stm32f103xb.o [1]
  .text              ro code  0x0800a2a8     0x4  startup_stm32f103xb.o [1]
  .text              ro code  0x0800a2ac     0x4  startup_stm32f103xb.o [1]
  .text              ro code  0x0800a2b0     0x4  startup_stm32f103xb.o [1]
  .text              ro code  0x0800a2b4     0x4  startup_stm32f103xb.o [1]
  .text              ro code  0x0800a2b8     0x4  startup_stm32f103xb.o [1]
  .text              ro code  0x0800a2bc     0x4  startup_stm32f103xb.o [1]
  .text              ro code  0x0800a2c0     0x4  startup_stm32f103xb.o [1]
  .text              ro code  0x0800a2c4     0x4  startup_stm32f103xb.o [1]
  .text              ro code  0x0800a2c8     0x4  startup_stm32f103xb.o [1]
  .text              ro code  0x0800a2cc     0x4  startup_stm32f103xb.o [1]
  .text              ro code  0x0800a2d0     0x4  startup_stm32f103xb.o [1]
  .text              ro code  0x0800a2d4     0x4  startup_stm32f103xb.o [1]
  .text              ro code  0x0800a2d8     0x4  startup_stm32f103xb.o [1]
  .text              ro code  0x0800a2dc     0x4  startup_stm32f103xb.o [1]
  .text              ro code  0x0800a2e0     0x4  startup_stm32f103xb.o [1]
  .text              ro code  0x0800a2e4     0x4  startup_stm32f103xb.o [1]
  .text              ro code  0x0800a2e8     0x4  startup_stm32f103xb.o [1]
  .text              ro code  0x0800a2ec     0x4  startup_stm32f103xb.o [1]
  .text              ro code  0x0800a2f0     0x4  startup_stm32f103xb.o [1]
  .text              ro code  0x0800a2f4     0x4  startup_stm32f103xb.o [1]
  .text              ro code  0x0800a2f8     0x4  startup_stm32f103xb.o [1]
  .text              ro code  0x0800a2fc     0x4  startup_stm32f103xb.o [1]
  .text              ro code  0x0800a300     0x4  startup_stm32f103xb.o [1]
  .text              ro code  0x0800a304     0x4  startup_stm32f103xb.o [1]
  .text              ro code  0x0800a308     0x4  startup_stm32f103xb.o [1]
  .text              ro code  0x0800a30c     0x4  startup_stm32f103xb.o [1]
  .text              ro code  0x0800a310     0x4  startup_stm32f103xb.o [1]
  .text              ro code  0x0800a314     0x4  startup_stm32f103xb.o [1]
  .text              ro code  0x0800a318     0x4  startup_stm32f103xb.o [1]
  .text              ro code  0x0800a31c     0x4  startup_stm32f103xb.o [1]
  .text              ro code  0x0800a320     0x4  startup_stm32f103xb.o [1]
  .text              ro code  0x0800a324     0x4  startup_stm32f103xb.o [1]
  .text              ro code  0x0800a328     0x4  startup_stm32f103xb.o [1]
  .text              ro code  0x0800a32c     0x4  startup_stm32f103xb.o [1]
  .text              ro code  0x0800a330     0x4  startup_stm32f103xb.o [1]
  .text              ro code  0x0800a334     0x4  startup_stm32f103xb.o [1]
  .text              ro code  0x0800a338     0x4  startup_stm32f103xb.o [1]
  .text              ro code  0x0800a33c     0x4  startup_stm32f103xb.o [1]
  .rodata            const    0x0800a340     0x0  zero_init3.o [4]
  .rodata            const    0x0800a340     0x0  lz77_init_single.o [4]
  Initializer bytes  const    0x0800a340    0xc5  <for P2-1>
                            - 0x0800a405  0xa319

"P2", part 1 of 3:                         0x11d
  P2-1                        0x20000000   0x11d  <Init block>
    .data            inited   0x20000000     0x4  port.o [1]
    .data            inited   0x20000004     0x4  SoundTask.o [1]
    .data            inited   0x20000008     0x4  SPI_Flash.o [1]
    .data            inited   0x2000000c     0x4  system_stm32f1xx.o [1]
    .data            inited   0x20000010    0x1c  usbd_desc.o [1]
    .data            inited   0x2000002c    0x14  usbd_desc.o [1]
    .data            inited   0x20000040     0x4  usbd_desc.o [1]
    .data            inited   0x20000044    0x38  usbd_msc.o [1]
    .data            inited   0x2000007c    0x20  usbd_msc.o [1]
    .data            inited   0x2000009c    0x20  usbd_msc.o [1]
    .data            inited   0x200000bc    0x20  usbd_msc.o [1]
    .data            inited   0x200000dc     0xc  usbd_msc.o [1]
    .data            inited   0x200000e8    0x20  usbd_storage_if.o [1]
    .data            inited   0x20000108    0x14  user_diskio.o [1]
    .data            inited   0x2000011c     0x1  user_diskio.o [1]
                            - 0x2000011d   0x11d

"P2", part 2 of 3:                         0x800
  CSTACK                      0x20000120   0x800  <Block>
    CSTACK           uninit   0x20000120   0x800  <Block tail>
                            - 0x20000920   0x800

"P2", part 3 of 3:                        0x2d5c
  .bss               zero     0x20000920  0x1388  heap_4.o [1]
  .bss               zero     0x20001ca8   0x7d0  SoundTask.o [1]
  .bss               zero     0x20002478   0x420  usbd_conf.o [1]
  .bss               zero     0x20002898   0x270  usbd_conf.o [1]
  .bss               zero     0x20002b08   0x234  SoundTask.o [1]
  .bss               zero     0x20002d3c   0x22c  SoundTask.o [1]
  .bss               zero     0x20002f68   0x224  usb_device.o [1]
  .bss               zero     0x2000318c   0x200  usbd_desc.o [1]
  .bss               zero     0x2000338c    0x8c  tasks.o [1]
  .bss               zero     0x20003418    0x58  main.o [1]
  .bss               zero     0x20003470    0x40  queue.o [1]
  .bss               zero     0x200034b0    0x3c  main.o [1]
  .bss               zero     0x200034ec    0x3c  stm32f1xx_hal_timebase_TIM.o [1]
  .bss               zero     0x20003528    0x38  main.o [1]
  .bss               zero     0x20003560    0x14  main.o [1]
  .bss               zero     0x20003574    0x14  tasks.o [1]
  .bss               zero     0x20003588    0x14  tasks.o [1]
  .bss               zero     0x2000359c    0x14  tasks.o [1]
  .bss               zero     0x200035b0    0x14  tasks.o [1]
  .bss               zero     0x200035c4    0x14  tasks.o [1]
  .bss               zero     0x200035d8     0xc  ff.o [1]
  .bss               zero     0x200035e4     0xc  ff_gen_drv.o [1]
  .bss               zero     0x200035f0     0x8  heap_4.o [1]
  .bss               zero     0x200035f8     0x8  main.o [1]
  .bss               zero     0x20003600     0x4  fatfs.o [1]
  .bss               zero     0x20003604     0x4  ff.o [1]
  .bss               zero     0x20003608     0x4  heap_4.o [1]
  .bss               zero     0x2000360c     0x4  heap_4.o [1]
  .bss               zero     0x20003610     0x4  heap_4.o [1]
  .bss               zero     0x20003614     0x4  heap_4.o [1]
  .bss               zero     0x20003618     0x4  main.o [1]
  .bss               zero     0x2000361c     0x4  main.o [1]
  .bss               zero     0x20003620     0x4  main.o [1]
  .bss               zero     0x20003624     0x4  main.o [1]
  .bss               zero     0x20003628     0x4  main.o [1]
  .bss               zero     0x2000362c     0x4  port.o [1]
  .bss               zero     0x20003630     0x4  SoundTask.o [1]
  .bss               zero     0x20003634     0x4  SPI_Flash.o [1]
  .bss               zero     0x20003638     0x4  stm32f1xx_hal.o [1]
  .bss               zero     0x2000363c     0x4  tasks.o [1]
  .bss               zero     0x20003640     0x4  tasks.o [1]
  .bss               zero     0x20003644     0x4  tasks.o [1]
  .bss               zero     0x20003648     0x4  tasks.o [1]
  .bss               zero     0x2000364c     0x4  tasks.o [1]
  .bss               zero     0x20003650     0x4  tasks.o [1]
  .bss               zero     0x20003654     0x4  tasks.o [1]
  .bss               zero     0x20003658     0x4  tasks.o [1]
  .bss               zero     0x2000365c     0x4  tasks.o [1]
  .bss               zero     0x20003660     0x4  tasks.o [1]
  .bss               zero     0x20003664     0x4  tasks.o [1]
  .bss               zero     0x20003668     0x4  tasks.o [1]
  .bss               zero     0x2000366c     0x4  tasks.o [1]
  .bss               zero     0x20003670     0x4  tasks.o [1]
  .bss               zero     0x20003674     0x2  ff.o [1]
  .bss               zero     0x20003676     0x1  fatfs.o [1]
  .bss               zero     0x20003677     0x1  port.o [1]
  .bss               zero     0x20003678     0x1  stm32f1xx_hal_spi_ex.o [1]
  .bss               zero     0x20003679     0x1  usbd_ctlreq.o [1]
                            - 0x2000367a  0x2d5a


*******************************************************************************
*** INIT TABLE
***

          Address     Size
          -------     ----
Zero (__iar_zero_init3)
    1 destination range, total size 0x2d5a:
          0x20000920  0x2d5a

Copy/lz77 (__iar_lz77_init_single3)
    1 source range, total size 0xc5 (69% of destination):
          0x0800a340    0xc5
    1 destination range, total size 0x11d:
          0x20000000   0x11d



*******************************************************************************
*** MODULE SUMMARY
***

    Module                        ro code  ro data  rw data
    ------                        -------  -------  -------
D:\Work\old\Sound\src\sound103\EWARM\sound103\Obj: [1]
    MainTask.o                         14
    SPI_Flash.o                       768       17        8
    SoundTask.o                       404       15    3 128
    cmsis_os.o                        428
    diskio.o                          248
    fatfs.o                            32                 5
    ff.o                            6 704      144       18
    ff_gen_drv.o                      112                12
    freertos.o                          2
    heap_4.o                          592        4    5 024
    list.o                            158
    main.o                          1 150      172      252
    port.o                            460        6        9
    portasm.o                         148
    queue.o                         1 744                64
    startup_stm32f103xb.o             412
    stm32f1xx_hal.o                    88                 4
    stm32f1xx_hal_cortex.o            352
    stm32f1xx_hal_crc.o                36
    stm32f1xx_hal_dma.o               970
    stm32f1xx_hal_gpio.o              784
    stm32f1xx_hal_msp.o               532       56
    stm32f1xx_hal_pcd.o             2 522
    stm32f1xx_hal_pcd_ex.o             72
    stm32f1xx_hal_pwr.o                24
    stm32f1xx_hal_rcc.o             2 676       18
    stm32f1xx_hal_rcc_ex.o            644       18
    stm32f1xx_hal_rtc.o               408
    stm32f1xx_hal_spi.o             2 160
    stm32f1xx_hal_spi_ex.o            154                 1
    stm32f1xx_hal_tim.o             2 212
    stm32f1xx_hal_tim_ex.o            100
    stm32f1xx_hal_timebase_TIM.o      148                60
    stm32f1xx_it.o                     68
    stm32f1xx_ll_usb.o              2 650
    syscall.o                          98        4
    system_stm32f1xx.o                104       27        4
    tasks.o                         2 716        8      296
    usb_device.o                       52               548
    usbd_conf.o                     1 272       48    1 680
    usbd_core.o                       808
    usbd_ctlreq.o                   1 642                 1
    usbd_desc.o                       224      116      564
    usbd_ioreq.o                      144
    usbd_msc.o                        566      113      164
    usbd_msc_bot.o                    696
    usbd_msc_data.o                             24
    usbd_msc_scsi.o                 2 026
    usbd_storage_if.o                 116       58       32
    user_diskio.o                     116       15       21
    -------------------------------------------------------
    Total:                         40 556      863   11 895

command line: [2]
    -------------------------------------------------------
    Total:

dl7M_tlf.a: [3]
    exit.o                              4
    low_level_init.o                    4
    -------------------------------------------------------
    Total:                              8

rt7M_tl.a: [4]
    ABImemcpy_unaligned.o             118
    ABImemset.o                       102
    cexit.o                            10
    cmain.o                            26
    cstartup_M.o                       12
    data_init.o                        40
    lz77_init_single.o                120
    zero_init3.o                       64
    -------------------------------------------------------
    Total:                            492

shb_l.a: [5]
    exit.o                             20
    -------------------------------------------------------
    Total:                             20

    Gaps                               18
    Linker created                              32    2 048
-----------------------------------------------------------
    Grand Total:                   41 094      895   13 943


*******************************************************************************
*** ENTRY LIST
***

Entry                      Address    Size  Type      Object
-----                      -------    ----  ----      ------
.iar.init_table$$Base   0x0800a0c4           --   Gb  - Linker created -
.iar.init_table$$Limit  0x0800a0e4           --   Gb  - Linker created -
?main                   0x0800a0e5          Code  Gb  cmain.o [4]
AHBPrescTable           0x0800a1bc    0x10  Data  Gb  system_stm32f1xx.o [1]
APBPrescTable           0x0800a25c     0x8  Data  Gb  system_stm32f1xx.o [1]
Buffer                  0x20001ca8   0x7d0  Data  Gb  SoundTask.o [1]
BusFault_Handler        0x08009f67     0x2  Code  Gb  stm32f1xx_it.o [1]
CSTACK$$Base            0x20000120           --   Gb  - Linker created -
CSTACK$$Limit           0x20000920           --   Gb  - Linker created -
DMA1_Channel5_IRQHandler
                        0x08009f75     0xe  Code  Gb  stm32f1xx_it.o [1]
DMA_SetConfig           0x08005499    0x22  Code  Lc  stm32f1xx_hal_dma.o [1]
DMAsoundSemHandle       0x20003628     0x4  Data  Gb  main.o [1]
DebugMon_Handler        0x08009f6b     0x2  Code  Gb  stm32f1xx_it.o [1]
ExCvt                   0x08009d18    0x80  Data  Lc  ff.o [1]
FATFS_LinkDriver        0x08001e9d    0x12  Code  Gb  ff_gen_drv.o [1]
FATFS_LinkDriverEx      0x08001e45    0x58  Code  Gb  ff_gen_drv.o [1]
FS_Desc                 0x20000010    0x1c  Data  Gb  usbd_desc.o [1]
FatFs                   0x20003604     0x4  Data  Lc  ff.o [1]
Files                   0x200035d8     0xc  Data  Lc  ff.o [1]
Fsid                    0x20003674     0x2  Data  Lc  ff.o [1]
GsmTaskHandle           0x20003624     0x4  Data  Gb  main.o [1]
HAL_CRC_Init            0x08005f25    0x24  Code  Gb  stm32f1xx_hal_crc.o [1]
HAL_CRC_MspInit         0x08004397    0x26  Code  Gb  stm32f1xx_hal_msp.o [1]
HAL_DMA_IRQHandler      0x080051b7   0x2c2  Code  Gb  stm32f1xx_hal_dma.o [1]
HAL_DMA_Init            0x080050f1    0x58  Code  Gb  stm32f1xx_hal_dma.o [1]
HAL_DMA_Start_IT        0x08005149    0x6e  Code  Gb  stm32f1xx_hal_dma.o [1]
HAL_Delay               0x080040f9    0x1a  Code  Wk  stm32f1xx_hal.o [1]
HAL_GPIO_Init           0x08004de1   0x2ba  Code  Gb  stm32f1xx_hal_gpio.o [1]
HAL_GPIO_WritePin       0x0800509b    0x14  Code  Gb  stm32f1xx_hal_gpio.o [1]
HAL_GetTick             0x080040f3     0x6  Code  Wk  stm32f1xx_hal.o [1]
HAL_IncTick             0x080040e7     0xc  Code  Wk  stm32f1xx_hal.o [1]
HAL_Init                0x080040c5    0x22  Code  Gb  stm32f1xx_hal.o [1]
HAL_InitTick            0x0800411d    0x82  Code  Gb  stm32f1xx_hal_timebase_TIM.o [1]
HAL_MspInit             0x08004311    0x86  Code  Gb  stm32f1xx_hal_msp.o [1]
HAL_NVIC_EnableIRQ      0x080042b3     0xe  Code  Gb  stm32f1xx_hal_cortex.o [1]
HAL_NVIC_SetPriority    0x0800428d    0x26  Code  Gb  stm32f1xx_hal_cortex.o [1]
HAL_NVIC_SetPriorityGrouping
                        0x08004281     0xc  Code  Gb  stm32f1xx_hal_cortex.o [1]
HAL_PCDEx_PMAConfig     0x080089ab    0x48  Code  Gb  stm32f1xx_hal_pcd_ex.o [1]
HAL_PCDEx_SetConnectionState
                        0x0800761b     0x2  Code  Gb  usbd_conf.o [1]
HAL_PCD_DataInStageCallback
                        0x08007199    0x1c  Code  Gb  usbd_conf.o [1]
HAL_PCD_DataOutStageCallback
                        0x0800717b    0x1e  Code  Gb  usbd_conf.o [1]
HAL_PCD_EP_Close        0x08008303    0x62  Code  Gb  stm32f1xx_hal_pcd.o [1]
HAL_PCD_EP_ClrStall     0x080084d1    0x62  Code  Gb  stm32f1xx_hal_pcd.o [1]
HAL_PCD_EP_Flush        0x08008533    0x3c  Code  Gb  stm32f1xx_hal_pcd.o [1]
HAL_PCD_EP_GetRxCount   0x080083d9    0x12  Code  Gb  stm32f1xx_hal_pcd.o [1]
HAL_PCD_EP_Open         0x08008283    0x80  Code  Gb  stm32f1xx_hal_pcd.o [1]
HAL_PCD_EP_Receive      0x08008365    0x74  Code  Gb  stm32f1xx_hal_pcd.o [1]
HAL_PCD_EP_SetStall     0x0800845b    0x76  Code  Gb  stm32f1xx_hal_pcd.o [1]
HAL_PCD_EP_Transmit     0x080083eb    0x70  Code  Gb  stm32f1xx_hal_pcd.o [1]
HAL_PCD_IRQHandler      0x0800810f   0x144  Code  Gb  stm32f1xx_hal_pcd.o [1]
HAL_PCD_Init            0x08007fd1   0x10a  Code  Gb  stm32f1xx_hal_pcd.o [1]
HAL_PCD_MspInit         0x08007125    0x40  Code  Gb  usbd_conf.o [1]
HAL_PCD_ResetCallback   0x080071c3    0x2c  Code  Gb  usbd_conf.o [1]
HAL_PCD_ResumeCallback  0x08007213     0xe  Code  Gb  usbd_conf.o [1]
HAL_PCD_SOFCallback     0x080071b5     0xe  Code  Gb  usbd_conf.o [1]
HAL_PCD_SetAddress      0x08008253    0x30  Code  Gb  stm32f1xx_hal_pcd.o [1]
HAL_PCD_SetupStageCallback
                        0x08007165    0x16  Code  Gb  usbd_conf.o [1]
HAL_PCD_Start           0x080080db    0x34  Code  Gb  stm32f1xx_hal_pcd.o [1]
HAL_PCD_SuspendCallback
                        0x080071ef    0x24  Code  Gb  usbd_conf.o [1]
HAL_PWR_EnableBkUpAccess
                        0x08004dc9    0x14  Code  Gb  stm32f1xx_hal_pwr.o [1]
HAL_RCCEx_GetPeriphCLKFreq
                        0x08005dd1   0x126  Code  Gb  stm32f1xx_hal_rcc_ex.o [1]
HAL_RCCEx_PeriphCLKConfig
                        0x08005ca1   0x130  Code  Gb  stm32f1xx_hal_rcc_ex.o [1]
HAL_RCC_ClockConfig     0x08003d4f   0x22a  Code  Gb  stm32f1xx_hal_rcc.o [1]
HAL_RCC_GetClockConfig  0x08004049    0x3a  Code  Gb  stm32f1xx_hal_rcc.o [1]
HAL_RCC_GetHCLKFreq     0x08004003     0x6  Code  Gb  stm32f1xx_hal_rcc.o [1]
HAL_RCC_GetPCLK1Freq    0x08004009    0x20  Code  Gb  stm32f1xx_hal_rcc.o [1]
HAL_RCC_GetPCLK2Freq    0x08004029    0x20  Code  Gb  stm32f1xx_hal_rcc.o [1]
HAL_RCC_GetSysClockFreq
                        0x08003f79    0x8a  Code  Gb  stm32f1xx_hal_rcc.o [1]
HAL_RCC_OscConfig       0x08003651   0x6fe  Code  Gb  stm32f1xx_hal_rcc.o [1]
HAL_RTC_Init            0x08005f49    0xe6  Code  Gb  stm32f1xx_hal_rtc.o [1]
HAL_RTC_MspInit         0x080043bd    0x3e  Code  Gb  stm32f1xx_hal_msp.o [1]
HAL_RTC_WaitForSynchro  0x08006039    0x3e  Code  Gb  stm32f1xx_hal_rtc.o [1]
HAL_SPI_Init            0x080060e1    0x8e  Code  Gb  stm32f1xx_hal_spi_ex.o [1]
HAL_SPI_MspInit         0x080043fb    0x5e  Code  Gb  stm32f1xx_hal_msp.o [1]
HAL_SPI_Receive         0x08006521   0x24e  Code  Gb  stm32f1xx_hal_spi.o [1]
HAL_SPI_Transmit        0x08006355   0x1cc  Code  Gb  stm32f1xx_hal_spi.o [1]
HAL_SPI_TransmitReceive
                        0x0800676f   0x35c  Code  Gb  stm32f1xx_hal_spi.o [1]
HAL_SYSTICK_CLKSourceConfig
                        0x080042cd    0x22  Code  Gb  stm32f1xx_hal_cortex.o [1]
HAL_SYSTICK_Config      0x080042c1     0xc  Code  Gb  stm32f1xx_hal_cortex.o [1]
HAL_TIMEx_BreakCallback
                        0x0800599d     0x2  Code  Wk  stm32f1xx_hal_tim_ex.o [1]
HAL_TIMEx_CommutationCallback
                        0x0800599b     0x2  Code  Wk  stm32f1xx_hal_tim_ex.o [1]
HAL_TIMEx_MasterConfigSynchronization
                        0x0800593d    0x5e  Code  Gb  stm32f1xx_hal_tim_ex.o [1]
HAL_TIM_Base_Init       0x08004525    0x38  Code  Gb  stm32f1xx_hal_tim.o [1]
HAL_TIM_Base_MspInit    0x08004459    0x76  Code  Gb  stm32f1xx_hal_msp.o [1]
HAL_TIM_Base_Start_IT   0x0800455d    0x1e  Code  Gb  stm32f1xx_hal_tim.o [1]
HAL_TIM_ConfigClockSource
                        0x08004973   0x122  Code  Gb  stm32f1xx_hal_tim.o [1]
HAL_TIM_ErrorCallback   0x08004a9d     0x2  Code  Wk  stm32f1xx_hal_tim.o [1]
HAL_TIM_IC_CaptureCallback
                        0x08004a97     0x2  Code  Wk  stm32f1xx_hal_tim.o [1]
HAL_TIM_IRQHandler      0x080046f9   0x176  Code  Gb  stm32f1xx_hal_tim.o [1]
HAL_TIM_MspPostInit     0x080044cf    0x22  Code  Gb  stm32f1xx_hal_msp.o [1]
HAL_TIM_OC_DelayElapsedCallback
                        0x08004a95     0x2  Code  Wk  stm32f1xx_hal_tim.o [1]
HAL_TIM_PWM_ConfigChannel
                        0x0800486f   0x104  Code  Gb  stm32f1xx_hal_tim.o [1]
HAL_TIM_PWM_Init        0x0800457b    0x38  Code  Gb  stm32f1xx_hal_tim.o [1]
HAL_TIM_PWM_MspInit     0x080045b3     0x2  Code  Wk  stm32f1xx_hal_tim.o [1]
HAL_TIM_PWM_PulseFinishedCallback
                        0x08004a99     0x2  Code  Wk  stm32f1xx_hal_tim.o [1]
HAL_TIM_PWM_Start_DMA   0x080045b5   0x136  Code  Gb  stm32f1xx_hal_tim.o [1]
HAL_TIM_PeriodElapsedCallback
                        0x080058c7    0x12  Code  Gb  main.o [1]
HAL_TIM_TriggerCallback
                        0x08004a9b     0x2  Code  Wk  stm32f1xx_hal_tim.o [1]
HardFault_Handler       0x08009f63     0x2  Code  Gb  stm32f1xx_it.o [1]
MSC_BOT_Abort           0x08007f55    0x48  Code  Lc  usbd_msc_bot.o [1]
MSC_BOT_CBW_Decode      0x08007e0d    0xc0  Code  Lc  usbd_msc_bot.o [1]
MSC_BOT_CplClrFeature   0x08007f9d    0x34  Code  Gb  usbd_msc_bot.o [1]
MSC_BOT_DataIn          0x08007d91    0x40  Code  Gb  usbd_msc_bot.o [1]
MSC_BOT_DataOut         0x08007dd1    0x3c  Code  Gb  usbd_msc_bot.o [1]
MSC_BOT_DeInit          0x08007d87     0xa  Code  Gb  usbd_msc_bot.o [1]
MSC_BOT_Init            0x08007d19    0x4a  Code  Gb  usbd_msc_bot.o [1]
MSC_BOT_Reset           0x08007d63    0x24  Code  Gb  usbd_msc_bot.o [1]
MSC_BOT_SendCSW         0x08007f0f    0x3e  Code  Gb  usbd_msc_bot.o [1]
MSC_BOT_SendData        0x08007ecd    0x42  Code  Lc  usbd_msc_bot.o [1]
MSC_Mode_Sense10_data   0x0800a27c     0x8  Data  Gb  usbd_msc_data.o [1]
MSC_Mode_Sense6_data    0x0800a274     0x8  Data  Gb  usbd_msc_data.o [1]
MSC_Page00_Inquiry_Data
                        0x0800a26c     0x8  Data  Gb  usbd_msc_data.o [1]
MX_CRC_Init             0x08005631    0x1e  Code  Lc  main.o [1]
MX_DMA_Init             0x0800579b    0x1e  Code  Lc  main.o [1]
MX_FATFS_Init           0x08001c79    0x10  Code  Gb  fatfs.o [1]
MX_GPIO_Init            0x080057b9    0xc6  Code  Lc  main.o [1]
MX_NVIC_Init            0x0800561d    0x14  Code  Lc  main.o [1]
MX_RTC_Init             0x0800564f    0x2e  Code  Lc  main.o [1]
MX_SPI1_Init            0x0800567d    0x64  Code  Lc  main.o [1]
MX_TIM2_Init            0x080056e1    0xba  Code  Lc  main.o [1]
MX_USB_DEVICE_Init      0x0800617d    0x34  Code  Gb  usb_device.o [1]
MainTask                0x080061b3     0xc  Code  Gb  MainTask.o [1]
MainTaskHandle          0x20003618     0x4  Data  Gb  main.o [1]
MainTaskInit            0x080061b1     0x2  Code  Gb  MainTask.o [1]
MemManage_Handler       0x08009f65     0x2  Code  Gb  stm32f1xx_it.o [1]
NMI_Handler             0x08009f61     0x2  Code  Gb  stm32f1xx_it.o [1]
NVIC_EnableIRQ          0x080041d9    0x14  Code  Lc  stm32f1xx_hal_cortex.o [1]
NVIC_EncodePriority     0x08004213    0x3e  Code  Lc  stm32f1xx_hal_cortex.o [1]
NVIC_GetPriorityGrouping
                        0x080041cf     0xa  Code  Lc  stm32f1xx_hal_cortex.o [1]
NVIC_SetPriority        0x080041ed    0x26  Code  Lc  stm32f1xx_hal_cortex.o [1]
NVIC_SetPriorityGrouping
                        0x080041b1    0x1e  Code  Lc  stm32f1xx_hal_cortex.o [1]
PCD_EP_ISR_Handler      0x0800856f   0x43c  Code  Lc  stm32f1xx_hal_pcd.o [1]
PendSV_Handler          0x080031ed          Code  Gb  portasm.o [1]
RTC_EnterInitMode       0x08006077    0x34  Code  Lc  stm32f1xx_hal_rtc.o [1]
RTC_ExitInitMode        0x080060ab    0x36  Code  Lc  stm32f1xx_hal_rtc.o [1]
Region$$Table$$Base     0x0800a0c4           --   Gb  - Linker created -
Region$$Table$$Limit    0x0800a0e4           --   Gb  - Linker created -
SCSI_CheckAddressRange  0x08009059    0x36  Code  Lc  usbd_msc_scsi.o [1]
SCSI_Inquiry            0x08008b45    0x5e  Code  Lc  usbd_msc_scsi.o [1]
SCSI_ModeSense10        0x08008ce9    0x2a  Code  Lc  usbd_msc_scsi.o [1]
SCSI_ModeSense6         0x08008cbf    0x2a  Code  Lc  usbd_msc_scsi.o [1]
SCSI_ProcessCmd         0x080089f5    0xf8  Code  Gb  usbd_msc_scsi.o [1]
SCSI_ProcessRead        0x0800908f    0x9c  Code  Lc  usbd_msc_scsi.o [1]
SCSI_ProcessWrite       0x0800912b    0xb4  Code  Lc  usbd_msc_scsi.o [1]
SCSI_Read10             0x08008dfb    0xe6  Code  Lc  usbd_msc_scsi.o [1]
SCSI_ReadCapacity10     0x08008ba3    0x82  Code  Lc  usbd_msc_scsi.o [1]
SCSI_ReadFormatCapacity
                        0x08008c25    0x9a  Code  Lc  usbd_msc_scsi.o [1]
SCSI_RequestSense       0x08008d21    0x8a  Code  Lc  usbd_msc_scsi.o [1]
SCSI_SenseCode          0x08008dab    0x3e  Code  Gb  usbd_msc_scsi.o [1]
SCSI_StartStopUnit      0x08008de9    0x12  Code  Lc  usbd_msc_scsi.o [1]
SCSI_TestUnitReady      0x08008aed    0x58  Code  Lc  usbd_msc_scsi.o [1]
SCSI_Verify10           0x0800900d    0x4c  Code  Lc  usbd_msc_scsi.o [1]
SCSI_Write10            0x08008ee1   0x12c  Code  Lc  usbd_msc_scsi.o [1]
SD_Path                 0x20000004     0x4  Data  Gb  SoundTask.o [1]
SPIFlashBeginRead       0x08005b8b    0x4e  Code  Gb  SPI_Flash.o [1]
SPIFlashBeginWrite      0x080059f3    0x66  Code  Gb  SPI_Flash.o [1]
SPIFlashEndRead         0x080059a1     0xe  Code  Gb  SPI_Flash.o [1]
SPIFlashEndWrite        0x08005ad5    0x80  Code  Gb  SPI_Flash.o [1]
SPIFlashEraseSector     0x08005c0f    0x4a  Code  Gb  SPI_Flash.o [1]
SPIFlashInit            0x080059af    0x44  Code  Gb  SPI_Flash.o [1]
SPIFlashReadArray       0x08005bd9    0x36  Code  Gb  SPI_Flash.o [1]
SPIFlashWrite           0x08005a59    0x7c  Code  Gb  SPI_Flash.o [1]
SPIFlashWriteArray      0x08005b55    0x36  Code  Gb  SPI_Flash.o [1]
SPI_ISCRCErrorValid     0x08006175     0x6  Code  Gb  stm32f1xx_hal_spi_ex.o [1]
SPI_WaitOnFlagUntilTimeout
                        0x08006acb    0xfa  Code  Lc  stm32f1xx_hal_spi.o [1]
STORAGE_GetCapacity_FS  0x08009e17    0x12  Code  Lc  usbd_storage_if.o [1]
STORAGE_GetMaxLun_FS    0x08009e81     0x4  Code  Lc  usbd_storage_if.o [1]
STORAGE_Init_FS         0x08009e11     0x6  Code  Lc  usbd_storage_if.o [1]
STORAGE_Inquirydata_FS  0x0800a0a0    0x24  Data  Gb  usbd_storage_if.o [1]
STORAGE_IsReady_FS      0x08009e29     0x6  Code  Lc  usbd_storage_if.o [1]
STORAGE_IsWriteProtected_FS
                        0x08009e2f     0x6  Code  Lc  usbd_storage_if.o [1]
STORAGE_Read_FS         0x08009e35    0x26  Code  Lc  usbd_storage_if.o [1]
STORAGE_Write_FS        0x08009e5b    0x26  Code  Lc  usbd_storage_if.o [1]
SVC_Handler             0x0800323f          Code  Gb  portasm.o [1]
SoundTask               0x080061ed   0x120  Code  Gb  SoundTask.o [1]
SoundTaskHandle         0x2000361c     0x4  Data  Gb  main.o [1]
SoundTaskInit           0x080061c1    0x2c  Code  Gb  SoundTask.o [1]
StartGsmTask            0x080058bb     0xc  Code  Gb  main.o [1]
StartMainTask           0x0800587f    0x1c  Code  Gb  main.o [1]
StartSound              0x0800589b    0x14  Code  Gb  main.o [1]
StartWiFiTask           0x080058af     0xc  Code  Gb  main.o [1]
Stat                    0x2000011c     0x1  Data  Lc  user_diskio.o [1]
SysTick_Config          0x08004251    0x30  Code  Lc  stm32f1xx_hal_cortex.o [1]
SysTick_Handler         0x08009f6d     0x8  Code  Gb  stm32f1xx_it.o [1]
SystemClock_Config      0x0800556d    0xb0  Code  Gb  main.o [1]
SystemCoreClock         0x2000000c     0x4  Data  Gb  system_stm32f1xx.o [1]
SystemInit              0x08009ef9    0x4e  Code  Gb  system_stm32f1xx.o [1]
TIM3_IRQHandler         0x08009f8d     0xa  Code  Gb  stm32f1xx_it.o [1]
TIM_Base_SetConfig      0x08004afd    0x62  Code  Gb  stm32f1xx_hal_tim.o [1]
TIM_CCxChannelCmd       0x08004dab    0x1e  Code  Gb  stm32f1xx_hal_tim.o [1]
TIM_DMADelayPulseCplt   0x08004ab5    0x46  Code  Gb  stm32f1xx_hal_tim.o [1]
TIM_DMAError            0x08004aa1    0x14  Code  Gb  stm32f1xx_hal_tim.o [1]
TIM_ETR_SetConfig       0x08004d8f    0x1c  Code  Lc  stm32f1xx_hal_tim.o [1]
TIM_ITRx_SetConfig      0x08004d77    0x18  Code  Lc  stm32f1xx_hal_tim.o [1]
TIM_OC1_SetConfig       0x08004b5f    0x6e  Code  Lc  stm32f1xx_hal_tim.o [1]
TIM_OC2_SetConfig       0x08004bcd    0x78  Code  Gb  stm32f1xx_hal_tim.o [1]
TIM_OC3_SetConfig       0x08004c45    0x70  Code  Lc  stm32f1xx_hal_tim.o [1]
TIM_OC4_SetConfig       0x08004cb5    0x52  Code  Lc  stm32f1xx_hal_tim.o [1]
TIM_TI1_ConfigInputStage
                        0x08004d15    0x30  Code  Lc  stm32f1xx_hal_tim.o [1]
TIM_TI2_ConfigInputStage
                        0x08004d45    0x32  Code  Lc  stm32f1xx_hal_tim.o [1]
USBD_ClrClassConfig     0x08006c57    0x18  Code  Gb  usbd_core.o [1]
USBD_ClrFeature         0x08007bb3    0x3a  Code  Lc  usbd_ctlreq.o [1]
USBD_CtlContinueRx      0x08007cc9    0x1a  Code  Gb  usbd_ioreq.o [1]
USBD_CtlContinueSendData
                        0x08007caf    0x1a  Code  Gb  usbd_ioreq.o [1]
USBD_CtlError           0x08007c15    0x18  Code  Gb  usbd_ctlreq.o [1]
USBD_CtlReceiveStatus   0x08007cfd    0x1a  Code  Gb  usbd_ioreq.o [1]
USBD_CtlSendData        0x08007c87    0x28  Code  Gb  usbd_ioreq.o [1]
USBD_CtlSendStatus      0x08007ce3    0x1a  Code  Gb  usbd_ioreq.o [1]
USBD_FS_ConfigStrDescriptor
                        0x08009cad    0x26  Code  Gb  usbd_desc.o [1]
USBD_FS_DeviceDesc      0x2000002c    0x14  Data  Gb  usbd_desc.o [1]
USBD_FS_DeviceDescriptor
                        0x08009c39     0xa  Code  Gb  usbd_desc.o [1]
USBD_FS_InterfaceStrDescriptor
                        0x08009cd3    0x26  Code  Gb  usbd_desc.o [1]
USBD_FS_LangIDStrDescriptor
                        0x08009c43     0xa  Code  Gb  usbd_desc.o [1]
USBD_FS_ManufacturerStrDescriptor
                        0x08009c73    0x14  Code  Gb  usbd_desc.o [1]
USBD_FS_ProductStrDescriptor
                        0x08009c4d    0x26  Code  Gb  usbd_desc.o [1]
USBD_FS_SerialStrDescriptor
                        0x08009c87    0x26  Code  Gb  usbd_desc.o [1]
USBD_GetConfig          0x08007b05    0x4c  Code  Lc  usbd_ctlreq.o [1]
USBD_GetDescriptor      0x08007859   0x16c  Code  Lc  usbd_ctlreq.o [1]
USBD_GetLen             0x08007c73    0x14  Code  Lc  usbd_ctlreq.o [1]
USBD_GetStatus          0x08007b51    0x3c  Code  Lc  usbd_ctlreq.o [1]
USBD_GetString          0x08007c2d    0x46  Code  Gb  usbd_ctlreq.o [1]
USBD_Init               0x08006bc5    0x38  Code  Gb  usbd_core.o [1]
USBD_LL_ClearStallEP    0x08007455    0x4c  Code  Gb  usbd_conf.o [1]
USBD_LL_CloseEP         0x08007371    0x4c  Code  Gb  usbd_conf.o [1]
USBD_LL_DataInStage     0x08006d77    0xe2  Code  Gb  usbd_core.o [1]
USBD_LL_DataOutStage    0x08006ce7    0x90  Code  Gb  usbd_core.o [1]
USBD_LL_FlushEP         0x080073bd    0x4c  Code  Gb  usbd_conf.o [1]
USBD_LL_GetRxDataSize   0x080075e5    0x14  Code  Gb  usbd_conf.o [1]
USBD_LL_Init            0x08007221    0xa2  Code  Gb  usbd_conf.o [1]
USBD_LL_IsStallEP       0x080074a1    0x2c  Code  Gb  usbd_conf.o [1]
USBD_LL_OpenEP          0x08007309    0x68  Code  Gb  usbd_conf.o [1]
USBD_LL_PrepareReceive  0x0800757f    0x66  Code  Gb  usbd_conf.o [1]
USBD_LL_Reset           0x08006e59    0x46  Code  Gb  usbd_core.o [1]
USBD_LL_Resume          0x08006ebb     0xe  Code  Gb  usbd_core.o [1]
USBD_LL_SOF             0x08006ec9    0x24  Code  Gb  usbd_core.o [1]
USBD_LL_SetSpeed        0x08006e9f     0x8  Code  Gb  usbd_core.o [1]
USBD_LL_SetUSBAddress   0x080074cd    0x4c  Code  Gb  usbd_conf.o [1]
USBD_LL_SetupStage      0x08006c6f    0x78  Code  Gb  usbd_core.o [1]
USBD_LL_StallEP         0x08007409    0x4c  Code  Gb  usbd_conf.o [1]
USBD_LL_Start           0x080072c3    0x46  Code  Gb  usbd_conf.o [1]
USBD_LL_Suspend         0x08006ea7    0x14  Code  Gb  usbd_core.o [1]
USBD_LL_Transmit        0x08007519    0x66  Code  Gb  usbd_conf.o [1]
USBD_LangIDDesc         0x20000040     0x4  Data  Gb  usbd_desc.o [1]
USBD_MSC                0x20000044    0x38  Data  Gb  usbd_msc.o [1]
USBD_MSC_CfgFSDesc      0x2000009c    0x20  Data  Gb  usbd_msc.o [1]
USBD_MSC_CfgHSDesc      0x2000007c    0x20  Data  Gb  usbd_msc.o [1]
USBD_MSC_DataIn         0x080070b5    0x14  Code  Gb  usbd_msc.o [1]
USBD_MSC_DataOut        0x080070c9    0x14  Code  Gb  usbd_msc.o [1]
USBD_MSC_DeInit         0x08006f5b    0x36  Code  Gb  usbd_msc.o [1]
USBD_MSC_DeviceQualifierDesc
                        0x200000dc     0xc  Data  Gb  usbd_msc.o [1]
USBD_MSC_GetDeviceQualifierDescriptor
                        0x080070fb     0xa  Code  Gb  usbd_msc.o [1]
USBD_MSC_GetFSCfgDesc   0x080070e7     0xa  Code  Gb  usbd_msc.o [1]
USBD_MSC_GetHSCfgDesc   0x080070dd     0xa  Code  Gb  usbd_msc.o [1]
USBD_MSC_GetOtherSpeedCfgDesc
                        0x080070f1     0xa  Code  Gb  usbd_msc.o [1]
USBD_MSC_Init           0x08006eed    0x6e  Code  Gb  usbd_msc.o [1]
USBD_MSC_OtherSpeedCfgDesc
                        0x200000bc    0x20  Data  Gb  usbd_msc.o [1]
USBD_MSC_RegisterStorage
                        0x08007115     0xe  Code  Gb  usbd_msc.o [1]
USBD_MSC_Setup          0x08006f91   0x124  Code  Gb  usbd_msc.o [1]
USBD_ParseSetupRequest  0x08007bed    0x28  Code  Gb  usbd_ctlreq.o [1]
USBD_RegisterClass      0x08006bfd    0x1a  Code  Gb  usbd_core.o [1]
USBD_RunTestMode        0x08006c25     0x6  Code  Gb  usbd_core.o [1]
USBD_SetAddress         0x080079c5    0x60  Code  Lc  usbd_ctlreq.o [1]
USBD_SetClassConfig     0x08006c2b    0x2c  Code  Gb  usbd_core.o [1]
USBD_SetConfig          0x08007a25    0xda  Code  Lc  usbd_ctlreq.o [1]
USBD_SetConfig::cfgidx  0x20003679     0x1  Data  Lc  usbd_ctlreq.o [1]
USBD_SetFeature         0x08007b8d    0x26  Code  Lc  usbd_ctlreq.o [1]
USBD_Start              0x08006c17     0xe  Code  Gb  usbd_core.o [1]
USBD_StdDevReq          0x0800761d    0x7c  Code  Gb  usbd_ctlreq.o [1]
USBD_StdEPReq           0x080076e5   0x174  Code  Gb  usbd_ctlreq.o [1]
USBD_StdItfReq          0x08007699    0x4c  Code  Gb  usbd_ctlreq.o [1]
USBD_Storage_Interface_fops_FS
                        0x200000e8    0x20  Data  Gb  usbd_storage_if.o [1]
USBD_StrDesc            0x2000318c   0x200  Data  Gb  usbd_desc.o [1]
USBD_static_free        0x08007619     0x2  Code  Gb  usbd_conf.o [1]
USBD_static_malloc      0x080075f9     0x6  Code  Gb  usbd_conf.o [1]
USBD_static_malloc::mem
                        0x20002898   0x270  Data  Lc  usbd_conf.o [1]
USB_ActivateEndpoint    0x0800924d   0x354  Code  Gb  stm32f1xx_ll_usb.o [1]
USB_CoreInit            0x080091df     0xa  Code  Gb  stm32f1xx_ll_usb.o [1]
USB_DeactivateEndpoint  0x080095a1   0x1d6  Code  Gb  stm32f1xx_ll_usb.o [1]
USB_DevConnect          0x08009ba1     0x6  Code  Gb  stm32f1xx_ll_usb.o [1]
USB_DevDisconnect       0x08009ba7     0x6  Code  Gb  stm32f1xx_ll_usb.o [1]
USB_DevInit             0x0800921f    0x22  Code  Gb  stm32f1xx_ll_usb.o [1]
USB_DisableGlobalInt    0x08009201    0x18  Code  Gb  stm32f1xx_ll_usb.o [1]
USB_EP0_OutStart        0x08009bb9     0x6  Code  Gb  stm32f1xx_ll_usb.o [1]
USB_EPClearStall        0x08009aed    0xa2  Code  Gb  stm32f1xx_ll_usb.o [1]
USB_EPSetStall          0x08009a6f    0x7e  Code  Gb  stm32f1xx_ll_usb.o [1]
USB_EPStartXfer         0x08009777   0x2f8  Code  Gb  stm32f1xx_ll_usb.o [1]
USB_EnableGlobalInt     0x080091e9    0x18  Code  Gb  stm32f1xx_ll_usb.o [1]
USB_FlushRxFifo         0x08009247     0x6  Code  Gb  stm32f1xx_ll_usb.o [1]
USB_FlushTxFifo         0x08009241     0x6  Code  Gb  stm32f1xx_ll_usb.o [1]
USB_LP_CAN1_RX0_IRQHandler
                        0x08009f83     0xa  Code  Gb  stm32f1xx_it.o [1]
USB_ReadInterrupts      0x08009bad     0xc  Code  Gb  stm32f1xx_ll_usb.o [1]
USB_ReadPMA             0x08009c09    0x30  Code  Gb  stm32f1xx_ll_usb.o [1]
USB_SetCurrentMode      0x08009219     0x6  Code  Gb  stm32f1xx_ll_usb.o [1]
USB_SetDevAddress       0x08009b8f    0x12  Code  Gb  stm32f1xx_ll_usb.o [1]
USB_WritePMA            0x08009bbf    0x4a  Code  Gb  stm32f1xx_ll_usb.o [1]
USER_Driver             0x20000108    0x14  Data  Gb  user_diskio.o [1]
USER_Path               0x20003600     0x4  Data  Gb  fatfs.o [1]
USER_initialize         0x08009e85     0xe  Code  Gb  user_diskio.o [1]
USER_ioctl              0x08009ef1     0x8  Code  Gb  user_diskio.o [1]
USER_read               0x08009ea5    0x26  Code  Gb  user_diskio.o [1]
USER_status             0x08009e93     0xe  Code  Gb  user_diskio.o [1]
USER_write              0x08009ecb    0x26  Code  Gb  user_diskio.o [1]
UsageFault_Handler      0x08009f69     0x2  Code  Gb  stm32f1xx_it.o [1]
WiFiTaskHandle          0x20003620     0x4  Data  Gb  main.o [1]
_Error_Handler          0x08005939     0x2  Code  Gb  main.o [1]
_SendCmd                0x08005c59    0x28  Code  Lc  SPI_Flash.o [1]
__aeabi_memset          0x08003571          Code  Gb  ABImemset.o [4]
__cmain                 0x0800a0e5          Code  Gb  cmain.o [4]
__exit                  0x0800a115    0x14  Code  Gb  exit.o [5]
__iar_Memset            0x08003571          Code  Gb  ABImemset.o [4]
__iar_Memset_word       0x08003579          Code  Gb  ABImemset.o [4]
__iar_data_init3        0x0800a079    0x28  Code  Gb  data_init.o [4]
__iar_lz77_init_single3
                        0x08009d99    0x78  Code  Gb  lz77_init_single.o [4]
__iar_program_start     0x0800a249          Code  Gb  cstartup_M.o [4]
__iar_unaligned___aeabi_memcpy
                        0x080035d9          Code  Gb  ABImemcpy_unaligned.o [4]
__iar_unaligned___aeabi_memcpy4
                        0x080035f9          Code  Gb  ABImemcpy_unaligned.o [4]
__iar_unaligned___aeabi_memcpy8
                        0x080035f9          Code  Gb  ABImemcpy_unaligned.o [4]
__iar_zero_init3        0x08009fa5    0x40  Code  Gb  zero_init3.o [4]
__low_level_init        0x0800a0ff     0x4  Code  Gb  low_level_init.o [3]
__vector_table          0x08000000          Data  Gb  startup_stm32f103xb.o [1]
_call_main              0x0800a0f1          Code  Gb  cmain.o [4]
_exit                   0x0800a109          Code  Gb  cexit.o [4]
_main                   0x0800a0fb          Code  Gb  cmain.o [4]
check_fs                0x08000f89    0x82  Code  Lc  ff.o [1]
chk_chr                 0x08000143    0x14  Code  Lc  ff.o [1]
chk_lock                0x08000191    0xa0  Code  Lc  ff.o [1]
clear_lock              0x080003bd    0x30  Code  Lc  ff.o [1]
clmt_clust              0x0800097b    0x3e  Code  Lc  ff.o [1]
clust2sect              0x08000585    0x20  Code  Gb  ff.o [1]
create_chain            0x0800087d    0xfe  Code  Lc  ff.o [1]
create_name             0x08000d6b   0x12e  Code  Lc  ff.o [1]
dec_lock                0x0800035d    0x60  Code  Lc  ff.o [1]
dir_alloc               0x08000bf9    0x6e  Code  Lc  ff.o [1]
dir_find                0x08000ca9    0x70  Code  Lc  ff.o [1]
dir_next                0x08000a8f   0x16a  Code  Lc  ff.o [1]
dir_register            0x08000d19    0x52  Code  Lc  ff.o [1]
dir_sdi                 0x080009b9    0xd6  Code  Lc  ff.o [1]
disk                    0x200035e4     0xc  Data  Gb  ff_gen_drv.o [1]
disk_initialize         0x08001ba3    0x36  Code  Gb  diskio.o [1]
disk_ioctl              0x08001c49    0x2c  Code  Gb  diskio.o [1]
disk_read               0x08001bd9    0x38  Code  Gb  diskio.o [1]
disk_status             0x08001b81    0x22  Code  Gb  diskio.o [1]
disk_write              0x08001c11    0x38  Code  Gb  diskio.o [1]
dwCurrentAddr           0x20003634     0x4  Data  Gb  SPI_Flash.o [1]
enq_lock                0x08000231    0x28  Code  Lc  ff.o [1]
exit                    0x0800a103     0x4  Code  Gb  exit.o [3]
f                       0x20002d3c   0x22c  Data  Gb  SoundTask.o [1]
f_close                 0x08001ad5    0x48  Code  Gb  ff.o [1]
f_mount                 0x080014b5    0x9c  Code  Gb  ff.o [1]
f_open                  0x0800156d   0x206  Code  Gb  ff.o [1]
f_read                  0x08001773   0x270  Code  Gb  ff.o [1]
f_sync                  0x080019e3    0xf2  Code  Gb  ff.o [1]
ff_cre_syncobj          0x08001b1d    0x28  Code  Gb  syscall.o [1]
ff_del_syncobj          0x08001b49     0xe  Code  Gb  syscall.o [1]
ff_rel_grant            0x08001b73     0xc  Code  Gb  syscall.o [1]
ff_req_grant            0x08001b57    0x1c  Code  Gb  syscall.o [1]
fileSystem              0x20002b08   0x234  Data  Gb  SoundTask.o [1]
find_volume             0x0800100b   0x454  Code  Lc  ff.o [1]
follow_path             0x08000e9d    0x9c  Code  Lc  ff.o [1]
get_fat                 0x080005a5    0xfc  Code  Gb  ff.o [1]
get_fattime             0x08001c95     0x4  Code  Gb  fatfs.o [1]
get_ldnumber            0x08000f39    0x50  Code  Lc  ff.o [1]
hUsbDeviceFS            0x20002f68   0x224  Data  Gb  usb_device.o [1]
hcrc                    0x200035f8     0x8  Data  Gb  main.o [1]
hdma_tim2_ch1           0x20003528    0x38  Data  Gb  main.o [1]
hpcd_USB_FS             0x20002478   0x420  Data  Gb  usbd_conf.o [1]
hrtc                    0x20003560    0x14  Data  Gb  main.o [1]
hspi                    0x20000008     0x4  Data  Gb  SPI_Flash.o [1]
hspi1                   0x20003418    0x58  Data  Gb  main.o [1]
htim2                   0x200034b0    0x3c  Data  Gb  main.o [1]
htim3                   0x200034ec    0x3c  Data  Gb  stm32f1xx_hal_timebase_TIM.o [1]
inHandlerMode           0x08001cab    0x12  Code  Lc  cmsis_os.o [1]
inc_lock                0x08000259   0x104  Code  Lc  ff.o [1]
ld_clust                0x08000c67    0x2a  Code  Lc  ff.o [1]
lock_fs                 0x08000157     0xe  Code  Lc  ff.o [1]
main                    0x080054bd    0xb0  Code  Gb  main.o [1]
makeFreeRtosPriority    0x08001c99    0x12  Code  Lc  cmsis_os.o [1]
mem_cmp                 0x0800011f    0x24  Code  Lc  ff.o [1]
mem_cpy                 0x080000ed    0x1c  Code  Lc  ff.o [1]
mem_set                 0x08000109    0x16  Code  Lc  ff.o [1]
move_window             0x08000455    0x44  Code  Lc  ff.o [1]
osDelay                 0x08001d01    0x1c  Code  Gb  cmsis_os.o [1]
osKernelStart           0x08001cbd     0xa  Code  Gb  cmsis_os.o [1]
osSemaphoreCreate       0x08001d1d    0x2e  Code  Gb  cmsis_os.o [1]
osSemaphoreDelete       0x08001e15    0x1a  Code  Gb  cmsis_os.o [1]
osSemaphoreRelease      0x08001dc9    0x4c  Code  Gb  cmsis_os.o [1]
osSemaphoreWait         0x08001d4b    0x7e  Code  Gb  cmsis_os.o [1]
osSystickHandler        0x08001e2f    0x10  Code  Gb  cmsis_os.o [1]
osThreadCreate          0x08001cc7    0x3a  Code  Gb  cmsis_os.o [1]
overflow                0x20003630     0x4  Data  Gb  SoundTask.o [1]
pcInterruptPriorityRegisters
                        0x0800a28c     0x4  Data  Lc  port.o [1]
prvAddCurrentTaskToDelayedList
                        0x08002687    0x48  Code  Lc  tasks.o [1]
prvAllocateTCBAndStack  0x080026cf    0x5a  Code  Lc  tasks.o [1]
prvCheckTasksWaitingTermination
                        0x08002621    0x66  Code  Lc  tasks.o [1]
prvCopyDataFromQueue    0x08002f1d    0x30  Code  Lc  queue.o [1]
prvCopyDataToQueue      0x08002e81    0x9c  Code  Lc  queue.o [1]
prvDeleteTCB            0x08002729    0x12  Code  Lc  tasks.o [1]
prvHeapInit             0x08003483    0x6e  Code  Lc  heap_4.o [1]
prvIdleTask             0x08002529    0x18  Code  Lc  tasks.o [1]
prvInitialiseTCBVariables
                        0x08002551    0x6c  Code  Lc  tasks.o [1]
prvInitialiseTaskLists  0x080025bd    0x56  Code  Lc  tasks.o [1]
prvInsertBlockIntoFreeList
                        0x080034f1    0x62  Code  Lc  heap_4.o [1]
prvIsQueueEmpty         0x08002fb7    0x20  Code  Lc  queue.o [1]
prvIsQueueFull          0x08002fd7    0x22  Code  Lc  queue.o [1]
prvResetNextTaskUnblockTime
                        0x0800273b    0x2a  Code  Lc  tasks.o [1]
prvTaskExitError        0x0800303d    0x18  Code  Lc  port.o [1]
prvUnlockQueue          0x08002f4d    0x6a  Code  Lc  queue.o [1]
put_fat                 0x080006a1   0x158  Code  Gb  ff.o [1]
pvPortMalloc            0x08003321    0xfc  Code  Gb  heap_4.o [1]
pvTaskIncrementMutexHeldCount
                        0x080028e5    0x1e  Code  Gb  tasks.o [1]
pxCurrentTCB            0x2000363c     0x4  Data  Gb  tasks.o [1]
pxDelayedTaskList       0x20003640     0x4  Data  Lc  tasks.o [1]
pxEnd                   0x20003608     0x4  Data  Lc  heap_4.o [1]
pxOverflowDelayedTaskList
                        0x20003644     0x4  Data  Lc  tasks.o [1]
pxPortInitialiseStack   0x08003021    0x1c  Code  Gb  port.o [1]
pxReadyTasksLists       0x2000338c    0x8c  Data  Lc  tasks.o [1]
remove_chain            0x080007f9    0x84  Code  Lc  ff.o [1]
retUSER                 0x20003676     0x1  Data  Gb  fatfs.o [1]
sound_IRQ_DMA           0x0800630d    0x1e  Code  Gb  SoundTask.o [1]
st_clust                0x08000c91    0x18  Code  Lc  ff.o [1]
sync_fs                 0x08000499    0xec  Code  Lc  ff.o [1]
sync_window             0x080003ed    0x68  Code  Lc  ff.o [1]
uCRCErrorWorkaroundCheck
                        0x20003678     0x1  Data  Gb  stm32f1xx_hal_spi_ex.o [1]
ucHeap                  0x20000920  0x1388  Data  Lc  heap_4.o [1]
ucMaxSysCallPriority    0x20003677     0x1  Data  Lc  port.o [1]
ulMaxPRIGROUPValue      0x2000362c     0x4  Data  Lc  port.o [1]
ulPortSetInterruptMask  0x0800322b          Code  Gb  portasm.o [1]
unlock_fs               0x08000165    0x2c  Code  Lc  ff.o [1]
uwTick                  0x20003638     0x4  Data  Lc  stm32f1xx_hal.o [1]
uxCriticalNesting       0x20000000     0x4  Data  Lc  port.o [1]
uxCurrentNumberOfTasks  0x2000364c     0x4  Data  Lc  tasks.o [1]
uxListRemove            0x080032f7    0x28  Code  Gb  list.o [1]
uxPendedTicks           0x2000365c     0x4  Data  Lc  tasks.o [1]
uxSchedulerSuspended    0x20003670     0x4  Data  Lc  tasks.o [1]
uxTaskNumber            0x20003668     0x4  Data  Lc  tasks.o [1]
uxTasksDeleted          0x20003648     0x4  Data  Lc  tasks.o [1]
uxTopReadyPriority      0x20003654     0x4  Data  Lc  tasks.o [1]
vApplicationStackOverflowHook
                        0x0800331f     0x2  Code  Wk  freertos.o [1]
vListInitialise         0x08003281    0x1e  Code  Gb  list.o [1]
vListInitialiseItem     0x0800329f     0x6  Code  Gb  list.o [1]
vListInsert             0x080032bd    0x3a  Code  Gb  list.o [1]
vListInsertEnd          0x080032a5    0x18  Code  Gb  list.o [1]
vPortClearInterruptMask
                        0x08003239          Code  Gb  portasm.o [1]
vPortEnterCritical      0x080030ef    0x30  Code  Gb  port.o [1]
vPortExitCritical       0x0800311f    0x2a  Code  Gb  port.o [1]
vPortFree               0x0800341d    0x66  Code  Gb  heap_4.o [1]
vPortSetupTimerInterrupt
                        0x08003167    0x1a  Code  Wk  port.o [1]
vPortStartFirstTask     0x0800325f          Code  Gb  portasm.o [1]
vPortValidateInterruptPriority
                        0x08003181    0x3e  Code  Gb  port.o [1]
vPortYield              0x080030dd    0x12  Code  Gb  port.o [1]
vQueueDelete            0x08002e63    0x1e  Code  Gb  queue.o [1]
vQueueUnregisterQueue   0x08002ff9    0x24  Code  Gb  queue.o [1]
vTaskDelay              0x08002003    0x6c  Code  Gb  tasks.o [1]
vTaskMissedYield        0x0800251d     0xa  Code  Gb  tasks.o [1]
vTaskPlaceOnEventList   0x080023a1    0x6c  Code  Gb  tasks.o [1]
vTaskPriorityInherit    0x0800278f    0xaa  Code  Gb  tasks.o [1]
vTaskSetTimeOutState    0x08002489    0x20  Code  Gb  tasks.o [1]
vTaskStartScheduler     0x0800206f    0x58  Code  Gb  tasks.o [1]
vTaskSuspendAll         0x080020c7    0x10  Code  Gb  tasks.o [1]
vTaskSwitchContext      0x080022f3    0xae  Code  Gb  tasks.o [1]
validate                0x0800145f    0x56  Code  Lc  ff.o [1]
xBlockAllocatedBit      0x20003614     0x4  Data  Lc  heap_4.o [1]
xDelayedTaskList1       0x20003574    0x14  Data  Lc  tasks.o [1]
xDelayedTaskList2       0x20003588    0x14  Data  Lc  tasks.o [1]
xFreeBytesRemaining     0x2000360c     0x4  Data  Lc  heap_4.o [1]
xHeapStructSize         0x0800a284     0x4  Data  Lc  heap_4.o [1]
xMinimumEverFreeBytesRemaining
                        0x20003610     0x4  Data  Lc  heap_4.o [1]
xNextTaskUnblockTime    0x2000366c     0x4  Data  Lc  tasks.o [1]
xNumOfOverflows         0x20003664     0x4  Data  Lc  tasks.o [1]
xPendingReadyList       0x2000359c    0x14  Data  Lc  tasks.o [1]
xPortStartScheduler     0x08003055    0x88  Code  Gb  port.o [1]
xPortSysTickHandler     0x08003149    0x1e  Code  Gb  port.o [1]
xQueueGenericCreate     0x080029c9    0x66  Code  Gb  queue.o [1]
xQueueGenericReceive    0x08002c3d   0x184  Code  Gb  queue.o [1]
xQueueGenericReset      0x08002951    0x78  Code  Gb  queue.o [1]
xQueueGenericSend       0x08002a2f   0x160  Code  Gb  queue.o [1]
xQueueGiveFromISR       0x08002b8f    0xae  Code  Gb  queue.o [1]
xQueueReceiveFromISR    0x08002dc1    0xa2  Code  Gb  queue.o [1]
xQueueRegistry          0x20003470    0x40  Data  Gb  queue.o [1]
xSchedulerRunning       0x20003658     0x4  Data  Lc  tasks.o [1]
xStart                  0x200035f0     0x8  Data  Lc  heap_4.o [1]
xSuspendedTaskList      0x200035c4    0x14  Data  Lc  tasks.o [1]
xTaskCheckForTimeOut    0x080024a9    0x74  Code  Gb  tasks.o [1]
xTaskGenericCreate      0x08001eb5   0x14e  Code  Gb  tasks.o [1]
xTaskGetSchedulerState  0x08002769    0x26  Code  Gb  tasks.o [1]
xTaskIncrementTick      0x080021bf   0x134  Code  Gb  tasks.o [1]
xTaskPriorityDisinherit
                        0x08002841    0xa4  Code  Gb  tasks.o [1]
xTaskRemoveFromEventList
                        0x0800240d    0x7c  Code  Gb  tasks.o [1]
xTaskResumeAll          0x080020d7    0xe8  Code  Gb  tasks.o [1]
xTasksWaitingTermination
                        0x200035b0    0x14  Data  Lc  tasks.o [1]
xTickCount              0x20003650     0x4  Data  Lc  tasks.o [1]
xYieldPending           0x20003660     0x4  Data  Lc  tasks.o [1]


[1] = D:\Work\old\Sound\src\sound103\EWARM\sound103\Obj
[2] = command line
[3] = dl7M_tlf.a
[4] = rt7M_tl.a
[5] = shb_l.a

  41 094 bytes of readonly  code memory
     895 bytes of readonly  data memory
  13 943 bytes of readwrite data memory

Errors: none
Warnings: none
