###############################################################################
#
# IAR ELF Linker V7.60.1.11101/W32 for ARM                03/Aug/2017  17:54:49
# Copyright 2007-2016 IAR Systems AB.
#
#    Output file  =  
#        D:\Work\old\Sound\src\sound103\EWARM\sound103\Exe\sound103.out
#    Map file     =  
#        D:\Work\old\Sound\src\sound103\EWARM\sound103\List\sound103.map
#    Command line =  
#        D:\Work\old\Sound\src\sound103\EWARM\sound103\Obj\cmsis_os.o
#        D:\Work\old\Sound\src\sound103\EWARM\sound103\Obj\croutine.o
#        D:\Work\old\Sound\src\sound103\EWARM\sound103\Obj\diskio.o
#        D:\Work\old\Sound\src\sound103\EWARM\sound103\Obj\event_groups.o
#        D:\Work\old\Sound\src\sound103\EWARM\sound103\Obj\fatfs.o
#        D:\Work\old\Sound\src\sound103\EWARM\sound103\Obj\ff.o
#        D:\Work\old\Sound\src\sound103\EWARM\sound103\Obj\ff_gen_drv.o
#        D:\Work\old\Sound\src\sound103\EWARM\sound103\Obj\freertos.o
#        D:\Work\old\Sound\src\sound103\EWARM\sound103\Obj\GsmTask.o
#        D:\Work\old\Sound\src\sound103\EWARM\sound103\Obj\heap_4.o
#        D:\Work\old\Sound\src\sound103\EWARM\sound103\Obj\list.o
#        D:\Work\old\Sound\src\sound103\EWARM\sound103\Obj\main.o
#        D:\Work\old\Sound\src\sound103\EWARM\sound103\Obj\MainTask.o
#        D:\Work\old\Sound\src\sound103\EWARM\sound103\Obj\port.o
#        D:\Work\old\Sound\src\sound103\EWARM\sound103\Obj\portasm.o
#        D:\Work\old\Sound\src\sound103\EWARM\sound103\Obj\queue.o
#        D:\Work\old\Sound\src\sound103\EWARM\sound103\Obj\SoundTask.o
#        D:\Work\old\Sound\src\sound103\EWARM\sound103\Obj\SPI_Flash.o
#        D:\Work\old\Sound\src\sound103\EWARM\sound103\Obj\startup_stm32f103xb.o
#        D:\Work\old\Sound\src\sound103\EWARM\sound103\Obj\stm32f1xx_hal.o
#        D:\Work\old\Sound\src\sound103\EWARM\sound103\Obj\stm32f1xx_hal_cortex.o
#        D:\Work\old\Sound\src\sound103\EWARM\sound103\Obj\stm32f1xx_hal_crc.o
#        D:\Work\old\Sound\src\sound103\EWARM\sound103\Obj\stm32f1xx_hal_dma.o
#        D:\Work\old\Sound\src\sound103\EWARM\sound103\Obj\stm32f1xx_hal_flash.o
#        D:\Work\old\Sound\src\sound103\EWARM\sound103\Obj\stm32f1xx_hal_flash_ex.o
#        D:\Work\old\Sound\src\sound103\EWARM\sound103\Obj\stm32f1xx_hal_gpio.o
#        D:\Work\old\Sound\src\sound103\EWARM\sound103\Obj\stm32f1xx_hal_gpio_ex.o
#        D:\Work\old\Sound\src\sound103\EWARM\sound103\Obj\stm32f1xx_hal_msp.o
#        D:\Work\old\Sound\src\sound103\EWARM\sound103\Obj\stm32f1xx_hal_pcd.o
#        D:\Work\old\Sound\src\sound103\EWARM\sound103\Obj\stm32f1xx_hal_pcd_ex.o
#        D:\Work\old\Sound\src\sound103\EWARM\sound103\Obj\stm32f1xx_hal_pwr.o
#        D:\Work\old\Sound\src\sound103\EWARM\sound103\Obj\stm32f1xx_hal_rcc.o
#        D:\Work\old\Sound\src\sound103\EWARM\sound103\Obj\stm32f1xx_hal_rcc_ex.o
#        D:\Work\old\Sound\src\sound103\EWARM\sound103\Obj\stm32f1xx_hal_spi.o
#        D:\Work\old\Sound\src\sound103\EWARM\sound103\Obj\stm32f1xx_hal_spi_ex.o
#        D:\Work\old\Sound\src\sound103\EWARM\sound103\Obj\stm32f1xx_hal_tim.o
#        D:\Work\old\Sound\src\sound103\EWARM\sound103\Obj\stm32f1xx_hal_tim_ex.o
#        D:\Work\old\Sound\src\sound103\EWARM\sound103\Obj\stm32f1xx_hal_timebase_TIM.o
#        D:\Work\old\Sound\src\sound103\EWARM\sound103\Obj\stm32f1xx_it.o
#        D:\Work\old\Sound\src\sound103\EWARM\sound103\Obj\stm32f1xx_ll_usb.o
#        D:\Work\old\Sound\src\sound103\EWARM\sound103\Obj\syscall.o
#        D:\Work\old\Sound\src\sound103\EWARM\sound103\Obj\system_stm32f1xx.o
#        D:\Work\old\Sound\src\sound103\EWARM\sound103\Obj\tasks.o
#        D:\Work\old\Sound\src\sound103\EWARM\sound103\Obj\timers.o
#        D:\Work\old\Sound\src\sound103\EWARM\sound103\Obj\usb_device.o
#        D:\Work\old\Sound\src\sound103\EWARM\sound103\Obj\usbd_conf.o
#        D:\Work\old\Sound\src\sound103\EWARM\sound103\Obj\usbd_core.o
#        D:\Work\old\Sound\src\sound103\EWARM\sound103\Obj\usbd_ctlreq.o
#        D:\Work\old\Sound\src\sound103\EWARM\sound103\Obj\usbd_desc.o
#        D:\Work\old\Sound\src\sound103\EWARM\sound103\Obj\usbd_ioreq.o
#        D:\Work\old\Sound\src\sound103\EWARM\sound103\Obj\usbd_msc.o
#        D:\Work\old\Sound\src\sound103\EWARM\sound103\Obj\usbd_msc_bot.o
#        D:\Work\old\Sound\src\sound103\EWARM\sound103\Obj\usbd_msc_data.o
#        D:\Work\old\Sound\src\sound103\EWARM\sound103\Obj\usbd_msc_scsi.o
#        D:\Work\old\Sound\src\sound103\EWARM\sound103\Obj\usbd_storage_if.o
#        D:\Work\old\Sound\src\sound103\EWARM\sound103\Obj\user_diskio.o
#        D:\Work\old\Sound\src\sound103\EWARM\sound103\Obj\WiFiTask.o
#        --redirect _Printf=_PrintfFull --redirect _Scanf=_ScanfFull -o
#        D:\Work\old\Sound\src\sound103\EWARM\sound103\Exe\sound103.out --map
#        D:\Work\old\Sound\src\sound103\EWARM\sound103\List\sound103.map
#        --config D:\Work\old\Sound\src\sound103\EWARM/stm32f103xb_flash.icf
#        --semihosting --entry __iar_program_start --vfe
#
###############################################################################

*******************************************************************************
*** RUNTIME MODEL ATTRIBUTES
***

CppFlavor       = *
__SystemLibrary = DLib


*******************************************************************************
*** PLACEMENT SUMMARY
***

"A1":  place at 0x08000000 { ro section .intvec };
"P1":  place in [from 0x08000000 to 0x0801ffff] { ro };
"P2":  place in [from 0x20000000 to 0x20004fff] { rw, block CSTACK, block HEAP };
initialize by copy { rw };

  Section            Kind        Address    Size  Object
  -------            ----        -------    ----  ------
"A1":                                       0xec
  .intvec            ro code  0x08000000    0xec  startup_stm32f103xb.o [1]
                            - 0x080000ec    0xec

"P1":                                     0xa292
  .text              ro code  0x080000ec  0x1a30  ff.o [1]
  .text              ro code  0x08001b1c    0x62  syscall.o [1]
  .rodata            const    0x08001b7e     0x2  SPI_Flash.o [1]
  .text              ro code  0x08001b80    0xf8  diskio.o [1]
  .text              ro code  0x08001c78    0x20  fatfs.o [1]
  .text              ro code  0x08001c98   0x1ac  cmsis_os.o [1]
  .text              ro code  0x08001e44    0x70  ff_gen_drv.o [1]
  .text              ro code  0x08001eb4   0xa9c  tasks.o [1]
  .text              ro code  0x08002950   0x6d0  queue.o [1]
  .text              ro code  0x08003020   0x1cc  port.o [1]
  CODE               ro code  0x080031ec    0x94  portasm.o [1]
  .text              ro code  0x08003280    0x9e  list.o [1]
  .text              ro code  0x0800331e     0x2  freertos.o [1]
  .text              ro code  0x08003320   0x250  heap_4.o [1]
  .text              ro code  0x08003570    0x66  ABImemset.o [4]
  .rodata            const    0x080035d6     0x2  stm32f1xx_hal_rcc.o [1]
  .text              ro code  0x080035d8    0x76  ABImemcpy_unaligned.o [4]
  .text              ro code  0x0800364e   0xa5a  stm32f1xx_ll_usb.o [1]
  .text              ro code  0x080040a8   0xa54  stm32f1xx_hal_rcc.o [1]
  .text              ro code  0x08004afc    0x58  stm32f1xx_hal.o [1]
  .text              ro code  0x08004b54    0x94  stm32f1xx_hal_timebase_TIM.o [1]
  .text              ro code  0x08004be8   0x160  stm32f1xx_hal_cortex.o [1]
  .text              ro code  0x08004d48   0x1d0  stm32f1xx_hal_msp.o [1]
  .text              ro code  0x08004f18   0x8a4  stm32f1xx_hal_tim.o [1]
  .text              ro code  0x080057bc   0x310  stm32f1xx_hal_gpio.o [1]
  .text              ro code  0x08005acc   0x3ca  stm32f1xx_hal_dma.o [1]
  .text              ro code  0x08005e98   0x45a  main.o [1]
  .text              ro code  0x080062f4    0x64  stm32f1xx_hal_tim_ex.o [1]
  .text              ro code  0x08006358   0x2e8  SPI_Flash.o [1]
  .text              ro code  0x08006640   0x148  stm32f1xx_hal_rcc_ex.o [1]
  .text              ro code  0x08006788    0x24  stm32f1xx_hal_crc.o [1]
  .text              ro code  0x080067ac    0x9a  stm32f1xx_hal_spi_ex.o [1]
  .text              ro code  0x08006848    0x34  usb_device.o [1]
  .text              ro code  0x0800687c     0xe  MainTask.o [1]
  .text              ro code  0x0800688c   0x334  SoundTask.o [1]
  .text              ro code  0x08006bc0   0x870  stm32f1xx_hal_spi.o [1]
  .text              ro code  0x08007430   0x328  usbd_core.o [1]
  .text              ro code  0x08007758   0x236  usbd_msc.o [1]
  .text              ro code  0x08007990   0x4f8  usbd_conf.o [1]
  .text              ro code  0x08007e88   0x66a  usbd_ctlreq.o [1]
  .text              ro code  0x080084f2    0x90  usbd_ioreq.o [1]
  .text              ro code  0x08008584   0x2b8  usbd_msc_bot.o [1]
  .text              ro code  0x0800883c   0x9da  stm32f1xx_hal_pcd.o [1]
  .text              ro code  0x08009216    0x48  stm32f1xx_hal_pcd_ex.o [1]
  .text              ro code  0x08009260   0x7ea  usbd_msc_scsi.o [1]
  .rodata            const    0x08009a4c   0x164  SoundTask.o [1]
  .text              ro code  0x08009bb0    0xe0  usbd_desc.o [1]
  .rodata            const    0x08009c90    0x80  ff.o [1]
  .text              ro code  0x08009d10    0x78  lz77_init_single.o [4]
  .text              ro code  0x08009d88    0x74  usbd_storage_if.o [1]
  .text              ro code  0x08009dfc    0x74  user_diskio.o [1]
  .text              ro code  0x08009e70    0x68  system_stm32f1xx.o [1]
  .text              ro code  0x08009ed8    0x44  stm32f1xx_it.o [1]
  .text              ro code  0x08009f1c    0x40  zero_init3.o [4]
  .rodata            const    0x08009f5c    0x38  stm32f1xx_hal_msp.o [1]
  .rodata            const    0x08009f94    0x30  usbd_conf.o [1]
  .rodata            const    0x08009fc4    0x2c  main.o [1]
  .text              ro code  0x08009ff0    0x28  data_init.o [4]
  .rodata            const    0x0800a018    0x24  usbd_storage_if.o [1]
  .iar.init_table    const    0x0800a03c    0x20  - Linker created -
  .text              ro code  0x0800a05c    0x1a  cmain.o [4]
  .text              ro code  0x0800a076     0x4  low_level_init.o [3]
  .text              ro code  0x0800a07a     0x4  exit.o [3]
  .text              ro code  0x0800a080     0xa  cexit.o [4]
  .text              ro code  0x0800a08c    0x14  exit.o [5]
  .rodata            const    0x0800a0a0    0x14  main.o [1]
  .rodata            const    0x0800a0b4    0x14  main.o [1]
  .rodata            const    0x0800a0c8    0x14  main.o [1]
  .rodata            const    0x0800a0dc    0x14  main.o [1]
  .rodata            const    0x0800a0f0    0x14  usbd_desc.o [1]
  .rodata            const    0x0800a104    0x10  ff.o [1]
  .rodata            const    0x0800a114    0x10  SoundTask.o [1]
  .rodata            const    0x0800a124    0x10  stm32f1xx_hal_rcc.o [1]
  .rodata            const    0x0800a134    0x10  system_stm32f1xx.o [1]
  .rodata            const    0x0800a144    0x10  usbd_desc.o [1]
  .rodata            const    0x0800a154    0x10  usbd_desc.o [1]
  .rodata            const    0x0800a164    0x10  usbd_desc.o [1]
  .text              ro code  0x0800a174    0x10  startup_stm32f103xb.o [1]
  .rodata            const    0x0800a184     0xc  main.o [1]
  .rodata            const    0x0800a190     0xc  main.o [1]
  .rodata            const    0x0800a19c     0xc  main.o [1]
  .rodata            const    0x0800a1a8     0xc  SoundTask.o [1]
  .rodata            const    0x0800a1b4     0xc  usbd_desc.o [1]
  .text              ro code  0x0800a1c0     0xc  cstartup_M.o [4]
  .rodata            const    0x0800a1cc     0x8  main.o [1]
  .rodata            const    0x0800a1d4     0x8  system_stm32f1xx.o [1]
  .rodata            const    0x0800a1dc     0x8  tasks.o [1]
  .rodata            const    0x0800a1e4     0x8  usbd_msc_data.o [1]
  .rodata            const    0x0800a1ec     0x8  usbd_msc_data.o [1]
  .rodata            const    0x0800a1f4     0x8  usbd_msc_data.o [1]
  .rodata            const    0x0800a1fc     0x4  heap_4.o [1]
  .rodata            const    0x0800a200     0x4  main.o [1]
  .rodata            const    0x0800a204     0x4  port.o [1]
  .rodata            const    0x0800a208     0x4  SPI_Flash.o [1]
  .rodata            const    0x0800a20c     0x4  SPI_Flash.o [1]
  .rodata            const    0x0800a210     0x4  SPI_Flash.o [1]
  .rodata            const    0x0800a214     0x4  syscall.o [1]
  .text              ro code  0x0800a218     0x4  startup_stm32f103xb.o [1]
  .text              ro code  0x0800a21c     0x4  startup_stm32f103xb.o [1]
  .text              ro code  0x0800a220     0x4  startup_stm32f103xb.o [1]
  .text              ro code  0x0800a224     0x4  startup_stm32f103xb.o [1]
  .text              ro code  0x0800a228     0x4  startup_stm32f103xb.o [1]
  .text              ro code  0x0800a22c     0x4  startup_stm32f103xb.o [1]
  .text              ro code  0x0800a230     0x4  startup_stm32f103xb.o [1]
  .text              ro code  0x0800a234     0x4  startup_stm32f103xb.o [1]
  .text              ro code  0x0800a238     0x4  startup_stm32f103xb.o [1]
  .text              ro code  0x0800a23c     0x4  startup_stm32f103xb.o [1]
  .text              ro code  0x0800a240     0x4  startup_stm32f103xb.o [1]
  .text              ro code  0x0800a244     0x4  startup_stm32f103xb.o [1]
  .text              ro code  0x0800a248     0x4  startup_stm32f103xb.o [1]
  .text              ro code  0x0800a24c     0x4  startup_stm32f103xb.o [1]
  .text              ro code  0x0800a250     0x4  startup_stm32f103xb.o [1]
  .text              ro code  0x0800a254     0x4  startup_stm32f103xb.o [1]
  .text              ro code  0x0800a258     0x4  startup_stm32f103xb.o [1]
  .text              ro code  0x0800a25c     0x4  startup_stm32f103xb.o [1]
  .text              ro code  0x0800a260     0x4  startup_stm32f103xb.o [1]
  .text              ro code  0x0800a264     0x4  startup_stm32f103xb.o [1]
  .text              ro code  0x0800a268     0x4  startup_stm32f103xb.o [1]
  .text              ro code  0x0800a26c     0x4  startup_stm32f103xb.o [1]
  .text              ro code  0x0800a270     0x4  startup_stm32f103xb.o [1]
  .text              ro code  0x0800a274     0x4  startup_stm32f103xb.o [1]
  .text              ro code  0x0800a278     0x4  startup_stm32f103xb.o [1]
  .text              ro code  0x0800a27c     0x4  startup_stm32f103xb.o [1]
  .text              ro code  0x0800a280     0x4  startup_stm32f103xb.o [1]
  .text              ro code  0x0800a284     0x4  startup_stm32f103xb.o [1]
  .text              ro code  0x0800a288     0x4  startup_stm32f103xb.o [1]
  .text              ro code  0x0800a28c     0x4  startup_stm32f103xb.o [1]
  .text              ro code  0x0800a290     0x4  startup_stm32f103xb.o [1]
  .text              ro code  0x0800a294     0x4  startup_stm32f103xb.o [1]
  .text              ro code  0x0800a298     0x4  startup_stm32f103xb.o [1]
  .text              ro code  0x0800a29c     0x4  startup_stm32f103xb.o [1]
  .text              ro code  0x0800a2a0     0x4  startup_stm32f103xb.o [1]
  .text              ro code  0x0800a2a4     0x4  startup_stm32f103xb.o [1]
  .text              ro code  0x0800a2a8     0x4  startup_stm32f103xb.o [1]
  .text              ro code  0x0800a2ac     0x4  startup_stm32f103xb.o [1]
  .text              ro code  0x0800a2b0     0x4  startup_stm32f103xb.o [1]
  .text              ro code  0x0800a2b4     0x4  startup_stm32f103xb.o [1]
  .rodata            const    0x0800a2b8     0x0  zero_init3.o [4]
  .rodata            const    0x0800a2b8     0x0  lz77_init_single.o [4]
  Initializer bytes  const    0x0800a2b8    0xc6  <for P2-1>
                            - 0x0800a37e  0xa292

"P2", part 1 of 3:                         0x11d
  P2-1                        0x20000000   0x11d  <Init block>
    .data            inited   0x20000000     0x4  port.o [1]
    .data            inited   0x20000004     0x4  SoundTask.o [1]
    .data            inited   0x20000008     0x4  SPI_Flash.o [1]
    .data            inited   0x2000000c     0x4  system_stm32f1xx.o [1]
    .data            inited   0x20000010    0x1c  usbd_desc.o [1]
    .data            inited   0x2000002c    0x14  usbd_desc.o [1]
    .data            inited   0x20000040     0x4  usbd_desc.o [1]
    .data            inited   0x20000044    0x38  usbd_msc.o [1]
    .data            inited   0x2000007c    0x20  usbd_msc.o [1]
    .data            inited   0x2000009c    0x20  usbd_msc.o [1]
    .data            inited   0x200000bc    0x20  usbd_msc.o [1]
    .data            inited   0x200000dc     0xc  usbd_msc.o [1]
    .data            inited   0x200000e8    0x20  usbd_storage_if.o [1]
    .data            inited   0x20000108    0x14  user_diskio.o [1]
    .data            inited   0x2000011c     0x1  user_diskio.o [1]
                            - 0x2000011d   0x11d

"P2", part 2 of 3:                         0x800
  CSTACK                      0x20000120   0x800  <Block>
    CSTACK           uninit   0x20000120   0x800  <Block tail>
                            - 0x20000920   0x800

"P2", part 3 of 3:                        0x2bc0
  .bss               zero     0x20000920  0x1388  heap_4.o [1]
  .bss               zero     0x20001ca8   0x644  SoundTask.o [1]
  .bss               zero     0x200022ec   0x420  usbd_conf.o [1]
  .bss               zero     0x2000270c   0x270  usbd_conf.o [1]
  .bss               zero     0x2000297c   0x234  SoundTask.o [1]
  .bss               zero     0x20002bb0   0x22c  SoundTask.o [1]
  .bss               zero     0x20002ddc   0x224  usb_device.o [1]
  .bss               zero     0x20003000   0x200  usbd_desc.o [1]
  .bss               zero     0x20003200    0x8c  tasks.o [1]
  .bss               zero     0x2000328c    0x58  main.o [1]
  .bss               zero     0x200032e4    0x40  queue.o [1]
  .bss               zero     0x20003324    0x3c  main.o [1]
  .bss               zero     0x20003360    0x3c  stm32f1xx_hal_timebase_TIM.o [1]
  .bss               zero     0x2000339c    0x38  main.o [1]
  .bss               zero     0x200033d4    0x14  tasks.o [1]
  .bss               zero     0x200033e8    0x14  tasks.o [1]
  .bss               zero     0x200033fc    0x14  tasks.o [1]
  .bss               zero     0x20003410    0x14  tasks.o [1]
  .bss               zero     0x20003424    0x14  tasks.o [1]
  .bss               zero     0x20003438     0xc  ff.o [1]
  .bss               zero     0x20003444     0xc  ff_gen_drv.o [1]
  .bss               zero     0x20003450     0x8  heap_4.o [1]
  .bss               zero     0x20003458     0x8  main.o [1]
  .bss               zero     0x20003460     0x4  fatfs.o [1]
  .bss               zero     0x20003464     0x4  ff.o [1]
  .bss               zero     0x20003468     0x4  heap_4.o [1]
  .bss               zero     0x2000346c     0x4  heap_4.o [1]
  .bss               zero     0x20003470     0x4  heap_4.o [1]
  .bss               zero     0x20003474     0x4  heap_4.o [1]
  .bss               zero     0x20003478     0x4  main.o [1]
  .bss               zero     0x2000347c     0x4  main.o [1]
  .bss               zero     0x20003480     0x4  main.o [1]
  .bss               zero     0x20003484     0x4  main.o [1]
  .bss               zero     0x20003488     0x4  main.o [1]
  .bss               zero     0x2000348c     0x4  port.o [1]
  .bss               zero     0x20003490     0x4  SoundTask.o [1]
  .bss               zero     0x20003494     0x4  SoundTask.o [1]
  .bss               zero     0x20003498     0x4  SPI_Flash.o [1]
  .bss               zero     0x2000349c     0x4  stm32f1xx_hal.o [1]
  .bss               zero     0x200034a0     0x4  tasks.o [1]
  .bss               zero     0x200034a4     0x4  tasks.o [1]
  .bss               zero     0x200034a8     0x4  tasks.o [1]
  .bss               zero     0x200034ac     0x4  tasks.o [1]
  .bss               zero     0x200034b0     0x4  tasks.o [1]
  .bss               zero     0x200034b4     0x4  tasks.o [1]
  .bss               zero     0x200034b8     0x4  tasks.o [1]
  .bss               zero     0x200034bc     0x4  tasks.o [1]
  .bss               zero     0x200034c0     0x4  tasks.o [1]
  .bss               zero     0x200034c4     0x4  tasks.o [1]
  .bss               zero     0x200034c8     0x4  tasks.o [1]
  .bss               zero     0x200034cc     0x4  tasks.o [1]
  .bss               zero     0x200034d0     0x4  tasks.o [1]
  .bss               zero     0x200034d4     0x4  tasks.o [1]
  .bss               zero     0x200034d8     0x2  ff.o [1]
  .bss               zero     0x200034da     0x1  fatfs.o [1]
  .bss               zero     0x200034db     0x1  port.o [1]
  .bss               zero     0x200034dc     0x1  SoundTask.o [1]
  .bss               zero     0x200034dd     0x1  stm32f1xx_hal_spi_ex.o [1]
  .bss               zero     0x200034de     0x1  usbd_ctlreq.o [1]
                            - 0x200034df  0x2bbf


*******************************************************************************
*** INIT TABLE
***

          Address     Size
          -------     ----
Zero (__iar_zero_init3)
    1 destination range, total size 0x2bbf:
          0x20000920  0x2bbf

Copy/lz77 (__iar_lz77_init_single3)
    1 source range, total size 0xc6 (69% of destination):
          0x0800a2b8    0xc6
    1 destination range, total size 0x11d:
          0x20000000   0x11d



*******************************************************************************
*** MODULE SUMMARY
***

    Module                        ro code  ro data  rw data
    ------                        -------  -------  -------
D:\Work\old\Sound\src\sound103\EWARM\sound103\Obj: [1]
    MainTask.o                         14
    SPI_Flash.o                       744       17        8
    SoundTask.o                       820      387    2 737
    cmsis_os.o                        428
    diskio.o                          248
    fatfs.o                            32                 5
    ff.o                            6 704      144       18
    ff_gen_drv.o                      112                12
    freertos.o                          2
    heap_4.o                          592        4    5 024
    list.o                            158
    main.o                          1 114      172      232
    port.o                            460        6        9
    portasm.o                         148
    queue.o                         1 744                64
    startup_stm32f103xb.o             412
    stm32f1xx_hal.o                    88                 4
    stm32f1xx_hal_cortex.o            352
    stm32f1xx_hal_crc.o                36
    stm32f1xx_hal_dma.o               970
    stm32f1xx_hal_gpio.o              784
    stm32f1xx_hal_msp.o               464       56
    stm32f1xx_hal_pcd.o             2 522
    stm32f1xx_hal_pcd_ex.o             72
    stm32f1xx_hal_rcc.o             2 644       18
    stm32f1xx_hal_rcc_ex.o            328
    stm32f1xx_hal_spi.o             2 160
    stm32f1xx_hal_spi_ex.o            154                 1
    stm32f1xx_hal_tim.o             2 212
    stm32f1xx_hal_tim_ex.o            100
    stm32f1xx_hal_timebase_TIM.o      148                60
    stm32f1xx_it.o                     68
    stm32f1xx_ll_usb.o              2 650
    syscall.o                          98        4
    system_stm32f1xx.o                104       27        4
    tasks.o                         2 716        8      296
    usb_device.o                       52               548
    usbd_conf.o                     1 272       48    1 680
    usbd_core.o                       808
    usbd_ctlreq.o                   1 642                 1
    usbd_desc.o                       224      116      564
    usbd_ioreq.o                      144
    usbd_msc.o                        566      114      164
    usbd_msc_bot.o                    696
    usbd_msc_data.o                             24
    usbd_msc_scsi.o                 2 026
    usbd_storage_if.o                 116       58       32
    user_diskio.o                     116       15       21
    -------------------------------------------------------
    Total:                         40 064    1 218   11 484

command line: [2]
    -------------------------------------------------------
    Total:

dl7M_tlf.a: [3]
    exit.o                              4
    low_level_init.o                    4
    -------------------------------------------------------
    Total:                              8

rt7M_tl.a: [4]
    ABImemcpy_unaligned.o             118
    ABImemset.o                       102
    cexit.o                            10
    cmain.o                            26
    cstartup_M.o                       12
    data_init.o                        40
    lz77_init_single.o                120
    zero_init3.o                       64
    -------------------------------------------------------
    Total:                            492

shb_l.a: [5]
    exit.o                             20
    -------------------------------------------------------
    Total:                             20

    Gaps                               18        2
    Linker created                              32    2 048
-----------------------------------------------------------
    Grand Total:                   40 602    1 252   13 532


*******************************************************************************
*** ENTRY LIST
***

Entry                      Address    Size  Type      Object
-----                      -------    ----  ----      ------
.iar.init_table$$Base   0x0800a03c           --   Gb  - Linker created -
.iar.init_table$$Limit  0x0800a05c           --   Gb  - Linker created -
?main                   0x0800a05d          Code  Gb  cmain.o [4]
ADPCMDecoder            0x08006ae9    0x90  Code  Gb  SoundTask.o [1]
AHBPrescTable           0x0800a134    0x10  Data  Gb  system_stm32f1xx.o [1]
APBPrescTable           0x0800a1d4     0x8  Data  Gb  system_stm32f1xx.o [1]
Buffer                  0x20001ca8   0x644  Data  Gb  SoundTask.o [1]
BusFault_Handler        0x08009edf     0x2  Code  Gb  stm32f1xx_it.o [1]
CSTACK$$Base            0x20000120           --   Gb  - Linker created -
CSTACK$$Limit           0x20000920           --   Gb  - Linker created -
DMA1_Channel5_IRQHandler
                        0x08009eed     0xe  Code  Gb  stm32f1xx_it.o [1]
DMA_SetConfig           0x08005e75    0x22  Code  Lc  stm32f1xx_hal_dma.o [1]
DMAsoundSemHandle       0x20003488     0x4  Data  Gb  main.o [1]
DebugMon_Handler        0x08009ee3     0x2  Code  Gb  stm32f1xx_it.o [1]
DecodeFrom_ADPCM_to_WAV
                        0x08006aa5    0x44  Code  Gb  SoundTask.o [1]
ExCvt                   0x08009c90    0x80  Data  Lc  ff.o [1]
FATFS_LinkDriver        0x08001e9d    0x12  Code  Gb  ff_gen_drv.o [1]
FATFS_LinkDriverEx      0x08001e45    0x58  Code  Gb  ff_gen_drv.o [1]
FS_Desc                 0x20000010    0x1c  Data  Gb  usbd_desc.o [1]
FatFs                   0x20003464     0x4  Data  Lc  ff.o [1]
Files                   0x20003438     0xc  Data  Lc  ff.o [1]
Fsid                    0x200034d8     0x2  Data  Lc  ff.o [1]
GsmTaskHandle           0x20003484     0x4  Data  Gb  main.o [1]
HAL_CRC_Init            0x08006789    0x24  Code  Gb  stm32f1xx_hal_crc.o [1]
HAL_CRC_MspInit         0x08004dcf    0x26  Code  Gb  stm32f1xx_hal_msp.o [1]
HAL_DMA_IRQHandler      0x08005b93   0x2c2  Code  Gb  stm32f1xx_hal_dma.o [1]
HAL_DMA_Init            0x08005acd    0x58  Code  Gb  stm32f1xx_hal_dma.o [1]
HAL_DMA_Start_IT        0x08005b25    0x6e  Code  Gb  stm32f1xx_hal_dma.o [1]
HAL_Delay               0x08004b31    0x1a  Code  Wk  stm32f1xx_hal.o [1]
HAL_GPIO_Init           0x080057bd   0x2ba  Code  Gb  stm32f1xx_hal_gpio.o [1]
HAL_GPIO_WritePin       0x08005a77    0x14  Code  Gb  stm32f1xx_hal_gpio.o [1]
HAL_GetTick             0x08004b2b     0x6  Code  Wk  stm32f1xx_hal.o [1]
HAL_IncTick             0x08004b1f     0xc  Code  Wk  stm32f1xx_hal.o [1]
HAL_Init                0x08004afd    0x22  Code  Gb  stm32f1xx_hal.o [1]
HAL_InitTick            0x08004b55    0x82  Code  Gb  stm32f1xx_hal_timebase_TIM.o [1]
HAL_MspInit             0x08004d49    0x86  Code  Gb  stm32f1xx_hal_msp.o [1]
HAL_NVIC_EnableIRQ      0x08004ceb     0xe  Code  Gb  stm32f1xx_hal_cortex.o [1]
HAL_NVIC_SetPriority    0x08004cc5    0x26  Code  Gb  stm32f1xx_hal_cortex.o [1]
HAL_NVIC_SetPriorityGrouping
                        0x08004cb9     0xc  Code  Gb  stm32f1xx_hal_cortex.o [1]
HAL_PCDEx_PMAConfig     0x08009217    0x48  Code  Gb  stm32f1xx_hal_pcd_ex.o [1]
HAL_PCDEx_SetConnectionState
                        0x08007e87     0x2  Code  Gb  usbd_conf.o [1]
HAL_PCD_DataInStageCallback
                        0x08007a05    0x1c  Code  Gb  usbd_conf.o [1]
HAL_PCD_DataOutStageCallback
                        0x080079e7    0x1e  Code  Gb  usbd_conf.o [1]
HAL_PCD_EP_Close        0x08008b6f    0x62  Code  Gb  stm32f1xx_hal_pcd.o [1]
HAL_PCD_EP_ClrStall     0x08008d3d    0x62  Code  Gb  stm32f1xx_hal_pcd.o [1]
HAL_PCD_EP_Flush        0x08008d9f    0x3c  Code  Gb  stm32f1xx_hal_pcd.o [1]
HAL_PCD_EP_GetRxCount   0x08008c45    0x12  Code  Gb  stm32f1xx_hal_pcd.o [1]
HAL_PCD_EP_Open         0x08008aef    0x80  Code  Gb  stm32f1xx_hal_pcd.o [1]
HAL_PCD_EP_Receive      0x08008bd1    0x74  Code  Gb  stm32f1xx_hal_pcd.o [1]
HAL_PCD_EP_SetStall     0x08008cc7    0x76  Code  Gb  stm32f1xx_hal_pcd.o [1]
HAL_PCD_EP_Transmit     0x08008c57    0x70  Code  Gb  stm32f1xx_hal_pcd.o [1]
HAL_PCD_IRQHandler      0x0800897b   0x144  Code  Gb  stm32f1xx_hal_pcd.o [1]
HAL_PCD_Init            0x0800883d   0x10a  Code  Gb  stm32f1xx_hal_pcd.o [1]
HAL_PCD_MspInit         0x08007991    0x40  Code  Gb  usbd_conf.o [1]
HAL_PCD_ResetCallback   0x08007a2f    0x2c  Code  Gb  usbd_conf.o [1]
HAL_PCD_ResumeCallback  0x08007a7f     0xe  Code  Gb  usbd_conf.o [1]
HAL_PCD_SOFCallback     0x08007a21     0xe  Code  Gb  usbd_conf.o [1]
HAL_PCD_SetAddress      0x08008abf    0x30  Code  Gb  stm32f1xx_hal_pcd.o [1]
HAL_PCD_SetupStageCallback
                        0x080079d1    0x16  Code  Gb  usbd_conf.o [1]
HAL_PCD_Start           0x08008947    0x34  Code  Gb  stm32f1xx_hal_pcd.o [1]
HAL_PCD_SuspendCallback
                        0x08007a5b    0x24  Code  Gb  usbd_conf.o [1]
HAL_RCCEx_PeriphCLKConfig
                        0x08006641   0x130  Code  Gb  stm32f1xx_hal_rcc_ex.o [1]
HAL_RCC_ClockConfig     0x080047a7   0x22a  Code  Gb  stm32f1xx_hal_rcc.o [1]
HAL_RCC_GetClockConfig  0x08004a81    0x3a  Code  Gb  stm32f1xx_hal_rcc.o [1]
HAL_RCC_GetHCLKFreq     0x08004a5b     0x6  Code  Gb  stm32f1xx_hal_rcc.o [1]
HAL_RCC_GetPCLK1Freq    0x08004a61    0x20  Code  Gb  stm32f1xx_hal_rcc.o [1]
HAL_RCC_GetSysClockFreq
                        0x080049d1    0x8a  Code  Gb  stm32f1xx_hal_rcc.o [1]
HAL_RCC_OscConfig       0x080040a9   0x6fe  Code  Gb  stm32f1xx_hal_rcc.o [1]
HAL_SPI_Init            0x080067ad    0x8e  Code  Gb  stm32f1xx_hal_spi_ex.o [1]
HAL_SPI_MspInit         0x08004df5    0x5e  Code  Gb  stm32f1xx_hal_msp.o [1]
HAL_SPI_Receive         0x08006d8d   0x24e  Code  Gb  stm32f1xx_hal_spi.o [1]
HAL_SPI_Transmit        0x08006bc1   0x1cc  Code  Gb  stm32f1xx_hal_spi.o [1]
HAL_SPI_TransmitReceive
                        0x08006fdb   0x35c  Code  Gb  stm32f1xx_hal_spi.o [1]
HAL_SYSTICK_CLKSourceConfig
                        0x08004d05    0x22  Code  Gb  stm32f1xx_hal_cortex.o [1]
HAL_SYSTICK_Config      0x08004cf9     0xc  Code  Gb  stm32f1xx_hal_cortex.o [1]
HAL_TIMEx_BreakCallback
                        0x08006355     0x2  Code  Wk  stm32f1xx_hal_tim_ex.o [1]
HAL_TIMEx_CommutationCallback
                        0x08006353     0x2  Code  Wk  stm32f1xx_hal_tim_ex.o [1]
HAL_TIMEx_MasterConfigSynchronization
                        0x080062f5    0x5e  Code  Gb  stm32f1xx_hal_tim_ex.o [1]
HAL_TIM_Base_Init       0x08004f19    0x38  Code  Gb  stm32f1xx_hal_tim.o [1]
HAL_TIM_Base_MspInit    0x08004e53    0x76  Code  Gb  stm32f1xx_hal_msp.o [1]
HAL_TIM_Base_Start_IT   0x08004f51    0x1e  Code  Gb  stm32f1xx_hal_tim.o [1]
HAL_TIM_ConfigClockSource
                        0x08005367   0x122  Code  Gb  stm32f1xx_hal_tim.o [1]
HAL_TIM_ErrorCallback   0x08005491     0x2  Code  Wk  stm32f1xx_hal_tim.o [1]
HAL_TIM_IC_CaptureCallback
                        0x0800548b     0x2  Code  Wk  stm32f1xx_hal_tim.o [1]
HAL_TIM_IRQHandler      0x080050ed   0x176  Code  Gb  stm32f1xx_hal_tim.o [1]
HAL_TIM_MspPostInit     0x08004ec9    0x22  Code  Gb  stm32f1xx_hal_msp.o [1]
HAL_TIM_OC_DelayElapsedCallback
                        0x08005489     0x2  Code  Wk  stm32f1xx_hal_tim.o [1]
HAL_TIM_PWM_ConfigChannel
                        0x08005263   0x104  Code  Gb  stm32f1xx_hal_tim.o [1]
HAL_TIM_PWM_Init        0x08004f6f    0x38  Code  Gb  stm32f1xx_hal_tim.o [1]
HAL_TIM_PWM_MspInit     0x08004fa7     0x2  Code  Wk  stm32f1xx_hal_tim.o [1]
HAL_TIM_PWM_PulseFinishedCallback
                        0x0800548d     0x2  Code  Wk  stm32f1xx_hal_tim.o [1]
HAL_TIM_PWM_Start_DMA   0x08004fa9   0x136  Code  Gb  stm32f1xx_hal_tim.o [1]
HAL_TIM_PeriodElapsedCallback
                        0x08006285    0x12  Code  Gb  main.o [1]
HAL_TIM_TriggerCallback
                        0x0800548f     0x2  Code  Wk  stm32f1xx_hal_tim.o [1]
HardFault_Handler       0x08009edb     0x2  Code  Gb  stm32f1xx_it.o [1]
IndexTable              0x0800a114    0x10  Data  Gb  SoundTask.o [1]
MSC_BOT_Abort           0x080087c1    0x48  Code  Lc  usbd_msc_bot.o [1]
MSC_BOT_CBW_Decode      0x08008679    0xc0  Code  Lc  usbd_msc_bot.o [1]
MSC_BOT_CplClrFeature   0x08008809    0x34  Code  Gb  usbd_msc_bot.o [1]
MSC_BOT_DataIn          0x080085fd    0x40  Code  Gb  usbd_msc_bot.o [1]
MSC_BOT_DataOut         0x0800863d    0x3c  Code  Gb  usbd_msc_bot.o [1]
MSC_BOT_DeInit          0x080085f3     0xa  Code  Gb  usbd_msc_bot.o [1]
MSC_BOT_Init            0x08008585    0x4a  Code  Gb  usbd_msc_bot.o [1]
MSC_BOT_Reset           0x080085cf    0x24  Code  Gb  usbd_msc_bot.o [1]
MSC_BOT_SendCSW         0x0800877b    0x3e  Code  Gb  usbd_msc_bot.o [1]
MSC_BOT_SendData        0x08008739    0x42  Code  Lc  usbd_msc_bot.o [1]
MSC_Mode_Sense10_data   0x0800a1f4     0x8  Data  Gb  usbd_msc_data.o [1]
MSC_Mode_Sense6_data    0x0800a1ec     0x8  Data  Gb  usbd_msc_data.o [1]
MSC_Page00_Inquiry_Data
                        0x0800a1e4     0x8  Data  Gb  usbd_msc_data.o [1]
MX_CRC_Init             0x08005ffb    0x1e  Code  Lc  main.o [1]
MX_DMA_Init             0x08006137    0x1e  Code  Lc  main.o [1]
MX_FATFS_Init           0x08001c79    0x10  Code  Gb  fatfs.o [1]
MX_GPIO_Init            0x08006155    0xe8  Code  Lc  main.o [1]
MX_NVIC_Init            0x08005fe7    0x14  Code  Lc  main.o [1]
MX_SPI1_Init            0x08006019    0x64  Code  Lc  main.o [1]
MX_TIM2_Init            0x0800607d    0xba  Code  Lc  main.o [1]
MX_USB_DEVICE_Init      0x08006849    0x34  Code  Gb  usb_device.o [1]
MainTask                0x0800687f     0xc  Code  Gb  MainTask.o [1]
MainTaskHandle          0x20003478     0x4  Data  Gb  main.o [1]
MainTaskInit            0x0800687d     0x2  Code  Gb  MainTask.o [1]
MemManage_Handler       0x08009edd     0x2  Code  Gb  stm32f1xx_it.o [1]
NMI_Handler             0x08009ed9     0x2  Code  Gb  stm32f1xx_it.o [1]
NVIC_EnableIRQ          0x08004c11    0x14  Code  Lc  stm32f1xx_hal_cortex.o [1]
NVIC_EncodePriority     0x08004c4b    0x3e  Code  Lc  stm32f1xx_hal_cortex.o [1]
NVIC_GetPriorityGrouping
                        0x08004c07     0xa  Code  Lc  stm32f1xx_hal_cortex.o [1]
NVIC_SetPriority        0x08004c25    0x26  Code  Lc  stm32f1xx_hal_cortex.o [1]
NVIC_SetPriorityGrouping
                        0x08004be9    0x1e  Code  Lc  stm32f1xx_hal_cortex.o [1]
PCD_EP_ISR_Handler      0x08008ddb   0x43c  Code  Lc  stm32f1xx_hal_pcd.o [1]
PendSV_Handler          0x080031ed          Code  Gb  portasm.o [1]
Region$$Table$$Base     0x0800a03c           --   Gb  - Linker created -
Region$$Table$$Limit    0x0800a05c           --   Gb  - Linker created -
SCSI_CheckAddressRange  0x080098c5    0x36  Code  Lc  usbd_msc_scsi.o [1]
SCSI_Inquiry            0x080093b1    0x5e  Code  Lc  usbd_msc_scsi.o [1]
SCSI_ModeSense10        0x08009555    0x2a  Code  Lc  usbd_msc_scsi.o [1]
SCSI_ModeSense6         0x0800952b    0x2a  Code  Lc  usbd_msc_scsi.o [1]
SCSI_ProcessCmd         0x08009261    0xf8  Code  Gb  usbd_msc_scsi.o [1]
SCSI_ProcessRead        0x080098fb    0x9c  Code  Lc  usbd_msc_scsi.o [1]
SCSI_ProcessWrite       0x08009997    0xb4  Code  Lc  usbd_msc_scsi.o [1]
SCSI_Read10             0x08009667    0xe6  Code  Lc  usbd_msc_scsi.o [1]
SCSI_ReadCapacity10     0x0800940f    0x82  Code  Lc  usbd_msc_scsi.o [1]
SCSI_ReadFormatCapacity
                        0x08009491    0x9a  Code  Lc  usbd_msc_scsi.o [1]
SCSI_RequestSense       0x0800958d    0x8a  Code  Lc  usbd_msc_scsi.o [1]
SCSI_SenseCode          0x08009617    0x3e  Code  Gb  usbd_msc_scsi.o [1]
SCSI_StartStopUnit      0x08009655    0x12  Code  Lc  usbd_msc_scsi.o [1]
SCSI_TestUnitReady      0x08009359    0x58  Code  Lc  usbd_msc_scsi.o [1]
SCSI_Verify10           0x08009879    0x4c  Code  Lc  usbd_msc_scsi.o [1]
SCSI_Write10            0x0800974d   0x12c  Code  Lc  usbd_msc_scsi.o [1]
SD_Path                 0x20000004     0x4  Data  Gb  SoundTask.o [1]
SPIFlashBeginRead       0x0800652b    0x4e  Code  Gb  SPI_Flash.o [1]
SPIFlashBeginWrite      0x080063ab    0x66  Code  Gb  SPI_Flash.o [1]
SPIFlashEndRead         0x08006359     0xe  Code  Gb  SPI_Flash.o [1]
SPIFlashEndWrite        0x0800648d    0x68  Code  Gb  SPI_Flash.o [1]
SPIFlashEraseSector     0x080065af    0x4a  Code  Gb  SPI_Flash.o [1]
SPIFlashInit            0x08006367    0x44  Code  Gb  SPI_Flash.o [1]
SPIFlashReadArray       0x08006579    0x36  Code  Gb  SPI_Flash.o [1]
SPIFlashWrite           0x08006411    0x7c  Code  Gb  SPI_Flash.o [1]
SPIFlashWriteArray      0x080064f5    0x36  Code  Gb  SPI_Flash.o [1]
SPI_ISCRCErrorValid     0x08006841     0x6  Code  Gb  stm32f1xx_hal_spi_ex.o [1]
SPI_WaitOnFlagUntilTimeout
                        0x08007337    0xfa  Code  Lc  stm32f1xx_hal_spi.o [1]
STORAGE_GetCapacity_FS  0x08009d8f    0x12  Code  Lc  usbd_storage_if.o [1]
STORAGE_GetMaxLun_FS    0x08009df9     0x4  Code  Lc  usbd_storage_if.o [1]
STORAGE_Init_FS         0x08009d89     0x6  Code  Lc  usbd_storage_if.o [1]
STORAGE_Inquirydata_FS  0x0800a018    0x24  Data  Gb  usbd_storage_if.o [1]
STORAGE_IsReady_FS      0x08009da1     0x6  Code  Lc  usbd_storage_if.o [1]
STORAGE_IsWriteProtected_FS
                        0x08009da7     0x6  Code  Lc  usbd_storage_if.o [1]
STORAGE_Read_FS         0x08009dad    0x26  Code  Lc  usbd_storage_if.o [1]
STORAGE_Write_FS        0x08009dd3    0x26  Code  Lc  usbd_storage_if.o [1]
SVC_Handler             0x0800323f          Code  Gb  portasm.o [1]
SoundTask               0x080068b7   0x1d0  Code  Gb  SoundTask.o [1]
SoundTaskHandle         0x2000347c     0x4  Data  Gb  main.o [1]
SoundTaskInit           0x0800688d    0x2a  Code  Gb  SoundTask.o [1]
StartGsmTask            0x08006279     0xc  Code  Gb  main.o [1]
StartMainTask           0x0800623d    0x1c  Code  Gb  main.o [1]
StartSound              0x08006259    0x14  Code  Gb  main.o [1]
StartWiFiTask           0x0800626d     0xc  Code  Gb  main.o [1]
Stat                    0x2000011c     0x1  Data  Lc  user_diskio.o [1]
StepSizeTable           0x08009a4c   0x164  Data  Gb  SoundTask.o [1]
SysTick_Config          0x08004c89    0x30  Code  Lc  stm32f1xx_hal_cortex.o [1]
SysTick_Handler         0x08009ee5     0x8  Code  Gb  stm32f1xx_it.o [1]
SystemClock_Config      0x08005f45    0xa2  Code  Gb  main.o [1]
SystemCoreClock         0x2000000c     0x4  Data  Gb  system_stm32f1xx.o [1]
SystemInit              0x08009e71    0x4e  Code  Gb  system_stm32f1xx.o [1]
TIM3_IRQHandler         0x08009f05     0xa  Code  Gb  stm32f1xx_it.o [1]
TIM_Base_SetConfig      0x080054f1    0x62  Code  Gb  stm32f1xx_hal_tim.o [1]
TIM_CCxChannelCmd       0x0800579f    0x1e  Code  Gb  stm32f1xx_hal_tim.o [1]
TIM_DMADelayPulseCplt   0x080054a9    0x46  Code  Gb  stm32f1xx_hal_tim.o [1]
TIM_DMAError            0x08005495    0x14  Code  Gb  stm32f1xx_hal_tim.o [1]
TIM_ETR_SetConfig       0x08005783    0x1c  Code  Lc  stm32f1xx_hal_tim.o [1]
TIM_ITRx_SetConfig      0x0800576b    0x18  Code  Lc  stm32f1xx_hal_tim.o [1]
TIM_OC1_SetConfig       0x08005553    0x6e  Code  Lc  stm32f1xx_hal_tim.o [1]
TIM_OC2_SetConfig       0x080055c1    0x78  Code  Gb  stm32f1xx_hal_tim.o [1]
TIM_OC3_SetConfig       0x08005639    0x70  Code  Lc  stm32f1xx_hal_tim.o [1]
TIM_OC4_SetConfig       0x080056a9    0x52  Code  Lc  stm32f1xx_hal_tim.o [1]
TIM_TI1_ConfigInputStage
                        0x08005709    0x30  Code  Lc  stm32f1xx_hal_tim.o [1]
TIM_TI2_ConfigInputStage
                        0x08005739    0x32  Code  Lc  stm32f1xx_hal_tim.o [1]
USBD_ClrClassConfig     0x080074c3    0x18  Code  Gb  usbd_core.o [1]
USBD_ClrFeature         0x0800841f    0x3a  Code  Lc  usbd_ctlreq.o [1]
USBD_CtlContinueRx      0x08008535    0x1a  Code  Gb  usbd_ioreq.o [1]
USBD_CtlContinueSendData
                        0x0800851b    0x1a  Code  Gb  usbd_ioreq.o [1]
USBD_CtlError           0x08008481    0x18  Code  Gb  usbd_ctlreq.o [1]
USBD_CtlReceiveStatus   0x08008569    0x1a  Code  Gb  usbd_ioreq.o [1]
USBD_CtlSendData        0x080084f3    0x28  Code  Gb  usbd_ioreq.o [1]
USBD_CtlSendStatus      0x0800854f    0x1a  Code  Gb  usbd_ioreq.o [1]
USBD_FS_ConfigStrDescriptor
                        0x08009c25    0x26  Code  Gb  usbd_desc.o [1]
USBD_FS_DeviceDesc      0x2000002c    0x14  Data  Gb  usbd_desc.o [1]
USBD_FS_DeviceDescriptor
                        0x08009bb1     0xa  Code  Gb  usbd_desc.o [1]
USBD_FS_InterfaceStrDescriptor
                        0x08009c4b    0x26  Code  Gb  usbd_desc.o [1]
USBD_FS_LangIDStrDescriptor
                        0x08009bbb     0xa  Code  Gb  usbd_desc.o [1]
USBD_FS_ManufacturerStrDescriptor
                        0x08009beb    0x14  Code  Gb  usbd_desc.o [1]
USBD_FS_ProductStrDescriptor
                        0x08009bc5    0x26  Code  Gb  usbd_desc.o [1]
USBD_FS_SerialStrDescriptor
                        0x08009bff    0x26  Code  Gb  usbd_desc.o [1]
USBD_GetConfig          0x08008371    0x4c  Code  Lc  usbd_ctlreq.o [1]
USBD_GetDescriptor      0x080080c5   0x16c  Code  Lc  usbd_ctlreq.o [1]
USBD_GetLen             0x080084df    0x14  Code  Lc  usbd_ctlreq.o [1]
USBD_GetStatus          0x080083bd    0x3c  Code  Lc  usbd_ctlreq.o [1]
USBD_GetString          0x08008499    0x46  Code  Gb  usbd_ctlreq.o [1]
USBD_Init               0x08007431    0x38  Code  Gb  usbd_core.o [1]
USBD_LL_ClearStallEP    0x08007cc1    0x4c  Code  Gb  usbd_conf.o [1]
USBD_LL_CloseEP         0x08007bdd    0x4c  Code  Gb  usbd_conf.o [1]
USBD_LL_DataInStage     0x080075e3    0xe2  Code  Gb  usbd_core.o [1]
USBD_LL_DataOutStage    0x08007553    0x90  Code  Gb  usbd_core.o [1]
USBD_LL_FlushEP         0x08007c29    0x4c  Code  Gb  usbd_conf.o [1]
USBD_LL_GetRxDataSize   0x08007e51    0x14  Code  Gb  usbd_conf.o [1]
USBD_LL_Init            0x08007a8d    0xa2  Code  Gb  usbd_conf.o [1]
USBD_LL_IsStallEP       0x08007d0d    0x2c  Code  Gb  usbd_conf.o [1]
USBD_LL_OpenEP          0x08007b75    0x68  Code  Gb  usbd_conf.o [1]
USBD_LL_PrepareReceive  0x08007deb    0x66  Code  Gb  usbd_conf.o [1]
USBD_LL_Reset           0x080076c5    0x46  Code  Gb  usbd_core.o [1]
USBD_LL_Resume          0x08007727     0xe  Code  Gb  usbd_core.o [1]
USBD_LL_SOF             0x08007735    0x24  Code  Gb  usbd_core.o [1]
USBD_LL_SetSpeed        0x0800770b     0x8  Code  Gb  usbd_core.o [1]
USBD_LL_SetUSBAddress   0x08007d39    0x4c  Code  Gb  usbd_conf.o [1]
USBD_LL_SetupStage      0x080074db    0x78  Code  Gb  usbd_core.o [1]
USBD_LL_StallEP         0x08007c75    0x4c  Code  Gb  usbd_conf.o [1]
USBD_LL_Start           0x08007b2f    0x46  Code  Gb  usbd_conf.o [1]
USBD_LL_Suspend         0x08007713    0x14  Code  Gb  usbd_core.o [1]
USBD_LL_Transmit        0x08007d85    0x66  Code  Gb  usbd_conf.o [1]
USBD_LangIDDesc         0x20000040     0x4  Data  Gb  usbd_desc.o [1]
USBD_MSC                0x20000044    0x38  Data  Gb  usbd_msc.o [1]
USBD_MSC_CfgFSDesc      0x2000009c    0x20  Data  Gb  usbd_msc.o [1]
USBD_MSC_CfgHSDesc      0x2000007c    0x20  Data  Gb  usbd_msc.o [1]
USBD_MSC_DataIn         0x08007921    0x14  Code  Gb  usbd_msc.o [1]
USBD_MSC_DataOut        0x08007935    0x14  Code  Gb  usbd_msc.o [1]
USBD_MSC_DeInit         0x080077c7    0x36  Code  Gb  usbd_msc.o [1]
USBD_MSC_DeviceQualifierDesc
                        0x200000dc     0xc  Data  Gb  usbd_msc.o [1]
USBD_MSC_GetDeviceQualifierDescriptor
                        0x08007967     0xa  Code  Gb  usbd_msc.o [1]
USBD_MSC_GetFSCfgDesc   0x08007953     0xa  Code  Gb  usbd_msc.o [1]
USBD_MSC_GetHSCfgDesc   0x08007949     0xa  Code  Gb  usbd_msc.o [1]
USBD_MSC_GetOtherSpeedCfgDesc
                        0x0800795d     0xa  Code  Gb  usbd_msc.o [1]
USBD_MSC_Init           0x08007759    0x6e  Code  Gb  usbd_msc.o [1]
USBD_MSC_OtherSpeedCfgDesc
                        0x200000bc    0x20  Data  Gb  usbd_msc.o [1]
USBD_MSC_RegisterStorage
                        0x08007981     0xe  Code  Gb  usbd_msc.o [1]
USBD_MSC_Setup          0x080077fd   0x124  Code  Gb  usbd_msc.o [1]
USBD_ParseSetupRequest  0x08008459    0x28  Code  Gb  usbd_ctlreq.o [1]
USBD_RegisterClass      0x08007469    0x1a  Code  Gb  usbd_core.o [1]
USBD_RunTestMode        0x08007491     0x6  Code  Gb  usbd_core.o [1]
USBD_SetAddress         0x08008231    0x60  Code  Lc  usbd_ctlreq.o [1]
USBD_SetClassConfig     0x08007497    0x2c  Code  Gb  usbd_core.o [1]
USBD_SetConfig          0x08008291    0xda  Code  Lc  usbd_ctlreq.o [1]
USBD_SetConfig::cfgidx  0x200034de     0x1  Data  Lc  usbd_ctlreq.o [1]
USBD_SetFeature         0x080083f9    0x26  Code  Lc  usbd_ctlreq.o [1]
USBD_Start              0x08007483     0xe  Code  Gb  usbd_core.o [1]
USBD_StdDevReq          0x08007e89    0x7c  Code  Gb  usbd_ctlreq.o [1]
USBD_StdEPReq           0x08007f51   0x174  Code  Gb  usbd_ctlreq.o [1]
USBD_StdItfReq          0x08007f05    0x4c  Code  Gb  usbd_ctlreq.o [1]
USBD_Storage_Interface_fops_FS
                        0x200000e8    0x20  Data  Gb  usbd_storage_if.o [1]
USBD_StrDesc            0x20003000   0x200  Data  Gb  usbd_desc.o [1]
USBD_static_free        0x08007e85     0x2  Code  Gb  usbd_conf.o [1]
USBD_static_malloc      0x08007e65     0x6  Code  Gb  usbd_conf.o [1]
USBD_static_malloc::mem
                        0x2000270c   0x270  Data  Lc  usbd_conf.o [1]
USB_ActivateEndpoint    0x080036bd   0x354  Code  Gb  stm32f1xx_ll_usb.o [1]
USB_CoreInit            0x0800364f     0xa  Code  Gb  stm32f1xx_ll_usb.o [1]
USB_DeactivateEndpoint  0x08003a11   0x1d6  Code  Gb  stm32f1xx_ll_usb.o [1]
USB_DevConnect          0x08004011     0x6  Code  Gb  stm32f1xx_ll_usb.o [1]
USB_DevDisconnect       0x08004017     0x6  Code  Gb  stm32f1xx_ll_usb.o [1]
USB_DevInit             0x0800368f    0x22  Code  Gb  stm32f1xx_ll_usb.o [1]
USB_DisableGlobalInt    0x08003671    0x18  Code  Gb  stm32f1xx_ll_usb.o [1]
USB_EP0_OutStart        0x08004029     0x6  Code  Gb  stm32f1xx_ll_usb.o [1]
USB_EPClearStall        0x08003f5d    0xa2  Code  Gb  stm32f1xx_ll_usb.o [1]
USB_EPSetStall          0x08003edf    0x7e  Code  Gb  stm32f1xx_ll_usb.o [1]
USB_EPStartXfer         0x08003be7   0x2f8  Code  Gb  stm32f1xx_ll_usb.o [1]
USB_EnableGlobalInt     0x08003659    0x18  Code  Gb  stm32f1xx_ll_usb.o [1]
USB_FlushRxFifo         0x080036b7     0x6  Code  Gb  stm32f1xx_ll_usb.o [1]
USB_FlushTxFifo         0x080036b1     0x6  Code  Gb  stm32f1xx_ll_usb.o [1]
USB_LP_CAN1_RX0_IRQHandler
                        0x08009efb     0xa  Code  Gb  stm32f1xx_it.o [1]
USB_ReadInterrupts      0x0800401d     0xc  Code  Gb  stm32f1xx_ll_usb.o [1]
USB_ReadPMA             0x08004079    0x30  Code  Gb  stm32f1xx_ll_usb.o [1]
USB_SetCurrentMode      0x08003689     0x6  Code  Gb  stm32f1xx_ll_usb.o [1]
USB_SetDevAddress       0x08003fff    0x12  Code  Gb  stm32f1xx_ll_usb.o [1]
USB_WritePMA            0x0800402f    0x4a  Code  Gb  stm32f1xx_ll_usb.o [1]
USER_Driver             0x20000108    0x14  Data  Gb  user_diskio.o [1]
USER_Path               0x20003460     0x4  Data  Gb  fatfs.o [1]
USER_initialize         0x08009dfd     0xe  Code  Gb  user_diskio.o [1]
USER_ioctl              0x08009e69     0x8  Code  Gb  user_diskio.o [1]
USER_read               0x08009e1d    0x26  Code  Gb  user_diskio.o [1]
USER_status             0x08009e0b     0xe  Code  Gb  user_diskio.o [1]
USER_write              0x08009e43    0x26  Code  Gb  user_diskio.o [1]
UsageFault_Handler      0x08009ee1     0x2  Code  Gb  stm32f1xx_it.o [1]
WiFiTaskHandle          0x20003480     0x4  Data  Gb  main.o [1]
_Error_Handler          0x080062f1     0x2  Code  Gb  main.o [1]
_SendCmd                0x080065f9    0x28  Code  Lc  SPI_Flash.o [1]
__aeabi_memset          0x08003571          Code  Gb  ABImemset.o [4]
__cmain                 0x0800a05d          Code  Gb  cmain.o [4]
__exit                  0x0800a08d    0x14  Code  Gb  exit.o [5]
__iar_Memset            0x08003571          Code  Gb  ABImemset.o [4]
__iar_Memset_word       0x08003579          Code  Gb  ABImemset.o [4]
__iar_data_init3        0x08009ff1    0x28  Code  Gb  data_init.o [4]
__iar_lz77_init_single3
                        0x08009d11    0x78  Code  Gb  lz77_init_single.o [4]
__iar_program_start     0x0800a1c1          Code  Gb  cstartup_M.o [4]
__iar_unaligned___aeabi_memcpy
                        0x080035d9          Code  Gb  ABImemcpy_unaligned.o [4]
__iar_unaligned___aeabi_memcpy4
                        0x080035f9          Code  Gb  ABImemcpy_unaligned.o [4]
__iar_unaligned___aeabi_memcpy8
                        0x080035f9          Code  Gb  ABImemcpy_unaligned.o [4]
__iar_zero_init3        0x08009f1d    0x40  Code  Gb  zero_init3.o [4]
__low_level_init        0x0800a077     0x4  Code  Gb  low_level_init.o [3]
__vector_table          0x08000000          Data  Gb  startup_stm32f103xb.o [1]
_call_main              0x0800a069          Code  Gb  cmain.o [4]
_exit                   0x0800a081          Code  Gb  cexit.o [4]
_main                   0x0800a073          Code  Gb  cmain.o [4]
check_fs                0x08000f89    0x82  Code  Lc  ff.o [1]
chk_chr                 0x08000143    0x14  Code  Lc  ff.o [1]
chk_lock                0x08000191    0xa0  Code  Lc  ff.o [1]
clear_lock              0x080003bd    0x30  Code  Lc  ff.o [1]
clmt_clust              0x0800097b    0x3e  Code  Lc  ff.o [1]
clust2sect              0x08000585    0x20  Code  Gb  ff.o [1]
create_chain            0x0800087d    0xfe  Code  Lc  ff.o [1]
create_name             0x08000d6b   0x12e  Code  Lc  ff.o [1]
dec_lock                0x0800035d    0x60  Code  Lc  ff.o [1]
dir_alloc               0x08000bf9    0x6e  Code  Lc  ff.o [1]
dir_find                0x08000ca9    0x70  Code  Lc  ff.o [1]
dir_next                0x08000a8f   0x16a  Code  Lc  ff.o [1]
dir_register            0x08000d19    0x52  Code  Lc  ff.o [1]
dir_sdi                 0x080009b9    0xd6  Code  Lc  ff.o [1]
disk                    0x20003444     0xc  Data  Gb  ff_gen_drv.o [1]
disk_initialize         0x08001ba3    0x36  Code  Gb  diskio.o [1]
disk_ioctl              0x08001c49    0x2c  Code  Gb  diskio.o [1]
disk_read               0x08001bd9    0x38  Code  Gb  diskio.o [1]
disk_status             0x08001b81    0x22  Code  Gb  diskio.o [1]
disk_write              0x08001c11    0x38  Code  Gb  diskio.o [1]
dwCurrentAddr           0x20003498     0x4  Data  Gb  SPI_Flash.o [1]
enq_lock                0x08000231    0x28  Code  Lc  ff.o [1]
exit                    0x0800a07b     0x4  Code  Gb  exit.o [3]
f                       0x20002bb0   0x22c  Data  Gb  SoundTask.o [1]
f_close                 0x08001ad5    0x48  Code  Gb  ff.o [1]
f_mount                 0x080014b5    0x9c  Code  Gb  ff.o [1]
f_open                  0x0800156d   0x206  Code  Gb  ff.o [1]
f_read                  0x08001773   0x270  Code  Gb  ff.o [1]
f_sync                  0x080019e3    0xf2  Code  Gb  ff.o [1]
ff_cre_syncobj          0x08001b1d    0x28  Code  Gb  syscall.o [1]
ff_del_syncobj          0x08001b49     0xe  Code  Gb  syscall.o [1]
ff_rel_grant            0x08001b73     0xc  Code  Gb  syscall.o [1]
ff_req_grant            0x08001b57    0x1c  Code  Gb  syscall.o [1]
fileSystem              0x2000297c   0x234  Data  Gb  SoundTask.o [1]
find_volume             0x0800100b   0x454  Code  Lc  ff.o [1]
follow_path             0x08000e9d    0x9c  Code  Lc  ff.o [1]
get_fat                 0x080005a5    0xfc  Code  Gb  ff.o [1]
get_fattime             0x08001c95     0x4  Code  Gb  fatfs.o [1]
get_ldnumber            0x08000f39    0x50  Code  Lc  ff.o [1]
hUsbDeviceFS            0x20002ddc   0x224  Data  Gb  usb_device.o [1]
hcrc                    0x20003458     0x8  Data  Gb  main.o [1]
hdma_tim2_ch1           0x2000339c    0x38  Data  Gb  main.o [1]
hpcd_USB_FS             0x200022ec   0x420  Data  Gb  usbd_conf.o [1]
hspi                    0x20000008     0x4  Data  Gb  SPI_Flash.o [1]
hspi1                   0x2000328c    0x58  Data  Gb  main.o [1]
htim2                   0x20003324    0x3c  Data  Gb  main.o [1]
htim3                   0x20003360    0x3c  Data  Gb  stm32f1xx_hal_timebase_TIM.o [1]
inHandlerMode           0x08001cab    0x12  Code  Lc  cmsis_os.o [1]
inc_lock                0x08000259   0x104  Code  Lc  ff.o [1]
index                   0x200034dc     0x1  Data  Gb  SoundTask.o [1]
ld_clust                0x08000c67    0x2a  Code  Lc  ff.o [1]
lock_fs                 0x08000157     0xe  Code  Lc  ff.o [1]
main                    0x08005e99    0xac  Code  Gb  main.o [1]
makeFreeRtosPriority    0x08001c99    0x12  Code  Lc  cmsis_os.o [1]
mem_cmp                 0x0800011f    0x24  Code  Lc  ff.o [1]
mem_cpy                 0x080000ed    0x1c  Code  Lc  ff.o [1]
mem_set                 0x08000109    0x16  Code  Lc  ff.o [1]
move_window             0x08000455    0x44  Code  Lc  ff.o [1]
osDelay                 0x08001d01    0x1c  Code  Gb  cmsis_os.o [1]
osKernelStart           0x08001cbd     0xa  Code  Gb  cmsis_os.o [1]
osSemaphoreCreate       0x08001d1d    0x2e  Code  Gb  cmsis_os.o [1]
osSemaphoreDelete       0x08001e15    0x1a  Code  Gb  cmsis_os.o [1]
osSemaphoreRelease      0x08001dc9    0x4c  Code  Gb  cmsis_os.o [1]
osSemaphoreWait         0x08001d4b    0x7e  Code  Gb  cmsis_os.o [1]
osSystickHandler        0x08001e2f    0x10  Code  Gb  cmsis_os.o [1]
osThreadCreate          0x08001cc7    0x3a  Code  Gb  cmsis_os.o [1]
overflow                0x20003490     0x4  Data  Gb  SoundTask.o [1]
pcInterruptPriorityRegisters
                        0x0800a204     0x4  Data  Lc  port.o [1]
predsample              0x20003494     0x4  Data  Gb  SoundTask.o [1]
prvAddCurrentTaskToDelayedList
                        0x08002687    0x48  Code  Lc  tasks.o [1]
prvAllocateTCBAndStack  0x080026cf    0x5a  Code  Lc  tasks.o [1]
prvCheckTasksWaitingTermination
                        0x08002621    0x66  Code  Lc  tasks.o [1]
prvCopyDataFromQueue    0x08002f1d    0x30  Code  Lc  queue.o [1]
prvCopyDataToQueue      0x08002e81    0x9c  Code  Lc  queue.o [1]
prvDeleteTCB            0x08002729    0x12  Code  Lc  tasks.o [1]
prvHeapInit             0x08003483    0x6e  Code  Lc  heap_4.o [1]
prvIdleTask             0x08002529    0x18  Code  Lc  tasks.o [1]
prvInitialiseTCBVariables
                        0x08002551    0x6c  Code  Lc  tasks.o [1]
prvInitialiseTaskLists  0x080025bd    0x56  Code  Lc  tasks.o [1]
prvInsertBlockIntoFreeList
                        0x080034f1    0x62  Code  Lc  heap_4.o [1]
prvIsQueueEmpty         0x08002fb7    0x20  Code  Lc  queue.o [1]
prvIsQueueFull          0x08002fd7    0x22  Code  Lc  queue.o [1]
prvResetNextTaskUnblockTime
                        0x0800273b    0x2a  Code  Lc  tasks.o [1]
prvTaskExitError        0x0800303d    0x18  Code  Lc  port.o [1]
prvUnlockQueue          0x08002f4d    0x6a  Code  Lc  queue.o [1]
put_fat                 0x080006a1   0x158  Code  Gb  ff.o [1]
pvPortMalloc            0x08003321    0xfc  Code  Gb  heap_4.o [1]
pvTaskIncrementMutexHeldCount
                        0x080028e5    0x1e  Code  Gb  tasks.o [1]
pxCurrentTCB            0x200034a0     0x4  Data  Gb  tasks.o [1]
pxDelayedTaskList       0x200034a4     0x4  Data  Lc  tasks.o [1]
pxEnd                   0x20003468     0x4  Data  Lc  heap_4.o [1]
pxOverflowDelayedTaskList
                        0x200034a8     0x4  Data  Lc  tasks.o [1]
pxPortInitialiseStack   0x08003021    0x1c  Code  Gb  port.o [1]
pxReadyTasksLists       0x20003200    0x8c  Data  Lc  tasks.o [1]
remove_chain            0x080007f9    0x84  Code  Lc  ff.o [1]
retUSER                 0x200034da     0x1  Data  Gb  fatfs.o [1]
sound_IRQ_DMA           0x08006a87    0x1e  Code  Gb  SoundTask.o [1]
st_clust                0x08000c91    0x18  Code  Lc  ff.o [1]
sync_fs                 0x08000499    0xec  Code  Lc  ff.o [1]
sync_window             0x080003ed    0x68  Code  Lc  ff.o [1]
uCRCErrorWorkaroundCheck
                        0x200034dd     0x1  Data  Gb  stm32f1xx_hal_spi_ex.o [1]
ucHeap                  0x20000920  0x1388  Data  Lc  heap_4.o [1]
ucMaxSysCallPriority    0x200034db     0x1  Data  Lc  port.o [1]
ulMaxPRIGROUPValue      0x2000348c     0x4  Data  Lc  port.o [1]
ulPortSetInterruptMask  0x0800322b          Code  Gb  portasm.o [1]
unlock_fs               0x08000165    0x2c  Code  Lc  ff.o [1]
uwTick                  0x2000349c     0x4  Data  Lc  stm32f1xx_hal.o [1]
uxCriticalNesting       0x20000000     0x4  Data  Lc  port.o [1]
uxCurrentNumberOfTasks  0x200034b0     0x4  Data  Lc  tasks.o [1]
uxListRemove            0x080032f7    0x28  Code  Gb  list.o [1]
uxPendedTicks           0x200034c0     0x4  Data  Lc  tasks.o [1]
uxSchedulerSuspended    0x200034d4     0x4  Data  Lc  tasks.o [1]
uxTaskNumber            0x200034cc     0x4  Data  Lc  tasks.o [1]
uxTasksDeleted          0x200034ac     0x4  Data  Lc  tasks.o [1]
uxTopReadyPriority      0x200034b8     0x4  Data  Lc  tasks.o [1]
vApplicationStackOverflowHook
                        0x0800331f     0x2  Code  Wk  freertos.o [1]
vListInitialise         0x08003281    0x1e  Code  Gb  list.o [1]
vListInitialiseItem     0x0800329f     0x6  Code  Gb  list.o [1]
vListInsert             0x080032bd    0x3a  Code  Gb  list.o [1]
vListInsertEnd          0x080032a5    0x18  Code  Gb  list.o [1]
vPortClearInterruptMask
                        0x08003239          Code  Gb  portasm.o [1]
vPortEnterCritical      0x080030ef    0x30  Code  Gb  port.o [1]
vPortExitCritical       0x0800311f    0x2a  Code  Gb  port.o [1]
vPortFree               0x0800341d    0x66  Code  Gb  heap_4.o [1]
vPortSetupTimerInterrupt
                        0x08003167    0x1a  Code  Wk  port.o [1]
vPortStartFirstTask     0x0800325f          Code  Gb  portasm.o [1]
vPortValidateInterruptPriority
                        0x08003181    0x3e  Code  Gb  port.o [1]
vPortYield              0x080030dd    0x12  Code  Gb  port.o [1]
vQueueDelete            0x08002e63    0x1e  Code  Gb  queue.o [1]
vQueueUnregisterQueue   0x08002ff9    0x24  Code  Gb  queue.o [1]
vTaskDelay              0x08002003    0x6c  Code  Gb  tasks.o [1]
vTaskMissedYield        0x0800251d     0xa  Code  Gb  tasks.o [1]
vTaskPlaceOnEventList   0x080023a1    0x6c  Code  Gb  tasks.o [1]
vTaskPriorityInherit    0x0800278f    0xaa  Code  Gb  tasks.o [1]
vTaskSetTimeOutState    0x08002489    0x20  Code  Gb  tasks.o [1]
vTaskStartScheduler     0x0800206f    0x58  Code  Gb  tasks.o [1]
vTaskSuspendAll         0x080020c7    0x10  Code  Gb  tasks.o [1]
vTaskSwitchContext      0x080022f3    0xae  Code  Gb  tasks.o [1]
validate                0x0800145f    0x56  Code  Lc  ff.o [1]
xBlockAllocatedBit      0x20003474     0x4  Data  Lc  heap_4.o [1]
xDelayedTaskList1       0x200033d4    0x14  Data  Lc  tasks.o [1]
xDelayedTaskList2       0x200033e8    0x14  Data  Lc  tasks.o [1]
xFreeBytesRemaining     0x2000346c     0x4  Data  Lc  heap_4.o [1]
xHeapStructSize         0x0800a1fc     0x4  Data  Lc  heap_4.o [1]
xMinimumEverFreeBytesRemaining
                        0x20003470     0x4  Data  Lc  heap_4.o [1]
xNextTaskUnblockTime    0x200034d0     0x4  Data  Lc  tasks.o [1]
xNumOfOverflows         0x200034c8     0x4  Data  Lc  tasks.o [1]
xPendingReadyList       0x200033fc    0x14  Data  Lc  tasks.o [1]
xPortStartScheduler     0x08003055    0x88  Code  Gb  port.o [1]
xPortSysTickHandler     0x08003149    0x1e  Code  Gb  port.o [1]
xQueueGenericCreate     0x080029c9    0x66  Code  Gb  queue.o [1]
xQueueGenericReceive    0x08002c3d   0x184  Code  Gb  queue.o [1]
xQueueGenericReset      0x08002951    0x78  Code  Gb  queue.o [1]
xQueueGenericSend       0x08002a2f   0x160  Code  Gb  queue.o [1]
xQueueGiveFromISR       0x08002b8f    0xae  Code  Gb  queue.o [1]
xQueueReceiveFromISR    0x08002dc1    0xa2  Code  Gb  queue.o [1]
xQueueRegistry          0x200032e4    0x40  Data  Gb  queue.o [1]
xSchedulerRunning       0x200034bc     0x4  Data  Lc  tasks.o [1]
xStart                  0x20003450     0x8  Data  Lc  heap_4.o [1]
xSuspendedTaskList      0x20003424    0x14  Data  Lc  tasks.o [1]
xTaskCheckForTimeOut    0x080024a9    0x74  Code  Gb  tasks.o [1]
xTaskGenericCreate      0x08001eb5   0x14e  Code  Gb  tasks.o [1]
xTaskGetSchedulerState  0x08002769    0x26  Code  Gb  tasks.o [1]
xTaskIncrementTick      0x080021bf   0x134  Code  Gb  tasks.o [1]
xTaskPriorityDisinherit
                        0x08002841    0xa4  Code  Gb  tasks.o [1]
xTaskRemoveFromEventList
                        0x0800240d    0x7c  Code  Gb  tasks.o [1]
xTaskResumeAll          0x080020d7    0xe8  Code  Gb  tasks.o [1]
xTasksWaitingTermination
                        0x20003410    0x14  Data  Lc  tasks.o [1]
xTickCount              0x200034b4     0x4  Data  Lc  tasks.o [1]
xYieldPending           0x200034c4     0x4  Data  Lc  tasks.o [1]


[1] = D:\Work\old\Sound\src\sound103\EWARM\sound103\Obj
[2] = command line
[3] = dl7M_tlf.a
[4] = rt7M_tl.a
[5] = shb_l.a

  40 602 bytes of readonly  code memory
   1 252 bytes of readonly  data memory
  13 532 bytes of readwrite data memory

Errors: none
Warnings: none
