###############################################################################
#
# IAR ELF Linker V7.60.1.11101/W32 for ARM                04/Aug/2017  17:35:41
# Copyright 2007-2016 IAR Systems AB.
#
#    Output file  =  
#        D:\Work\old\Sound\src\sound103\EWARM\sound103\Exe\sound103.out
#    Map file     =  
#        D:\Work\old\Sound\src\sound103\EWARM\sound103\List\sound103.map
#    Command line =  
#        D:\Work\old\Sound\src\sound103\EWARM\sound103\Obj\cmsis_os.o
#        D:\Work\old\Sound\src\sound103\EWARM\sound103\Obj\croutine.o
#        D:\Work\old\Sound\src\sound103\EWARM\sound103\Obj\diskio.o
#        D:\Work\old\Sound\src\sound103\EWARM\sound103\Obj\event_groups.o
#        D:\Work\old\Sound\src\sound103\EWARM\sound103\Obj\fatfs.o
#        D:\Work\old\Sound\src\sound103\EWARM\sound103\Obj\ff.o
#        D:\Work\old\Sound\src\sound103\EWARM\sound103\Obj\ff_gen_drv.o
#        D:\Work\old\Sound\src\sound103\EWARM\sound103\Obj\freertos.o
#        D:\Work\old\Sound\src\sound103\EWARM\sound103\Obj\GsmTask.o
#        D:\Work\old\Sound\src\sound103\EWARM\sound103\Obj\heap_4.o
#        D:\Work\old\Sound\src\sound103\EWARM\sound103\Obj\list.o
#        D:\Work\old\Sound\src\sound103\EWARM\sound103\Obj\main.o
#        D:\Work\old\Sound\src\sound103\EWARM\sound103\Obj\MainTask.o
#        D:\Work\old\Sound\src\sound103\EWARM\sound103\Obj\port.o
#        D:\Work\old\Sound\src\sound103\EWARM\sound103\Obj\portasm.o
#        D:\Work\old\Sound\src\sound103\EWARM\sound103\Obj\queue.o
#        D:\Work\old\Sound\src\sound103\EWARM\sound103\Obj\SoundTask.o
#        D:\Work\old\Sound\src\sound103\EWARM\sound103\Obj\SPI_Flash.o
#        D:\Work\old\Sound\src\sound103\EWARM\sound103\Obj\startup_stm32f103xb.o
#        D:\Work\old\Sound\src\sound103\EWARM\sound103\Obj\stm32f1xx_hal.o
#        D:\Work\old\Sound\src\sound103\EWARM\sound103\Obj\stm32f1xx_hal_cortex.o
#        D:\Work\old\Sound\src\sound103\EWARM\sound103\Obj\stm32f1xx_hal_crc.o
#        D:\Work\old\Sound\src\sound103\EWARM\sound103\Obj\stm32f1xx_hal_dma.o
#        D:\Work\old\Sound\src\sound103\EWARM\sound103\Obj\stm32f1xx_hal_flash.o
#        D:\Work\old\Sound\src\sound103\EWARM\sound103\Obj\stm32f1xx_hal_flash_ex.o
#        D:\Work\old\Sound\src\sound103\EWARM\sound103\Obj\stm32f1xx_hal_gpio.o
#        D:\Work\old\Sound\src\sound103\EWARM\sound103\Obj\stm32f1xx_hal_gpio_ex.o
#        D:\Work\old\Sound\src\sound103\EWARM\sound103\Obj\stm32f1xx_hal_msp.o
#        D:\Work\old\Sound\src\sound103\EWARM\sound103\Obj\stm32f1xx_hal_pcd.o
#        D:\Work\old\Sound\src\sound103\EWARM\sound103\Obj\stm32f1xx_hal_pcd_ex.o
#        D:\Work\old\Sound\src\sound103\EWARM\sound103\Obj\stm32f1xx_hal_pwr.o
#        D:\Work\old\Sound\src\sound103\EWARM\sound103\Obj\stm32f1xx_hal_rcc.o
#        D:\Work\old\Sound\src\sound103\EWARM\sound103\Obj\stm32f1xx_hal_rcc_ex.o
#        D:\Work\old\Sound\src\sound103\EWARM\sound103\Obj\stm32f1xx_hal_spi.o
#        D:\Work\old\Sound\src\sound103\EWARM\sound103\Obj\stm32f1xx_hal_spi_ex.o
#        D:\Work\old\Sound\src\sound103\EWARM\sound103\Obj\stm32f1xx_hal_tim.o
#        D:\Work\old\Sound\src\sound103\EWARM\sound103\Obj\stm32f1xx_hal_tim_ex.o
#        D:\Work\old\Sound\src\sound103\EWARM\sound103\Obj\stm32f1xx_hal_timebase_TIM.o
#        D:\Work\old\Sound\src\sound103\EWARM\sound103\Obj\stm32f1xx_it.o
#        D:\Work\old\Sound\src\sound103\EWARM\sound103\Obj\stm32f1xx_ll_usb.o
#        D:\Work\old\Sound\src\sound103\EWARM\sound103\Obj\syscall.o
#        D:\Work\old\Sound\src\sound103\EWARM\sound103\Obj\system_stm32f1xx.o
#        D:\Work\old\Sound\src\sound103\EWARM\sound103\Obj\tasks.o
#        D:\Work\old\Sound\src\sound103\EWARM\sound103\Obj\timers.o
#        D:\Work\old\Sound\src\sound103\EWARM\sound103\Obj\usb_device.o
#        D:\Work\old\Sound\src\sound103\EWARM\sound103\Obj\usbd_conf.o
#        D:\Work\old\Sound\src\sound103\EWARM\sound103\Obj\usbd_core.o
#        D:\Work\old\Sound\src\sound103\EWARM\sound103\Obj\usbd_ctlreq.o
#        D:\Work\old\Sound\src\sound103\EWARM\sound103\Obj\usbd_desc.o
#        D:\Work\old\Sound\src\sound103\EWARM\sound103\Obj\usbd_ioreq.o
#        D:\Work\old\Sound\src\sound103\EWARM\sound103\Obj\usbd_msc.o
#        D:\Work\old\Sound\src\sound103\EWARM\sound103\Obj\usbd_msc_bot.o
#        D:\Work\old\Sound\src\sound103\EWARM\sound103\Obj\usbd_msc_data.o
#        D:\Work\old\Sound\src\sound103\EWARM\sound103\Obj\usbd_msc_scsi.o
#        D:\Work\old\Sound\src\sound103\EWARM\sound103\Obj\usbd_storage_if.o
#        D:\Work\old\Sound\src\sound103\EWARM\sound103\Obj\user_diskio.o
#        D:\Work\old\Sound\src\sound103\EWARM\sound103\Obj\WiFiTask.o
#        --redirect _Printf=_PrintfFull --redirect _Scanf=_ScanfFull -o
#        D:\Work\old\Sound\src\sound103\EWARM\sound103\Exe\sound103.out --map
#        D:\Work\old\Sound\src\sound103\EWARM\sound103\List\sound103.map
#        --config D:\Work\old\Sound\src\sound103\EWARM/stm32f103xb_flash.icf
#        --semihosting --entry __iar_program_start --vfe
#
###############################################################################

*******************************************************************************
*** RUNTIME MODEL ATTRIBUTES
***

CppFlavor       = *
__SystemLibrary = DLib


*******************************************************************************
*** PLACEMENT SUMMARY
***

"A1":  place at 0x08000000 { ro section .intvec };
"P1":  place in [from 0x08000000 to 0x0801ffff] { ro };
"P2":  place in [from 0x20000000 to 0x20004fff] { rw, block CSTACK, block HEAP };
initialize by copy { rw };

  Section            Kind        Address    Size  Object
  -------            ----        -------    ----  ------
"A1":                                       0xec
  .intvec            ro code  0x08000000    0xec  startup_stm32f103xb.o [1]
                            - 0x080000ec    0xec

"P1":                                     0xa383
  .text              ro code  0x080000ec  0x1a30  ff.o [1]
  .text              ro code  0x08001b1c    0x62  syscall.o [1]
  .rodata            const    0x08001b7e     0x2  SPI_Flash.o [1]
  .text              ro code  0x08001b80    0xf8  diskio.o [1]
  .text              ro code  0x08001c78    0x20  fatfs.o [1]
  .text              ro code  0x08001c98   0x1ac  cmsis_os.o [1]
  .text              ro code  0x08001e44    0x70  ff_gen_drv.o [1]
  .text              ro code  0x08001eb4   0xa9c  tasks.o [1]
  .text              ro code  0x08002950   0x6d0  queue.o [1]
  .text              ro code  0x08003020   0x1cc  port.o [1]
  CODE               ro code  0x080031ec    0x94  portasm.o [1]
  .text              ro code  0x08003280    0x9e  list.o [1]
  .text              ro code  0x0800331e     0x2  freertos.o [1]
  .text              ro code  0x08003320   0x250  heap_4.o [1]
  .text              ro code  0x08003570    0x66  ABImemset.o [4]
  .rodata            const    0x080035d6     0x2  stm32f1xx_hal_rcc.o [1]
  .text              ro code  0x080035d8    0x76  ABImemcpy_unaligned.o [4]
  .text              ro code  0x0800364e   0xa5a  stm32f1xx_ll_usb.o [1]
  .text              ro code  0x080040a8   0xa54  stm32f1xx_hal_rcc.o [1]
  .text              ro code  0x08004afc    0x58  stm32f1xx_hal.o [1]
  .text              ro code  0x08004b54    0x94  stm32f1xx_hal_timebase_TIM.o [1]
  .text              ro code  0x08004be8   0x188  stm32f1xx_hal_cortex.o [1]
  .text              ro code  0x08004d70   0x1d0  stm32f1xx_hal_msp.o [1]
  .text              ro code  0x08004f40   0x8a4  stm32f1xx_hal_tim.o [1]
  .text              ro code  0x080057e4   0x318  stm32f1xx_hal_gpio.o [1]
  .text              ro code  0x08005afc   0x3ca  stm32f1xx_hal_dma.o [1]
  .text              ro code  0x08005ec8   0x45a  main.o [1]
  .text              ro code  0x08006324    0x64  stm32f1xx_hal_tim_ex.o [1]
  .text              ro code  0x08006388   0x35c  SPI_Flash.o [1]
  .text              ro code  0x080066e4   0x148  stm32f1xx_hal_rcc_ex.o [1]
  .text              ro code  0x0800682c    0x24  stm32f1xx_hal_crc.o [1]
  .text              ro code  0x08006850    0x9a  stm32f1xx_hal_spi_ex.o [1]
  .text              ro code  0x080068ec    0x34  usb_device.o [1]
  .text              ro code  0x08006920     0xe  MainTask.o [1]
  .text              ro code  0x08006930   0x340  SoundTask.o [1]
  .text              ro code  0x08006c70   0x870  stm32f1xx_hal_spi.o [1]
  .text              ro code  0x080074e0     0xc  memcpy.o [3]
  .text              ro code  0x080074ec   0x328  usbd_core.o [1]
  .text              ro code  0x08007814   0x236  usbd_msc.o [1]
  .text              ro code  0x08007a4c   0x4f8  usbd_conf.o [1]
  .text              ro code  0x08007f44   0x66a  usbd_ctlreq.o [1]
  .text              ro code  0x080085ae    0x90  usbd_ioreq.o [1]
  .text              ro code  0x08008640   0x2b8  usbd_msc_bot.o [1]
  .text              ro code  0x080088f8   0x9da  stm32f1xx_hal_pcd.o [1]
  .text              ro code  0x080092d2    0x48  stm32f1xx_hal_pcd_ex.o [1]
  .text              ro code  0x0800931c   0x7ea  usbd_msc_scsi.o [1]
  .rodata            const    0x08009b08   0x164  SoundTask.o [1]
  .text              ro code  0x08009c6c    0xe0  usbd_desc.o [1]
  .text              ro code  0x08009d4c    0x94  user_diskio.o [1]
  .text              ro code  0x08009de0    0x84  usbd_storage_if.o [1]
  .rodata            const    0x08009e64    0x80  ff.o [1]
  .text              ro code  0x08009ee4    0x78  lz77_init_single.o [4]
  .text              ro code  0x08009f5c    0x68  system_stm32f1xx.o [1]
  .text              ro code  0x08009fc4    0x44  stm32f1xx_it.o [1]
  .text              ro code  0x0800a008    0x40  zero_init3.o [4]
  .rodata            const    0x0800a048    0x38  stm32f1xx_hal_msp.o [1]
  .rodata            const    0x0800a080    0x30  usbd_conf.o [1]
  .rodata            const    0x0800a0b0    0x2c  main.o [1]
  .text              ro code  0x0800a0dc    0x28  data_init.o [4]
  .rodata            const    0x0800a104    0x24  usbd_storage_if.o [1]
  .iar.init_table    const    0x0800a128    0x20  - Linker created -
  .text              ro code  0x0800a148    0x1a  cmain.o [4]
  .text              ro code  0x0800a162     0x4  low_level_init.o [3]
  .text              ro code  0x0800a166     0x4  exit.o [3]
  .text              ro code  0x0800a16c     0xa  cexit.o [4]
  .text              ro code  0x0800a178    0x14  exit.o [5]
  .rodata            const    0x0800a18c    0x14  main.o [1]
  .rodata            const    0x0800a1a0    0x14  main.o [1]
  .rodata            const    0x0800a1b4    0x14  main.o [1]
  .rodata            const    0x0800a1c8    0x14  main.o [1]
  .rodata            const    0x0800a1dc    0x14  usbd_desc.o [1]
  .rodata            const    0x0800a1f0    0x10  ff.o [1]
  .rodata            const    0x0800a200    0x10  SoundTask.o [1]
  .rodata            const    0x0800a210    0x10  stm32f1xx_hal_rcc.o [1]
  .rodata            const    0x0800a220    0x10  system_stm32f1xx.o [1]
  .rodata            const    0x0800a230    0x10  usbd_desc.o [1]
  .rodata            const    0x0800a240    0x10  usbd_desc.o [1]
  .rodata            const    0x0800a250    0x10  usbd_desc.o [1]
  .text              ro code  0x0800a260    0x10  startup_stm32f103xb.o [1]
  .rodata            const    0x0800a270     0xc  main.o [1]
  .rodata            const    0x0800a27c     0xc  main.o [1]
  .rodata            const    0x0800a288     0xc  main.o [1]
  .rodata            const    0x0800a294     0xc  SoundTask.o [1]
  .rodata            const    0x0800a2a0     0xc  usbd_desc.o [1]
  .text              ro code  0x0800a2ac     0xc  cstartup_M.o [4]
  .rodata            const    0x0800a2b8     0x8  main.o [1]
  .rodata            const    0x0800a2c0     0x8  system_stm32f1xx.o [1]
  .rodata            const    0x0800a2c8     0x8  tasks.o [1]
  .rodata            const    0x0800a2d0     0x8  usbd_msc_data.o [1]
  .rodata            const    0x0800a2d8     0x8  usbd_msc_data.o [1]
  .rodata            const    0x0800a2e0     0x8  usbd_msc_data.o [1]
  .rodata            const    0x0800a2e8     0x4  heap_4.o [1]
  .rodata            const    0x0800a2ec     0x4  main.o [1]
  .rodata            const    0x0800a2f0     0x4  port.o [1]
  .rodata            const    0x0800a2f4     0x4  SPI_Flash.o [1]
  .rodata            const    0x0800a2f8     0x4  SPI_Flash.o [1]
  .rodata            const    0x0800a2fc     0x4  SPI_Flash.o [1]
  .rodata            const    0x0800a300     0x4  syscall.o [1]
  .text              ro code  0x0800a304     0x4  startup_stm32f103xb.o [1]
  .text              ro code  0x0800a308     0x4  startup_stm32f103xb.o [1]
  .text              ro code  0x0800a30c     0x4  startup_stm32f103xb.o [1]
  .text              ro code  0x0800a310     0x4  startup_stm32f103xb.o [1]
  .text              ro code  0x0800a314     0x4  startup_stm32f103xb.o [1]
  .text              ro code  0x0800a318     0x4  startup_stm32f103xb.o [1]
  .text              ro code  0x0800a31c     0x4  startup_stm32f103xb.o [1]
  .text              ro code  0x0800a320     0x4  startup_stm32f103xb.o [1]
  .text              ro code  0x0800a324     0x4  startup_stm32f103xb.o [1]
  .text              ro code  0x0800a328     0x4  startup_stm32f103xb.o [1]
  .text              ro code  0x0800a32c     0x4  startup_stm32f103xb.o [1]
  .text              ro code  0x0800a330     0x4  startup_stm32f103xb.o [1]
  .text              ro code  0x0800a334     0x4  startup_stm32f103xb.o [1]
  .text              ro code  0x0800a338     0x4  startup_stm32f103xb.o [1]
  .text              ro code  0x0800a33c     0x4  startup_stm32f103xb.o [1]
  .text              ro code  0x0800a340     0x4  startup_stm32f103xb.o [1]
  .text              ro code  0x0800a344     0x4  startup_stm32f103xb.o [1]
  .text              ro code  0x0800a348     0x4  startup_stm32f103xb.o [1]
  .text              ro code  0x0800a34c     0x4  startup_stm32f103xb.o [1]
  .text              ro code  0x0800a350     0x4  startup_stm32f103xb.o [1]
  .text              ro code  0x0800a354     0x4  startup_stm32f103xb.o [1]
  .text              ro code  0x0800a358     0x4  startup_stm32f103xb.o [1]
  .text              ro code  0x0800a35c     0x4  startup_stm32f103xb.o [1]
  .text              ro code  0x0800a360     0x4  startup_stm32f103xb.o [1]
  .text              ro code  0x0800a364     0x4  startup_stm32f103xb.o [1]
  .text              ro code  0x0800a368     0x4  startup_stm32f103xb.o [1]
  .text              ro code  0x0800a36c     0x4  startup_stm32f103xb.o [1]
  .text              ro code  0x0800a370     0x4  startup_stm32f103xb.o [1]
  .text              ro code  0x0800a374     0x4  startup_stm32f103xb.o [1]
  .text              ro code  0x0800a378     0x4  startup_stm32f103xb.o [1]
  .text              ro code  0x0800a37c     0x4  startup_stm32f103xb.o [1]
  .text              ro code  0x0800a380     0x4  startup_stm32f103xb.o [1]
  .text              ro code  0x0800a384     0x4  startup_stm32f103xb.o [1]
  .text              ro code  0x0800a388     0x4  startup_stm32f103xb.o [1]
  .text              ro code  0x0800a38c     0x4  startup_stm32f103xb.o [1]
  .text              ro code  0x0800a390     0x4  startup_stm32f103xb.o [1]
  .text              ro code  0x0800a394     0x4  startup_stm32f103xb.o [1]
  .text              ro code  0x0800a398     0x4  startup_stm32f103xb.o [1]
  .text              ro code  0x0800a39c     0x4  startup_stm32f103xb.o [1]
  .text              ro code  0x0800a3a0     0x4  startup_stm32f103xb.o [1]
  .rodata            const    0x0800a3a4     0x0  zero_init3.o [4]
  .rodata            const    0x0800a3a4     0x0  lz77_init_single.o [4]
  Initializer bytes  const    0x0800a3a4    0xcb  <for P2-1>
                            - 0x0800a46f  0xa383

"P2", part 1 of 3:                         0x121
  P2-1                        0x20000000   0x121  <Init block>
    .data            inited   0x20000000     0x4  port.o [1]
    .data            inited   0x20000004     0x4  SoundTask.o [1]
    .data            inited   0x20000008     0x4  SPI_Flash.o [1]
    .data            inited   0x2000000c     0x4  SPI_Flash.o [1]
    .data            inited   0x20000010     0x4  system_stm32f1xx.o [1]
    .data            inited   0x20000014    0x1c  usbd_desc.o [1]
    .data            inited   0x20000030    0x14  usbd_desc.o [1]
    .data            inited   0x20000044     0x4  usbd_desc.o [1]
    .data            inited   0x20000048    0x38  usbd_msc.o [1]
    .data            inited   0x20000080    0x20  usbd_msc.o [1]
    .data            inited   0x200000a0    0x20  usbd_msc.o [1]
    .data            inited   0x200000c0    0x20  usbd_msc.o [1]
    .data            inited   0x200000e0     0xc  usbd_msc.o [1]
    .data            inited   0x200000ec    0x20  usbd_storage_if.o [1]
    .data            inited   0x2000010c    0x14  user_diskio.o [1]
    .data            inited   0x20000120     0x1  user_diskio.o [1]
                            - 0x20000121   0x121

"P2", part 2 of 3:                         0x800
  CSTACK                      0x20000128   0x800  <Block>
    CSTACK           uninit   0x20000128   0x800  <Block tail>
                            - 0x20000928   0x800

"P2", part 3 of 3:                        0x3198
  .bss               zero     0x20000928  0x1004  SoundTask.o [1]
  .bss               zero     0x2000192c   0xfa0  heap_4.o [1]
  .bss               zero     0x200028cc   0x420  usbd_conf.o [1]
  .bss               zero     0x20002cec   0x270  usbd_conf.o [1]
  .bss               zero     0x20002f5c   0x234  SoundTask.o [1]
  .bss               zero     0x20003190   0x22c  SoundTask.o [1]
  .bss               zero     0x200033bc   0x224  usb_device.o [1]
  .bss               zero     0x200035e0   0x200  usbd_desc.o [1]
  .bss               zero     0x200037e0    0x8c  tasks.o [1]
  .bss               zero     0x2000386c    0x58  main.o [1]
  .bss               zero     0x200038c4    0x40  queue.o [1]
  .bss               zero     0x20003904    0x3c  main.o [1]
  .bss               zero     0x20003940    0x3c  stm32f1xx_hal_timebase_TIM.o [1]
  .bss               zero     0x2000397c    0x38  main.o [1]
  .bss               zero     0x200039b4    0x14  tasks.o [1]
  .bss               zero     0x200039c8    0x14  tasks.o [1]
  .bss               zero     0x200039dc    0x14  tasks.o [1]
  .bss               zero     0x200039f0    0x14  tasks.o [1]
  .bss               zero     0x20003a04    0x14  tasks.o [1]
  .bss               zero     0x20003a18     0xc  ff.o [1]
  .bss               zero     0x20003a24     0xc  ff_gen_drv.o [1]
  .bss               zero     0x20003a30     0x8  heap_4.o [1]
  .bss               zero     0x20003a38     0x8  main.o [1]
  .bss               zero     0x20003a40     0x4  fatfs.o [1]
  .bss               zero     0x20003a44     0x4  ff.o [1]
  .bss               zero     0x20003a48     0x4  heap_4.o [1]
  .bss               zero     0x20003a4c     0x4  heap_4.o [1]
  .bss               zero     0x20003a50     0x4  heap_4.o [1]
  .bss               zero     0x20003a54     0x4  heap_4.o [1]
  .bss               zero     0x20003a58     0x4  main.o [1]
  .bss               zero     0x20003a5c     0x4  main.o [1]
  .bss               zero     0x20003a60     0x4  main.o [1]
  .bss               zero     0x20003a64     0x4  main.o [1]
  .bss               zero     0x20003a68     0x4  main.o [1]
  .bss               zero     0x20003a6c     0x4  port.o [1]
  .bss               zero     0x20003a70     0x4  SoundTask.o [1]
  .bss               zero     0x20003a74     0x4  SoundTask.o [1]
  .bss               zero     0x20003a78     0x4  SPI_Flash.o [1]
  .bss               zero     0x20003a7c     0x4  stm32f1xx_hal.o [1]
  .bss               zero     0x20003a80     0x4  tasks.o [1]
  .bss               zero     0x20003a84     0x4  tasks.o [1]
  .bss               zero     0x20003a88     0x4  tasks.o [1]
  .bss               zero     0x20003a8c     0x4  tasks.o [1]
  .bss               zero     0x20003a90     0x4  tasks.o [1]
  .bss               zero     0x20003a94     0x4  tasks.o [1]
  .bss               zero     0x20003a98     0x4  tasks.o [1]
  .bss               zero     0x20003a9c     0x4  tasks.o [1]
  .bss               zero     0x20003aa0     0x4  tasks.o [1]
  .bss               zero     0x20003aa4     0x4  tasks.o [1]
  .bss               zero     0x20003aa8     0x4  tasks.o [1]
  .bss               zero     0x20003aac     0x4  tasks.o [1]
  .bss               zero     0x20003ab0     0x4  tasks.o [1]
  .bss               zero     0x20003ab4     0x4  tasks.o [1]
  .bss               zero     0x20003ab8     0x2  ff.o [1]
  .bss               zero     0x20003aba     0x1  fatfs.o [1]
  .bss               zero     0x20003abb     0x1  port.o [1]
  .bss               zero     0x20003abc     0x1  SoundTask.o [1]
  .bss               zero     0x20003abd     0x1  stm32f1xx_hal_spi_ex.o [1]
  .bss               zero     0x20003abe     0x1  usbd_ctlreq.o [1]
                            - 0x20003abf  0x3197


*******************************************************************************
*** INIT TABLE
***

          Address     Size
          -------     ----
Zero (__iar_zero_init3)
    1 destination range, total size 0x3197:
          0x20000928  0x3197

Copy/lz77 (__iar_lz77_init_single3)
    1 source range, total size 0xcb (70% of destination):
          0x0800a3a4    0xcb
    1 destination range, total size 0x121:
          0x20000000   0x121



*******************************************************************************
*** MODULE SUMMARY
***

    Module                        ro code  ro data  rw data
    ------                        -------  -------  -------
D:\Work\old\Sound\src\sound103\EWARM\sound103\Obj: [1]
    MainTask.o                         14
    SPI_Flash.o                       860       20       12
    SoundTask.o                       832      387    5 233
    cmsis_os.o                        428
    diskio.o                          248
    fatfs.o                            32                 5
    ff.o                            6 704      144       18
    ff_gen_drv.o                      112                12
    freertos.o                          2
    heap_4.o                          592        4    4 024
    list.o                            158
    main.o                          1 114      172      232
    port.o                            460        6        9
    portasm.o                         148
    queue.o                         1 744                64
    startup_stm32f103xb.o             412
    stm32f1xx_hal.o                    88                 4
    stm32f1xx_hal_cortex.o            392
    stm32f1xx_hal_crc.o                36
    stm32f1xx_hal_dma.o               970
    stm32f1xx_hal_gpio.o              792
    stm32f1xx_hal_msp.o               464       56
    stm32f1xx_hal_pcd.o             2 522
    stm32f1xx_hal_pcd_ex.o             72
    stm32f1xx_hal_rcc.o             2 644       18
    stm32f1xx_hal_rcc_ex.o            328
    stm32f1xx_hal_spi.o             2 160
    stm32f1xx_hal_spi_ex.o            154                 1
    stm32f1xx_hal_tim.o             2 212
    stm32f1xx_hal_tim_ex.o            100
    stm32f1xx_hal_timebase_TIM.o      148                60
    stm32f1xx_it.o                     68
    stm32f1xx_ll_usb.o              2 650
    syscall.o                          98        4
    system_stm32f1xx.o                104       27        4
    tasks.o                         2 716        8      296
    usb_device.o                       52               548
    usbd_conf.o                     1 272       48    1 680
    usbd_core.o                       808
    usbd_ctlreq.o                   1 642                 1
    usbd_desc.o                       224      116      564
    usbd_ioreq.o                      144
    usbd_msc.o                        566      115      164
    usbd_msc_bot.o                    696
    usbd_msc_data.o                             24
    usbd_msc_scsi.o                 2 026
    usbd_storage_if.o                 132       59       32
    user_diskio.o                     148       15       21
    -------------------------------------------------------
    Total:                         40 288    1 223   12 984

command line: [2]
    -------------------------------------------------------
    Total:

dl7M_tlf.a: [3]
    exit.o                              4
    low_level_init.o                    4
    memcpy.o                           12
    -------------------------------------------------------
    Total:                             20

rt7M_tl.a: [4]
    ABImemcpy_unaligned.o             118
    ABImemset.o                       102
    cexit.o                            10
    cmain.o                            26
    cstartup_M.o                       12
    data_init.o                        40
    lz77_init_single.o                120
    zero_init3.o                       64
    -------------------------------------------------------
    Total:                            492

shb_l.a: [5]
    exit.o                             20
    -------------------------------------------------------
    Total:                             20

    Gaps                               18        2
    Linker created                              32    2 048
-----------------------------------------------------------
    Grand Total:                   40 838    1 257   15 032


*******************************************************************************
*** ENTRY LIST
***

Entry                      Address    Size  Type      Object
-----                      -------    ----  ----      ------
.iar.init_table$$Base   0x0800a128           --   Gb  - Linker created -
.iar.init_table$$Limit  0x0800a148           --   Gb  - Linker created -
?main                   0x0800a149          Code  Gb  cmain.o [4]
ADPCMDecoder            0x08006b97    0x90  Code  Gb  SoundTask.o [1]
AHBPrescTable           0x0800a220    0x10  Data  Gb  system_stm32f1xx.o [1]
APBPrescTable           0x0800a2c0     0x8  Data  Gb  system_stm32f1xx.o [1]
Buffer                  0x20000928  0x1004  Data  Gb  SoundTask.o [1]
BufferRMW               0x20000008     0x4  Data  Gb  SPI_Flash.o [1]
BusFault_Handler        0x08009fcb     0x2  Code  Gb  stm32f1xx_it.o [1]
CSTACK$$Base            0x20000128           --   Gb  - Linker created -
CSTACK$$Limit           0x20000928           --   Gb  - Linker created -
DMA1_Channel5_IRQHandler
                        0x08009fd9     0xe  Code  Gb  stm32f1xx_it.o [1]
DMA_SetConfig           0x08005ea5    0x22  Code  Lc  stm32f1xx_hal_dma.o [1]
DMAsoundSemHandle       0x20003a68     0x4  Data  Gb  main.o [1]
DebugMon_Handler        0x08009fcf     0x2  Code  Gb  stm32f1xx_it.o [1]
DecodeFrom_ADPCM_to_WAV
                        0x08006b53    0x44  Code  Gb  SoundTask.o [1]
ExCvt                   0x08009e64    0x80  Data  Lc  ff.o [1]
FATFS_LinkDriver        0x08001e9d    0x12  Code  Gb  ff_gen_drv.o [1]
FATFS_LinkDriverEx      0x08001e45    0x58  Code  Gb  ff_gen_drv.o [1]
FS_Desc                 0x20000014    0x1c  Data  Gb  usbd_desc.o [1]
FatFs                   0x20003a44     0x4  Data  Lc  ff.o [1]
Files                   0x20003a18     0xc  Data  Lc  ff.o [1]
Fsid                    0x20003ab8     0x2  Data  Lc  ff.o [1]
GsmTaskHandle           0x20003a64     0x4  Data  Gb  main.o [1]
HAL_CRC_Init            0x0800682d    0x24  Code  Gb  stm32f1xx_hal_crc.o [1]
HAL_CRC_MspInit         0x08004df7    0x26  Code  Gb  stm32f1xx_hal_msp.o [1]
HAL_DMA_IRQHandler      0x08005bc3   0x2c2  Code  Gb  stm32f1xx_hal_dma.o [1]
HAL_DMA_Init            0x08005afd    0x58  Code  Gb  stm32f1xx_hal_dma.o [1]
HAL_DMA_Start_IT        0x08005b55    0x6e  Code  Gb  stm32f1xx_hal_dma.o [1]
HAL_Delay               0x08004b31    0x1a  Code  Wk  stm32f1xx_hal.o [1]
HAL_GPIO_Init           0x080057e5   0x2ba  Code  Gb  stm32f1xx_hal_gpio.o [1]
HAL_GPIO_TogglePin      0x08005ab3     0xa  Code  Gb  stm32f1xx_hal_gpio.o [1]
HAL_GPIO_WritePin       0x08005a9f    0x14  Code  Gb  stm32f1xx_hal_gpio.o [1]
HAL_GetTick             0x08004b2b     0x6  Code  Wk  stm32f1xx_hal.o [1]
HAL_IncTick             0x08004b1f     0xc  Code  Wk  stm32f1xx_hal.o [1]
HAL_Init                0x08004afd    0x22  Code  Gb  stm32f1xx_hal.o [1]
HAL_InitTick            0x08004b55    0x82  Code  Gb  stm32f1xx_hal_timebase_TIM.o [1]
HAL_MspInit             0x08004d71    0x86  Code  Gb  stm32f1xx_hal_msp.o [1]
HAL_NVIC_DisableIRQ     0x08004d0d     0xe  Code  Gb  stm32f1xx_hal_cortex.o [1]
HAL_NVIC_EnableIRQ      0x08004cff     0xe  Code  Gb  stm32f1xx_hal_cortex.o [1]
HAL_NVIC_SetPriority    0x08004cd9    0x26  Code  Gb  stm32f1xx_hal_cortex.o [1]
HAL_NVIC_SetPriorityGrouping
                        0x08004ccd     0xc  Code  Gb  stm32f1xx_hal_cortex.o [1]
HAL_PCDEx_PMAConfig     0x080092d3    0x48  Code  Gb  stm32f1xx_hal_pcd_ex.o [1]
HAL_PCDEx_SetConnectionState
                        0x08007f43     0x2  Code  Gb  usbd_conf.o [1]
HAL_PCD_DataInStageCallback
                        0x08007ac1    0x1c  Code  Gb  usbd_conf.o [1]
HAL_PCD_DataOutStageCallback
                        0x08007aa3    0x1e  Code  Gb  usbd_conf.o [1]
HAL_PCD_EP_Close        0x08008c2b    0x62  Code  Gb  stm32f1xx_hal_pcd.o [1]
HAL_PCD_EP_ClrStall     0x08008df9    0x62  Code  Gb  stm32f1xx_hal_pcd.o [1]
HAL_PCD_EP_Flush        0x08008e5b    0x3c  Code  Gb  stm32f1xx_hal_pcd.o [1]
HAL_PCD_EP_GetRxCount   0x08008d01    0x12  Code  Gb  stm32f1xx_hal_pcd.o [1]
HAL_PCD_EP_Open         0x08008bab    0x80  Code  Gb  stm32f1xx_hal_pcd.o [1]
HAL_PCD_EP_Receive      0x08008c8d    0x74  Code  Gb  stm32f1xx_hal_pcd.o [1]
HAL_PCD_EP_SetStall     0x08008d83    0x76  Code  Gb  stm32f1xx_hal_pcd.o [1]
HAL_PCD_EP_Transmit     0x08008d13    0x70  Code  Gb  stm32f1xx_hal_pcd.o [1]
HAL_PCD_IRQHandler      0x08008a37   0x144  Code  Gb  stm32f1xx_hal_pcd.o [1]
HAL_PCD_Init            0x080088f9   0x10a  Code  Gb  stm32f1xx_hal_pcd.o [1]
HAL_PCD_MspInit         0x08007a4d    0x40  Code  Gb  usbd_conf.o [1]
HAL_PCD_ResetCallback   0x08007aeb    0x2c  Code  Gb  usbd_conf.o [1]
HAL_PCD_ResumeCallback  0x08007b3b     0xe  Code  Gb  usbd_conf.o [1]
HAL_PCD_SOFCallback     0x08007add     0xe  Code  Gb  usbd_conf.o [1]
HAL_PCD_SetAddress      0x08008b7b    0x30  Code  Gb  stm32f1xx_hal_pcd.o [1]
HAL_PCD_SetupStageCallback
                        0x08007a8d    0x16  Code  Gb  usbd_conf.o [1]
HAL_PCD_Start           0x08008a03    0x34  Code  Gb  stm32f1xx_hal_pcd.o [1]
HAL_PCD_SuspendCallback
                        0x08007b17    0x24  Code  Gb  usbd_conf.o [1]
HAL_RCCEx_PeriphCLKConfig
                        0x080066e5   0x130  Code  Gb  stm32f1xx_hal_rcc_ex.o [1]
HAL_RCC_ClockConfig     0x080047a7   0x22a  Code  Gb  stm32f1xx_hal_rcc.o [1]
HAL_RCC_GetClockConfig  0x08004a81    0x3a  Code  Gb  stm32f1xx_hal_rcc.o [1]
HAL_RCC_GetHCLKFreq     0x08004a5b     0x6  Code  Gb  stm32f1xx_hal_rcc.o [1]
HAL_RCC_GetPCLK1Freq    0x08004a61    0x20  Code  Gb  stm32f1xx_hal_rcc.o [1]
HAL_RCC_GetSysClockFreq
                        0x080049d1    0x8a  Code  Gb  stm32f1xx_hal_rcc.o [1]
HAL_RCC_OscConfig       0x080040a9   0x6fe  Code  Gb  stm32f1xx_hal_rcc.o [1]
HAL_SPI_Init            0x08006851    0x8e  Code  Gb  stm32f1xx_hal_spi_ex.o [1]
HAL_SPI_MspInit         0x08004e1d    0x5e  Code  Gb  stm32f1xx_hal_msp.o [1]
HAL_SPI_Receive         0x08006e3d   0x24e  Code  Gb  stm32f1xx_hal_spi.o [1]
HAL_SPI_Transmit        0x08006c71   0x1cc  Code  Gb  stm32f1xx_hal_spi.o [1]
HAL_SPI_TransmitReceive
                        0x0800708b   0x35c  Code  Gb  stm32f1xx_hal_spi.o [1]
HAL_SYSTICK_CLKSourceConfig
                        0x08004d27    0x22  Code  Gb  stm32f1xx_hal_cortex.o [1]
HAL_SYSTICK_Config      0x08004d1b     0xc  Code  Gb  stm32f1xx_hal_cortex.o [1]
HAL_TIMEx_BreakCallback
                        0x08006385     0x2  Code  Wk  stm32f1xx_hal_tim_ex.o [1]
HAL_TIMEx_CommutationCallback
                        0x08006383     0x2  Code  Wk  stm32f1xx_hal_tim_ex.o [1]
HAL_TIMEx_MasterConfigSynchronization
                        0x08006325    0x5e  Code  Gb  stm32f1xx_hal_tim_ex.o [1]
HAL_TIM_Base_Init       0x08004f41    0x38  Code  Gb  stm32f1xx_hal_tim.o [1]
HAL_TIM_Base_MspInit    0x08004e7b    0x76  Code  Gb  stm32f1xx_hal_msp.o [1]
HAL_TIM_Base_Start_IT   0x08004f79    0x1e  Code  Gb  stm32f1xx_hal_tim.o [1]
HAL_TIM_ConfigClockSource
                        0x0800538f   0x122  Code  Gb  stm32f1xx_hal_tim.o [1]
HAL_TIM_ErrorCallback   0x080054b9     0x2  Code  Wk  stm32f1xx_hal_tim.o [1]
HAL_TIM_IC_CaptureCallback
                        0x080054b3     0x2  Code  Wk  stm32f1xx_hal_tim.o [1]
HAL_TIM_IRQHandler      0x08005115   0x176  Code  Gb  stm32f1xx_hal_tim.o [1]
HAL_TIM_MspPostInit     0x08004ef1    0x22  Code  Gb  stm32f1xx_hal_msp.o [1]
HAL_TIM_OC_DelayElapsedCallback
                        0x080054b1     0x2  Code  Wk  stm32f1xx_hal_tim.o [1]
HAL_TIM_PWM_ConfigChannel
                        0x0800528b   0x104  Code  Gb  stm32f1xx_hal_tim.o [1]
HAL_TIM_PWM_Init        0x08004f97    0x38  Code  Gb  stm32f1xx_hal_tim.o [1]
HAL_TIM_PWM_MspInit     0x08004fcf     0x2  Code  Wk  stm32f1xx_hal_tim.o [1]
HAL_TIM_PWM_PulseFinishedCallback
                        0x080054b5     0x2  Code  Wk  stm32f1xx_hal_tim.o [1]
HAL_TIM_PWM_Start_DMA   0x08004fd1   0x136  Code  Gb  stm32f1xx_hal_tim.o [1]
HAL_TIM_PeriodElapsedCallback
                        0x080062b5    0x12  Code  Gb  main.o [1]
HAL_TIM_TriggerCallback
                        0x080054b7     0x2  Code  Wk  stm32f1xx_hal_tim.o [1]
HardFault_Handler       0x08009fc7     0x2  Code  Gb  stm32f1xx_it.o [1]
IndexTable              0x0800a200    0x10  Data  Gb  SoundTask.o [1]
MSC_BOT_Abort           0x0800887d    0x48  Code  Lc  usbd_msc_bot.o [1]
MSC_BOT_CBW_Decode      0x08008735    0xc0  Code  Lc  usbd_msc_bot.o [1]
MSC_BOT_CplClrFeature   0x080088c5    0x34  Code  Gb  usbd_msc_bot.o [1]
MSC_BOT_DataIn          0x080086b9    0x40  Code  Gb  usbd_msc_bot.o [1]
MSC_BOT_DataOut         0x080086f9    0x3c  Code  Gb  usbd_msc_bot.o [1]
MSC_BOT_DeInit          0x080086af     0xa  Code  Gb  usbd_msc_bot.o [1]
MSC_BOT_Init            0x08008641    0x4a  Code  Gb  usbd_msc_bot.o [1]
MSC_BOT_Reset           0x0800868b    0x24  Code  Gb  usbd_msc_bot.o [1]
MSC_BOT_SendCSW         0x08008837    0x3e  Code  Gb  usbd_msc_bot.o [1]
MSC_BOT_SendData        0x080087f5    0x42  Code  Lc  usbd_msc_bot.o [1]
MSC_Mode_Sense10_data   0x0800a2e0     0x8  Data  Gb  usbd_msc_data.o [1]
MSC_Mode_Sense6_data    0x0800a2d8     0x8  Data  Gb  usbd_msc_data.o [1]
MSC_Page00_Inquiry_Data
                        0x0800a2d0     0x8  Data  Gb  usbd_msc_data.o [1]
MX_CRC_Init             0x0800602b    0x1e  Code  Lc  main.o [1]
MX_DMA_Init             0x08006167    0x1e  Code  Lc  main.o [1]
MX_FATFS_Init           0x08001c79    0x10  Code  Gb  fatfs.o [1]
MX_GPIO_Init            0x08006185    0xe8  Code  Lc  main.o [1]
MX_NVIC_Init            0x08006017    0x14  Code  Lc  main.o [1]
MX_SPI1_Init            0x08006049    0x64  Code  Lc  main.o [1]
MX_TIM2_Init            0x080060ad    0xba  Code  Lc  main.o [1]
MX_USB_DEVICE_Init      0x080068ed    0x34  Code  Gb  usb_device.o [1]
MainTask                0x08006923     0xc  Code  Gb  MainTask.o [1]
MainTaskHandle          0x20003a58     0x4  Data  Gb  main.o [1]
MainTaskInit            0x08006921     0x2  Code  Gb  MainTask.o [1]
MemManage_Handler       0x08009fc9     0x2  Code  Gb  stm32f1xx_it.o [1]
NMI_Handler             0x08009fc5     0x2  Code  Gb  stm32f1xx_it.o [1]
NVIC_DisableIRQ         0x08004c25    0x14  Code  Lc  stm32f1xx_hal_cortex.o [1]
NVIC_EnableIRQ          0x08004c11    0x14  Code  Lc  stm32f1xx_hal_cortex.o [1]
NVIC_EncodePriority     0x08004c5f    0x3e  Code  Lc  stm32f1xx_hal_cortex.o [1]
NVIC_GetPriorityGrouping
                        0x08004c07     0xa  Code  Lc  stm32f1xx_hal_cortex.o [1]
NVIC_SetPriority        0x08004c39    0x26  Code  Lc  stm32f1xx_hal_cortex.o [1]
NVIC_SetPriorityGrouping
                        0x08004be9    0x1e  Code  Lc  stm32f1xx_hal_cortex.o [1]
PCD_EP_ISR_Handler      0x08008e97   0x43c  Code  Lc  stm32f1xx_hal_pcd.o [1]
PendSV_Handler          0x080031ed          Code  Gb  portasm.o [1]
Region$$Table$$Base     0x0800a128           --   Gb  - Linker created -
Region$$Table$$Limit    0x0800a148           --   Gb  - Linker created -
SCSI_CheckAddressRange  0x08009981    0x36  Code  Lc  usbd_msc_scsi.o [1]
SCSI_Inquiry            0x0800946d    0x5e  Code  Lc  usbd_msc_scsi.o [1]
SCSI_ModeSense10        0x08009611    0x2a  Code  Lc  usbd_msc_scsi.o [1]
SCSI_ModeSense6         0x080095e7    0x2a  Code  Lc  usbd_msc_scsi.o [1]
SCSI_ProcessCmd         0x0800931d    0xf8  Code  Gb  usbd_msc_scsi.o [1]
SCSI_ProcessRead        0x080099b7    0x9c  Code  Lc  usbd_msc_scsi.o [1]
SCSI_ProcessWrite       0x08009a53    0xb4  Code  Lc  usbd_msc_scsi.o [1]
SCSI_Read10             0x08009723    0xe6  Code  Lc  usbd_msc_scsi.o [1]
SCSI_ReadCapacity10     0x080094cb    0x82  Code  Lc  usbd_msc_scsi.o [1]
SCSI_ReadFormatCapacity
                        0x0800954d    0x9a  Code  Lc  usbd_msc_scsi.o [1]
SCSI_RequestSense       0x08009649    0x8a  Code  Lc  usbd_msc_scsi.o [1]
SCSI_SenseCode          0x080096d3    0x3e  Code  Gb  usbd_msc_scsi.o [1]
SCSI_StartStopUnit      0x08009711    0x12  Code  Lc  usbd_msc_scsi.o [1]
SCSI_TestUnitReady      0x08009415    0x58  Code  Lc  usbd_msc_scsi.o [1]
SCSI_Verify10           0x08009935    0x4c  Code  Lc  usbd_msc_scsi.o [1]
SCSI_Write10            0x08009809   0x12c  Code  Lc  usbd_msc_scsi.o [1]
SD_Path                 0x20000004     0x4  Data  Gb  SoundTask.o [1]
SPIFlashBeginRead       0x080065cd    0x4e  Code  Gb  SPI_Flash.o [1]
SPIFlashBeginWrite      0x080063df    0x66  Code  Gb  SPI_Flash.o [1]
SPIFlashEndRead         0x08006389    0x10  Code  Gb  SPI_Flash.o [1]
SPIFlashEndWrite        0x080064c1    0x68  Code  Gb  SPI_Flash.o [1]
SPIFlashEraseSector     0x08006651    0x4a  Code  Gb  SPI_Flash.o [1]
SPIFlashInit            0x08006399    0x46  Code  Gb  SPI_Flash.o [1]
SPIFlashReadArray       0x0800661b    0x36  Code  Gb  SPI_Flash.o [1]
SPIFlashWrite           0x08006445    0x7c  Code  Gb  SPI_Flash.o [1]
SPIFlashWriteArray      0x08006595    0x38  Code  Gb  SPI_Flash.o [1]
SPIFlashWriteArrayRMW   0x08006529    0x6c  Code  Gb  SPI_Flash.o [1]
SPI_ISCRCErrorValid     0x080068e5     0x6  Code  Gb  stm32f1xx_hal_spi_ex.o [1]
SPI_WaitOnFlagUntilTimeout
                        0x080073e7    0xfa  Code  Lc  stm32f1xx_hal_spi.o [1]
STORAGE_GetCapacity_FS  0x08009de7    0x12  Code  Lc  usbd_storage_if.o [1]
STORAGE_GetMaxLun_FS    0x08009e61     0x4  Code  Lc  usbd_storage_if.o [1]
STORAGE_Init_FS         0x08009de1     0x6  Code  Lc  usbd_storage_if.o [1]
STORAGE_Inquirydata_FS  0x0800a104    0x24  Data  Gb  usbd_storage_if.o [1]
STORAGE_IsReady_FS      0x08009df9     0x6  Code  Lc  usbd_storage_if.o [1]
STORAGE_IsWriteProtected_FS
                        0x08009dff     0x6  Code  Lc  usbd_storage_if.o [1]
STORAGE_Read_FS         0x08009e05    0x26  Code  Lc  usbd_storage_if.o [1]
STORAGE_Write_FS        0x08009e2b    0x30  Code  Lc  usbd_storage_if.o [1]
SVC_Handler             0x0800323f          Code  Gb  portasm.o [1]
SoundTask               0x08006971   0x1c4  Code  Gb  SoundTask.o [1]
SoundTaskHandle         0x20003a5c     0x4  Data  Gb  main.o [1]
SoundTaskInit           0x08006931    0x40  Code  Gb  SoundTask.o [1]
StartGsmTask            0x080062a9     0xc  Code  Gb  main.o [1]
StartMainTask           0x0800626d    0x1c  Code  Gb  main.o [1]
StartSound              0x08006289    0x14  Code  Gb  main.o [1]
StartWiFiTask           0x0800629d     0xc  Code  Gb  main.o [1]
Stat                    0x20000120     0x1  Data  Lc  user_diskio.o [1]
StepSizeTable           0x08009b08   0x164  Data  Gb  SoundTask.o [1]
SysTick_Config          0x08004c9d    0x30  Code  Lc  stm32f1xx_hal_cortex.o [1]
SysTick_Handler         0x08009fd1     0x8  Code  Gb  stm32f1xx_it.o [1]
SystemClock_Config      0x08005f75    0xa2  Code  Gb  main.o [1]
SystemCoreClock         0x20000010     0x4  Data  Gb  system_stm32f1xx.o [1]
SystemInit              0x08009f5d    0x4e  Code  Gb  system_stm32f1xx.o [1]
TIM3_IRQHandler         0x08009ff1     0xa  Code  Gb  stm32f1xx_it.o [1]
TIM_Base_SetConfig      0x08005519    0x62  Code  Gb  stm32f1xx_hal_tim.o [1]
TIM_CCxChannelCmd       0x080057c7    0x1e  Code  Gb  stm32f1xx_hal_tim.o [1]
TIM_DMADelayPulseCplt   0x080054d1    0x46  Code  Gb  stm32f1xx_hal_tim.o [1]
TIM_DMAError            0x080054bd    0x14  Code  Gb  stm32f1xx_hal_tim.o [1]
TIM_ETR_SetConfig       0x080057ab    0x1c  Code  Lc  stm32f1xx_hal_tim.o [1]
TIM_ITRx_SetConfig      0x08005793    0x18  Code  Lc  stm32f1xx_hal_tim.o [1]
TIM_OC1_SetConfig       0x0800557b    0x6e  Code  Lc  stm32f1xx_hal_tim.o [1]
TIM_OC2_SetConfig       0x080055e9    0x78  Code  Gb  stm32f1xx_hal_tim.o [1]
TIM_OC3_SetConfig       0x08005661    0x70  Code  Lc  stm32f1xx_hal_tim.o [1]
TIM_OC4_SetConfig       0x080056d1    0x52  Code  Lc  stm32f1xx_hal_tim.o [1]
TIM_TI1_ConfigInputStage
                        0x08005731    0x30  Code  Lc  stm32f1xx_hal_tim.o [1]
TIM_TI2_ConfigInputStage
                        0x08005761    0x32  Code  Lc  stm32f1xx_hal_tim.o [1]
USBD_ClrClassConfig     0x0800757f    0x18  Code  Gb  usbd_core.o [1]
USBD_ClrFeature         0x080084db    0x3a  Code  Lc  usbd_ctlreq.o [1]
USBD_CtlContinueRx      0x080085f1    0x1a  Code  Gb  usbd_ioreq.o [1]
USBD_CtlContinueSendData
                        0x080085d7    0x1a  Code  Gb  usbd_ioreq.o [1]
USBD_CtlError           0x0800853d    0x18  Code  Gb  usbd_ctlreq.o [1]
USBD_CtlReceiveStatus   0x08008625    0x1a  Code  Gb  usbd_ioreq.o [1]
USBD_CtlSendData        0x080085af    0x28  Code  Gb  usbd_ioreq.o [1]
USBD_CtlSendStatus      0x0800860b    0x1a  Code  Gb  usbd_ioreq.o [1]
USBD_FS_ConfigStrDescriptor
                        0x08009ce1    0x26  Code  Gb  usbd_desc.o [1]
USBD_FS_DeviceDesc      0x20000030    0x14  Data  Gb  usbd_desc.o [1]
USBD_FS_DeviceDescriptor
                        0x08009c6d     0xa  Code  Gb  usbd_desc.o [1]
USBD_FS_InterfaceStrDescriptor
                        0x08009d07    0x26  Code  Gb  usbd_desc.o [1]
USBD_FS_LangIDStrDescriptor
                        0x08009c77     0xa  Code  Gb  usbd_desc.o [1]
USBD_FS_ManufacturerStrDescriptor
                        0x08009ca7    0x14  Code  Gb  usbd_desc.o [1]
USBD_FS_ProductStrDescriptor
                        0x08009c81    0x26  Code  Gb  usbd_desc.o [1]
USBD_FS_SerialStrDescriptor
                        0x08009cbb    0x26  Code  Gb  usbd_desc.o [1]
USBD_GetConfig          0x0800842d    0x4c  Code  Lc  usbd_ctlreq.o [1]
USBD_GetDescriptor      0x08008181   0x16c  Code  Lc  usbd_ctlreq.o [1]
USBD_GetLen             0x0800859b    0x14  Code  Lc  usbd_ctlreq.o [1]
USBD_GetStatus          0x08008479    0x3c  Code  Lc  usbd_ctlreq.o [1]
USBD_GetString          0x08008555    0x46  Code  Gb  usbd_ctlreq.o [1]
USBD_Init               0x080074ed    0x38  Code  Gb  usbd_core.o [1]
USBD_LL_ClearStallEP    0x08007d7d    0x4c  Code  Gb  usbd_conf.o [1]
USBD_LL_CloseEP         0x08007c99    0x4c  Code  Gb  usbd_conf.o [1]
USBD_LL_DataInStage     0x0800769f    0xe2  Code  Gb  usbd_core.o [1]
USBD_LL_DataOutStage    0x0800760f    0x90  Code  Gb  usbd_core.o [1]
USBD_LL_FlushEP         0x08007ce5    0x4c  Code  Gb  usbd_conf.o [1]
USBD_LL_GetRxDataSize   0x08007f0d    0x14  Code  Gb  usbd_conf.o [1]
USBD_LL_Init            0x08007b49    0xa2  Code  Gb  usbd_conf.o [1]
USBD_LL_IsStallEP       0x08007dc9    0x2c  Code  Gb  usbd_conf.o [1]
USBD_LL_OpenEP          0x08007c31    0x68  Code  Gb  usbd_conf.o [1]
USBD_LL_PrepareReceive  0x08007ea7    0x66  Code  Gb  usbd_conf.o [1]
USBD_LL_Reset           0x08007781    0x46  Code  Gb  usbd_core.o [1]
USBD_LL_Resume          0x080077e3     0xe  Code  Gb  usbd_core.o [1]
USBD_LL_SOF             0x080077f1    0x24  Code  Gb  usbd_core.o [1]
USBD_LL_SetSpeed        0x080077c7     0x8  Code  Gb  usbd_core.o [1]
USBD_LL_SetUSBAddress   0x08007df5    0x4c  Code  Gb  usbd_conf.o [1]
USBD_LL_SetupStage      0x08007597    0x78  Code  Gb  usbd_core.o [1]
USBD_LL_StallEP         0x08007d31    0x4c  Code  Gb  usbd_conf.o [1]
USBD_LL_Start           0x08007beb    0x46  Code  Gb  usbd_conf.o [1]
USBD_LL_Suspend         0x080077cf    0x14  Code  Gb  usbd_core.o [1]
USBD_LL_Transmit        0x08007e41    0x66  Code  Gb  usbd_conf.o [1]
USBD_LangIDDesc         0x20000044     0x4  Data  Gb  usbd_desc.o [1]
USBD_MSC                0x20000048    0x38  Data  Gb  usbd_msc.o [1]
USBD_MSC_CfgFSDesc      0x200000a0    0x20  Data  Gb  usbd_msc.o [1]
USBD_MSC_CfgHSDesc      0x20000080    0x20  Data  Gb  usbd_msc.o [1]
USBD_MSC_DataIn         0x080079dd    0x14  Code  Gb  usbd_msc.o [1]
USBD_MSC_DataOut        0x080079f1    0x14  Code  Gb  usbd_msc.o [1]
USBD_MSC_DeInit         0x08007883    0x36  Code  Gb  usbd_msc.o [1]
USBD_MSC_DeviceQualifierDesc
                        0x200000e0     0xc  Data  Gb  usbd_msc.o [1]
USBD_MSC_GetDeviceQualifierDescriptor
                        0x08007a23     0xa  Code  Gb  usbd_msc.o [1]
USBD_MSC_GetFSCfgDesc   0x08007a0f     0xa  Code  Gb  usbd_msc.o [1]
USBD_MSC_GetHSCfgDesc   0x08007a05     0xa  Code  Gb  usbd_msc.o [1]
USBD_MSC_GetOtherSpeedCfgDesc
                        0x08007a19     0xa  Code  Gb  usbd_msc.o [1]
USBD_MSC_Init           0x08007815    0x6e  Code  Gb  usbd_msc.o [1]
USBD_MSC_OtherSpeedCfgDesc
                        0x200000c0    0x20  Data  Gb  usbd_msc.o [1]
USBD_MSC_RegisterStorage
                        0x08007a3d     0xe  Code  Gb  usbd_msc.o [1]
USBD_MSC_Setup          0x080078b9   0x124  Code  Gb  usbd_msc.o [1]
USBD_ParseSetupRequest  0x08008515    0x28  Code  Gb  usbd_ctlreq.o [1]
USBD_RegisterClass      0x08007525    0x1a  Code  Gb  usbd_core.o [1]
USBD_RunTestMode        0x0800754d     0x6  Code  Gb  usbd_core.o [1]
USBD_SetAddress         0x080082ed    0x60  Code  Lc  usbd_ctlreq.o [1]
USBD_SetClassConfig     0x08007553    0x2c  Code  Gb  usbd_core.o [1]
USBD_SetConfig          0x0800834d    0xda  Code  Lc  usbd_ctlreq.o [1]
USBD_SetConfig::cfgidx  0x20003abe     0x1  Data  Lc  usbd_ctlreq.o [1]
USBD_SetFeature         0x080084b5    0x26  Code  Lc  usbd_ctlreq.o [1]
USBD_Start              0x0800753f     0xe  Code  Gb  usbd_core.o [1]
USBD_StdDevReq          0x08007f45    0x7c  Code  Gb  usbd_ctlreq.o [1]
USBD_StdEPReq           0x0800800d   0x174  Code  Gb  usbd_ctlreq.o [1]
USBD_StdItfReq          0x08007fc1    0x4c  Code  Gb  usbd_ctlreq.o [1]
USBD_Storage_Interface_fops_FS
                        0x200000ec    0x20  Data  Gb  usbd_storage_if.o [1]
USBD_StrDesc            0x200035e0   0x200  Data  Gb  usbd_desc.o [1]
USBD_static_free        0x08007f41     0x2  Code  Gb  usbd_conf.o [1]
USBD_static_malloc      0x08007f21     0x6  Code  Gb  usbd_conf.o [1]
USBD_static_malloc::mem
                        0x20002cec   0x270  Data  Lc  usbd_conf.o [1]
USB_ActivateEndpoint    0x080036bd   0x354  Code  Gb  stm32f1xx_ll_usb.o [1]
USB_CoreInit            0x0800364f     0xa  Code  Gb  stm32f1xx_ll_usb.o [1]
USB_DeactivateEndpoint  0x08003a11   0x1d6  Code  Gb  stm32f1xx_ll_usb.o [1]
USB_DevConnect          0x08004011     0x6  Code  Gb  stm32f1xx_ll_usb.o [1]
USB_DevDisconnect       0x08004017     0x6  Code  Gb  stm32f1xx_ll_usb.o [1]
USB_DevInit             0x0800368f    0x22  Code  Gb  stm32f1xx_ll_usb.o [1]
USB_DisableGlobalInt    0x08003671    0x18  Code  Gb  stm32f1xx_ll_usb.o [1]
USB_EP0_OutStart        0x08004029     0x6  Code  Gb  stm32f1xx_ll_usb.o [1]
USB_EPClearStall        0x08003f5d    0xa2  Code  Gb  stm32f1xx_ll_usb.o [1]
USB_EPSetStall          0x08003edf    0x7e  Code  Gb  stm32f1xx_ll_usb.o [1]
USB_EPStartXfer         0x08003be7   0x2f8  Code  Gb  stm32f1xx_ll_usb.o [1]
USB_EnableGlobalInt     0x08003659    0x18  Code  Gb  stm32f1xx_ll_usb.o [1]
USB_FlushRxFifo         0x080036b7     0x6  Code  Gb  stm32f1xx_ll_usb.o [1]
USB_FlushTxFifo         0x080036b1     0x6  Code  Gb  stm32f1xx_ll_usb.o [1]
USB_LP_CAN1_RX0_IRQHandler
                        0x08009fe7     0xa  Code  Gb  stm32f1xx_it.o [1]
USB_ReadInterrupts      0x0800401d     0xc  Code  Gb  stm32f1xx_ll_usb.o [1]
USB_ReadPMA             0x08004079    0x30  Code  Gb  stm32f1xx_ll_usb.o [1]
USB_SetCurrentMode      0x08003689     0x6  Code  Gb  stm32f1xx_ll_usb.o [1]
USB_SetDevAddress       0x08003fff    0x12  Code  Gb  stm32f1xx_ll_usb.o [1]
USB_WritePMA            0x0800402f    0x4a  Code  Gb  stm32f1xx_ll_usb.o [1]
USER_Driver             0x2000010c    0x14  Data  Gb  user_diskio.o [1]
USER_Path               0x20003a40     0x4  Data  Gb  fatfs.o [1]
USER_initialize         0x08009d4d     0xe  Code  Gb  user_diskio.o [1]
USER_ioctl              0x08009dd9     0x8  Code  Gb  user_diskio.o [1]
USER_read               0x08009d6d    0x3a  Code  Gb  user_diskio.o [1]
USER_status             0x08009d5b     0xe  Code  Gb  user_diskio.o [1]
USER_write              0x08009da7    0x32  Code  Gb  user_diskio.o [1]
UsageFault_Handler      0x08009fcd     0x2  Code  Gb  stm32f1xx_it.o [1]
WiFiTaskHandle          0x20003a60     0x4  Data  Gb  main.o [1]
_Error_Handler          0x08006321     0x2  Code  Gb  main.o [1]
_SendCmd                0x0800669b    0x28  Code  Lc  SPI_Flash.o [1]
__aeabi_memset          0x08003571          Code  Gb  ABImemset.o [4]
__cmain                 0x0800a149          Code  Gb  cmain.o [4]
__exit                  0x0800a179    0x14  Code  Gb  exit.o [5]
__iar_Memset            0x08003571          Code  Gb  ABImemset.o [4]
__iar_Memset_word       0x08003579          Code  Gb  ABImemset.o [4]
__iar_data_init3        0x0800a0dd    0x28  Code  Gb  data_init.o [4]
__iar_lz77_init_single3
                        0x08009ee5    0x78  Code  Gb  lz77_init_single.o [4]
__iar_program_start     0x0800a2ad          Code  Gb  cstartup_M.o [4]
__iar_unaligned___aeabi_memcpy
                        0x080035d9          Code  Gb  ABImemcpy_unaligned.o [4]
__iar_unaligned___aeabi_memcpy4
                        0x080035f9          Code  Gb  ABImemcpy_unaligned.o [4]
__iar_unaligned___aeabi_memcpy8
                        0x080035f9          Code  Gb  ABImemcpy_unaligned.o [4]
__iar_zero_init3        0x0800a009    0x40  Code  Gb  zero_init3.o [4]
__low_level_init        0x0800a163     0x4  Code  Gb  low_level_init.o [3]
__vector_table          0x08000000          Data  Gb  startup_stm32f103xb.o [1]
_call_main              0x0800a155          Code  Gb  cmain.o [4]
_exit                   0x0800a16d          Code  Gb  cexit.o [4]
_main                   0x0800a15f          Code  Gb  cmain.o [4]
check_fs                0x08000f89    0x82  Code  Lc  ff.o [1]
chk_chr                 0x08000143    0x14  Code  Lc  ff.o [1]
chk_lock                0x08000191    0xa0  Code  Lc  ff.o [1]
clear_lock              0x080003bd    0x30  Code  Lc  ff.o [1]
clmt_clust              0x0800097b    0x3e  Code  Lc  ff.o [1]
clust2sect              0x08000585    0x20  Code  Gb  ff.o [1]
create_chain            0x0800087d    0xfe  Code  Lc  ff.o [1]
create_name             0x08000d6b   0x12e  Code  Lc  ff.o [1]
dec_lock                0x0800035d    0x60  Code  Lc  ff.o [1]
dir_alloc               0x08000bf9    0x6e  Code  Lc  ff.o [1]
dir_find                0x08000ca9    0x70  Code  Lc  ff.o [1]
dir_next                0x08000a8f   0x16a  Code  Lc  ff.o [1]
dir_register            0x08000d19    0x52  Code  Lc  ff.o [1]
dir_sdi                 0x080009b9    0xd6  Code  Lc  ff.o [1]
disk                    0x20003a24     0xc  Data  Gb  ff_gen_drv.o [1]
disk_initialize         0x08001ba3    0x36  Code  Gb  diskio.o [1]
disk_ioctl              0x08001c49    0x2c  Code  Gb  diskio.o [1]
disk_read               0x08001bd9    0x38  Code  Gb  diskio.o [1]
disk_status             0x08001b81    0x22  Code  Gb  diskio.o [1]
disk_write              0x08001c11    0x38  Code  Gb  diskio.o [1]
dwCurrentAddr           0x20003a78     0x4  Data  Gb  SPI_Flash.o [1]
enq_lock                0x08000231    0x28  Code  Lc  ff.o [1]
exit                    0x0800a167     0x4  Code  Gb  exit.o [3]
f                       0x20003190   0x22c  Data  Gb  SoundTask.o [1]
f_close                 0x08001ad5    0x48  Code  Gb  ff.o [1]
f_mount                 0x080014b5    0x9c  Code  Gb  ff.o [1]
f_open                  0x0800156d   0x206  Code  Gb  ff.o [1]
f_read                  0x08001773   0x270  Code  Gb  ff.o [1]
f_sync                  0x080019e3    0xf2  Code  Gb  ff.o [1]
ff_cre_syncobj          0x08001b1d    0x28  Code  Gb  syscall.o [1]
ff_del_syncobj          0x08001b49     0xe  Code  Gb  syscall.o [1]
ff_rel_grant            0x08001b73     0xc  Code  Gb  syscall.o [1]
ff_req_grant            0x08001b57    0x1c  Code  Gb  syscall.o [1]
fileSystem              0x20002f5c   0x234  Data  Gb  SoundTask.o [1]
find_volume             0x0800100b   0x454  Code  Lc  ff.o [1]
follow_path             0x08000e9d    0x9c  Code  Lc  ff.o [1]
get_fat                 0x080005a5    0xfc  Code  Gb  ff.o [1]
get_fattime             0x08001c95     0x4  Code  Gb  fatfs.o [1]
get_ldnumber            0x08000f39    0x50  Code  Lc  ff.o [1]
hUsbDeviceFS            0x200033bc   0x224  Data  Gb  usb_device.o [1]
hcrc                    0x20003a38     0x8  Data  Gb  main.o [1]
hdma_tim2_ch1           0x2000397c    0x38  Data  Gb  main.o [1]
hpcd_USB_FS             0x200028cc   0x420  Data  Gb  usbd_conf.o [1]
hspi                    0x2000000c     0x4  Data  Gb  SPI_Flash.o [1]
hspi1                   0x2000386c    0x58  Data  Gb  main.o [1]
htim2                   0x20003904    0x3c  Data  Gb  main.o [1]
htim3                   0x20003940    0x3c  Data  Gb  stm32f1xx_hal_timebase_TIM.o [1]
inHandlerMode           0x08001cab    0x12  Code  Lc  cmsis_os.o [1]
inc_lock                0x08000259   0x104  Code  Lc  ff.o [1]
index                   0x20003abc     0x1  Data  Gb  SoundTask.o [1]
ld_clust                0x08000c67    0x2a  Code  Lc  ff.o [1]
lock_fs                 0x08000157     0xe  Code  Lc  ff.o [1]
main                    0x08005ec9    0xac  Code  Gb  main.o [1]
makeFreeRtosPriority    0x08001c99    0x12  Code  Lc  cmsis_os.o [1]
mem_cmp                 0x0800011f    0x24  Code  Lc  ff.o [1]
mem_cpy                 0x080000ed    0x1c  Code  Lc  ff.o [1]
mem_set                 0x08000109    0x16  Code  Lc  ff.o [1]
memcpy                  0x080074e1     0xc  Code  Gb  memcpy.o [3]
move_window             0x08000455    0x44  Code  Lc  ff.o [1]
osDelay                 0x08001d01    0x1c  Code  Gb  cmsis_os.o [1]
osKernelStart           0x08001cbd     0xa  Code  Gb  cmsis_os.o [1]
osSemaphoreCreate       0x08001d1d    0x2e  Code  Gb  cmsis_os.o [1]
osSemaphoreDelete       0x08001e15    0x1a  Code  Gb  cmsis_os.o [1]
osSemaphoreRelease      0x08001dc9    0x4c  Code  Gb  cmsis_os.o [1]
osSemaphoreWait         0x08001d4b    0x7e  Code  Gb  cmsis_os.o [1]
osSystickHandler        0x08001e2f    0x10  Code  Gb  cmsis_os.o [1]
osThreadCreate          0x08001cc7    0x3a  Code  Gb  cmsis_os.o [1]
overflow                0x20003a70     0x4  Data  Gb  SoundTask.o [1]
pcInterruptPriorityRegisters
                        0x0800a2f0     0x4  Data  Lc  port.o [1]
predsample              0x20003a74     0x4  Data  Gb  SoundTask.o [1]
prvAddCurrentTaskToDelayedList
                        0x08002687    0x48  Code  Lc  tasks.o [1]
prvAllocateTCBAndStack  0x080026cf    0x5a  Code  Lc  tasks.o [1]
prvCheckTasksWaitingTermination
                        0x08002621    0x66  Code  Lc  tasks.o [1]
prvCopyDataFromQueue    0x08002f1d    0x30  Code  Lc  queue.o [1]
prvCopyDataToQueue      0x08002e81    0x9c  Code  Lc  queue.o [1]
prvDeleteTCB            0x08002729    0x12  Code  Lc  tasks.o [1]
prvHeapInit             0x08003483    0x6e  Code  Lc  heap_4.o [1]
prvIdleTask             0x08002529    0x18  Code  Lc  tasks.o [1]
prvInitialiseTCBVariables
                        0x08002551    0x6c  Code  Lc  tasks.o [1]
prvInitialiseTaskLists  0x080025bd    0x56  Code  Lc  tasks.o [1]
prvInsertBlockIntoFreeList
                        0x080034f1    0x62  Code  Lc  heap_4.o [1]
prvIsQueueEmpty         0x08002fb7    0x20  Code  Lc  queue.o [1]
prvIsQueueFull          0x08002fd7    0x22  Code  Lc  queue.o [1]
prvResetNextTaskUnblockTime
                        0x0800273b    0x2a  Code  Lc  tasks.o [1]
prvTaskExitError        0x0800303d    0x18  Code  Lc  port.o [1]
prvUnlockQueue          0x08002f4d    0x6a  Code  Lc  queue.o [1]
put_fat                 0x080006a1   0x158  Code  Gb  ff.o [1]
pvPortMalloc            0x08003321    0xfc  Code  Gb  heap_4.o [1]
pvTaskIncrementMutexHeldCount
                        0x080028e5    0x1e  Code  Gb  tasks.o [1]
pxCurrentTCB            0x20003a80     0x4  Data  Gb  tasks.o [1]
pxDelayedTaskList       0x20003a84     0x4  Data  Lc  tasks.o [1]
pxEnd                   0x20003a48     0x4  Data  Lc  heap_4.o [1]
pxOverflowDelayedTaskList
                        0x20003a88     0x4  Data  Lc  tasks.o [1]
pxPortInitialiseStack   0x08003021    0x1c  Code  Gb  port.o [1]
pxReadyTasksLists       0x200037e0    0x8c  Data  Lc  tasks.o [1]
remove_chain            0x080007f9    0x84  Code  Lc  ff.o [1]
retUSER                 0x20003aba     0x1  Data  Gb  fatfs.o [1]
sound_IRQ_DMA           0x08006b35    0x1e  Code  Gb  SoundTask.o [1]
st_clust                0x08000c91    0x18  Code  Lc  ff.o [1]
sync_fs                 0x08000499    0xec  Code  Lc  ff.o [1]
sync_window             0x080003ed    0x68  Code  Lc  ff.o [1]
uCRCErrorWorkaroundCheck
                        0x20003abd     0x1  Data  Gb  stm32f1xx_hal_spi_ex.o [1]
ucHeap                  0x2000192c   0xfa0  Data  Lc  heap_4.o [1]
ucMaxSysCallPriority    0x20003abb     0x1  Data  Lc  port.o [1]
ulMaxPRIGROUPValue      0x20003a6c     0x4  Data  Lc  port.o [1]
ulPortSetInterruptMask  0x0800322b          Code  Gb  portasm.o [1]
unlock_fs               0x08000165    0x2c  Code  Lc  ff.o [1]
uwTick                  0x20003a7c     0x4  Data  Lc  stm32f1xx_hal.o [1]
uxCriticalNesting       0x20000000     0x4  Data  Lc  port.o [1]
uxCurrentNumberOfTasks  0x20003a90     0x4  Data  Lc  tasks.o [1]
uxListRemove            0x080032f7    0x28  Code  Gb  list.o [1]
uxPendedTicks           0x20003aa0     0x4  Data  Lc  tasks.o [1]
uxSchedulerSuspended    0x20003ab4     0x4  Data  Lc  tasks.o [1]
uxTaskNumber            0x20003aac     0x4  Data  Lc  tasks.o [1]
uxTasksDeleted          0x20003a8c     0x4  Data  Lc  tasks.o [1]
uxTopReadyPriority      0x20003a98     0x4  Data  Lc  tasks.o [1]
vApplicationStackOverflowHook
                        0x0800331f     0x2  Code  Wk  freertos.o [1]
vListInitialise         0x08003281    0x1e  Code  Gb  list.o [1]
vListInitialiseItem     0x0800329f     0x6  Code  Gb  list.o [1]
vListInsert             0x080032bd    0x3a  Code  Gb  list.o [1]
vListInsertEnd          0x080032a5    0x18  Code  Gb  list.o [1]
vPortClearInterruptMask
                        0x08003239          Code  Gb  portasm.o [1]
vPortEnterCritical      0x080030ef    0x30  Code  Gb  port.o [1]
vPortExitCritical       0x0800311f    0x2a  Code  Gb  port.o [1]
vPortFree               0x0800341d    0x66  Code  Gb  heap_4.o [1]
vPortSetupTimerInterrupt
                        0x08003167    0x1a  Code  Wk  port.o [1]
vPortStartFirstTask     0x0800325f          Code  Gb  portasm.o [1]
vPortValidateInterruptPriority
                        0x08003181    0x3e  Code  Gb  port.o [1]
vPortYield              0x080030dd    0x12  Code  Gb  port.o [1]
vQueueDelete            0x08002e63    0x1e  Code  Gb  queue.o [1]
vQueueUnregisterQueue   0x08002ff9    0x24  Code  Gb  queue.o [1]
vTaskDelay              0x08002003    0x6c  Code  Gb  tasks.o [1]
vTaskMissedYield        0x0800251d     0xa  Code  Gb  tasks.o [1]
vTaskPlaceOnEventList   0x080023a1    0x6c  Code  Gb  tasks.o [1]
vTaskPriorityInherit    0x0800278f    0xaa  Code  Gb  tasks.o [1]
vTaskSetTimeOutState    0x08002489    0x20  Code  Gb  tasks.o [1]
vTaskStartScheduler     0x0800206f    0x58  Code  Gb  tasks.o [1]
vTaskSuspendAll         0x080020c7    0x10  Code  Gb  tasks.o [1]
vTaskSwitchContext      0x080022f3    0xae  Code  Gb  tasks.o [1]
validate                0x0800145f    0x56  Code  Lc  ff.o [1]
xBlockAllocatedBit      0x20003a54     0x4  Data  Lc  heap_4.o [1]
xDelayedTaskList1       0x200039b4    0x14  Data  Lc  tasks.o [1]
xDelayedTaskList2       0x200039c8    0x14  Data  Lc  tasks.o [1]
xFreeBytesRemaining     0x20003a4c     0x4  Data  Lc  heap_4.o [1]
xHeapStructSize         0x0800a2e8     0x4  Data  Lc  heap_4.o [1]
xMinimumEverFreeBytesRemaining
                        0x20003a50     0x4  Data  Lc  heap_4.o [1]
xNextTaskUnblockTime    0x20003ab0     0x4  Data  Lc  tasks.o [1]
xNumOfOverflows         0x20003aa8     0x4  Data  Lc  tasks.o [1]
xPendingReadyList       0x200039dc    0x14  Data  Lc  tasks.o [1]
xPortStartScheduler     0x08003055    0x88  Code  Gb  port.o [1]
xPortSysTickHandler     0x08003149    0x1e  Code  Gb  port.o [1]
xQueueGenericCreate     0x080029c9    0x66  Code  Gb  queue.o [1]
xQueueGenericReceive    0x08002c3d   0x184  Code  Gb  queue.o [1]
xQueueGenericReset      0x08002951    0x78  Code  Gb  queue.o [1]
xQueueGenericSend       0x08002a2f   0x160  Code  Gb  queue.o [1]
xQueueGiveFromISR       0x08002b8f    0xae  Code  Gb  queue.o [1]
xQueueReceiveFromISR    0x08002dc1    0xa2  Code  Gb  queue.o [1]
xQueueRegistry          0x200038c4    0x40  Data  Gb  queue.o [1]
xSchedulerRunning       0x20003a9c     0x4  Data  Lc  tasks.o [1]
xStart                  0x20003a30     0x8  Data  Lc  heap_4.o [1]
xSuspendedTaskList      0x20003a04    0x14  Data  Lc  tasks.o [1]
xTaskCheckForTimeOut    0x080024a9    0x74  Code  Gb  tasks.o [1]
xTaskGenericCreate      0x08001eb5   0x14e  Code  Gb  tasks.o [1]
xTaskGetSchedulerState  0x08002769    0x26  Code  Gb  tasks.o [1]
xTaskIncrementTick      0x080021bf   0x134  Code  Gb  tasks.o [1]
xTaskPriorityDisinherit
                        0x08002841    0xa4  Code  Gb  tasks.o [1]
xTaskRemoveFromEventList
                        0x0800240d    0x7c  Code  Gb  tasks.o [1]
xTaskResumeAll          0x080020d7    0xe8  Code  Gb  tasks.o [1]
xTasksWaitingTermination
                        0x200039f0    0x14  Data  Lc  tasks.o [1]
xTickCount              0x20003a94     0x4  Data  Lc  tasks.o [1]
xYieldPending           0x20003aa4     0x4  Data  Lc  tasks.o [1]


[1] = D:\Work\old\Sound\src\sound103\EWARM\sound103\Obj
[2] = command line
[3] = dl7M_tlf.a
[4] = rt7M_tl.a
[5] = shb_l.a

  40 838 bytes of readonly  code memory
   1 257 bytes of readonly  data memory
  15 032 bytes of readwrite data memory

Errors: none
Warnings: none
