###############################################################################
#
# IAR ELF Linker V7.60.1.11101/W32 for ARM                18/Aug/2017  15:26:41
# Copyright 2007-2016 IAR Systems AB.
#
#    Output file  =  
#        D:\Work\old\Sound\src\sound103\EWARM\sound103\Exe\sound103.out
#    Map file     =  
#        D:\Work\old\Sound\src\sound103\EWARM\sound103\List\sound103.map
#    Command line =  
#        D:\Work\old\Sound\src\sound103\EWARM\sound103\Obj\cmsis_os.o
#        D:\Work\old\Sound\src\sound103\EWARM\sound103\Obj\croutine.o
#        D:\Work\old\Sound\src\sound103\EWARM\sound103\Obj\diskio.o
#        D:\Work\old\Sound\src\sound103\EWARM\sound103\Obj\event_groups.o
#        D:\Work\old\Sound\src\sound103\EWARM\sound103\Obj\fatfs.o
#        D:\Work\old\Sound\src\sound103\EWARM\sound103\Obj\ff.o
#        D:\Work\old\Sound\src\sound103\EWARM\sound103\Obj\ff_gen_drv.o
#        D:\Work\old\Sound\src\sound103\EWARM\sound103\Obj\freertos.o
#        D:\Work\old\Sound\src\sound103\EWARM\sound103\Obj\GsmTask.o
#        D:\Work\old\Sound\src\sound103\EWARM\sound103\Obj\heap_4.o
#        D:\Work\old\Sound\src\sound103\EWARM\sound103\Obj\list.o
#        D:\Work\old\Sound\src\sound103\EWARM\sound103\Obj\main.o
#        D:\Work\old\Sound\src\sound103\EWARM\sound103\Obj\MainTask.o
#        D:\Work\old\Sound\src\sound103\EWARM\sound103\Obj\port.o
#        D:\Work\old\Sound\src\sound103\EWARM\sound103\Obj\portasm.o
#        D:\Work\old\Sound\src\sound103\EWARM\sound103\Obj\queue.o
#        D:\Work\old\Sound\src\sound103\EWARM\sound103\Obj\SoundTask.o
#        D:\Work\old\Sound\src\sound103\EWARM\sound103\Obj\SPI_Flash.o
#        D:\Work\old\Sound\src\sound103\EWARM\sound103\Obj\startup_stm32f103xb.o
#        D:\Work\old\Sound\src\sound103\EWARM\sound103\Obj\stm32f1xx_hal.o
#        D:\Work\old\Sound\src\sound103\EWARM\sound103\Obj\stm32f1xx_hal_cortex.o
#        D:\Work\old\Sound\src\sound103\EWARM\sound103\Obj\stm32f1xx_hal_crc.o
#        D:\Work\old\Sound\src\sound103\EWARM\sound103\Obj\stm32f1xx_hal_dma.o
#        D:\Work\old\Sound\src\sound103\EWARM\sound103\Obj\stm32f1xx_hal_flash.o
#        D:\Work\old\Sound\src\sound103\EWARM\sound103\Obj\stm32f1xx_hal_flash_ex.o
#        D:\Work\old\Sound\src\sound103\EWARM\sound103\Obj\stm32f1xx_hal_gpio.o
#        D:\Work\old\Sound\src\sound103\EWARM\sound103\Obj\stm32f1xx_hal_gpio_ex.o
#        D:\Work\old\Sound\src\sound103\EWARM\sound103\Obj\stm32f1xx_hal_msp.o
#        D:\Work\old\Sound\src\sound103\EWARM\sound103\Obj\stm32f1xx_hal_pcd.o
#        D:\Work\old\Sound\src\sound103\EWARM\sound103\Obj\stm32f1xx_hal_pcd_ex.o
#        D:\Work\old\Sound\src\sound103\EWARM\sound103\Obj\stm32f1xx_hal_pwr.o
#        D:\Work\old\Sound\src\sound103\EWARM\sound103\Obj\stm32f1xx_hal_rcc.o
#        D:\Work\old\Sound\src\sound103\EWARM\sound103\Obj\stm32f1xx_hal_rcc_ex.o
#        D:\Work\old\Sound\src\sound103\EWARM\sound103\Obj\stm32f1xx_hal_spi.o
#        D:\Work\old\Sound\src\sound103\EWARM\sound103\Obj\stm32f1xx_hal_spi_ex.o
#        D:\Work\old\Sound\src\sound103\EWARM\sound103\Obj\stm32f1xx_hal_tim.o
#        D:\Work\old\Sound\src\sound103\EWARM\sound103\Obj\stm32f1xx_hal_tim_ex.o
#        D:\Work\old\Sound\src\sound103\EWARM\sound103\Obj\stm32f1xx_hal_timebase_TIM.o
#        D:\Work\old\Sound\src\sound103\EWARM\sound103\Obj\stm32f1xx_it.o
#        D:\Work\old\Sound\src\sound103\EWARM\sound103\Obj\stm32f1xx_ll_usb.o
#        D:\Work\old\Sound\src\sound103\EWARM\sound103\Obj\syscall.o
#        D:\Work\old\Sound\src\sound103\EWARM\sound103\Obj\system_stm32f1xx.o
#        D:\Work\old\Sound\src\sound103\EWARM\sound103\Obj\tasks.o
#        D:\Work\old\Sound\src\sound103\EWARM\sound103\Obj\timers.o
#        D:\Work\old\Sound\src\sound103\EWARM\sound103\Obj\usb_device.o
#        D:\Work\old\Sound\src\sound103\EWARM\sound103\Obj\usbd_conf.o
#        D:\Work\old\Sound\src\sound103\EWARM\sound103\Obj\usbd_core.o
#        D:\Work\old\Sound\src\sound103\EWARM\sound103\Obj\usbd_ctlreq.o
#        D:\Work\old\Sound\src\sound103\EWARM\sound103\Obj\usbd_desc.o
#        D:\Work\old\Sound\src\sound103\EWARM\sound103\Obj\usbd_ioreq.o
#        D:\Work\old\Sound\src\sound103\EWARM\sound103\Obj\usbd_msc.o
#        D:\Work\old\Sound\src\sound103\EWARM\sound103\Obj\usbd_msc_bot.o
#        D:\Work\old\Sound\src\sound103\EWARM\sound103\Obj\usbd_msc_data.o
#        D:\Work\old\Sound\src\sound103\EWARM\sound103\Obj\usbd_msc_scsi.o
#        D:\Work\old\Sound\src\sound103\EWARM\sound103\Obj\usbd_storage_if.o
#        D:\Work\old\Sound\src\sound103\EWARM\sound103\Obj\user_diskio.o
#        D:\Work\old\Sound\src\sound103\EWARM\sound103\Obj\WiFiTask.o
#        --redirect _Printf=_PrintfFull --redirect _Scanf=_ScanfFull -o
#        D:\Work\old\Sound\src\sound103\EWARM\sound103\Exe\sound103.out --map
#        D:\Work\old\Sound\src\sound103\EWARM\sound103\List\sound103.map
#        --config D:\Work\old\Sound\src\sound103\EWARM/stm32f103xb_flash.icf
#        --semihosting --entry __iar_program_start --vfe
#
###############################################################################

*******************************************************************************
*** RUNTIME MODEL ATTRIBUTES
***

CppFlavor       = *
__SystemLibrary = DLib


*******************************************************************************
*** PLACEMENT SUMMARY
***

"A1":  place at 0x08000000 { ro section .intvec };
"P1":  place in [from 0x08000000 to 0x0801ffff] { ro };
"P2":  place in [from 0x20000000 to 0x20004fff] { rw, block CSTACK, block HEAP };
initialize by copy { rw };

  Section            Kind        Address    Size  Object
  -------            ----        -------    ----  ------
"A1":                                       0xec
  .intvec            ro code  0x08000000    0xec  startup_stm32f103xb.o [1]
                            - 0x080000ec    0xec

"P1":                                     0xad28
  .text              ro code  0x080000ec  0x199c  ff.o [1]
  .text              ro code  0x08001a88    0x62  syscall.o [1]
  .rodata            const    0x08001aea     0x2  SPI_Flash.o [1]
  .text              ro code  0x08001aec    0xf8  diskio.o [1]
  .text              ro code  0x08001be4    0x20  fatfs.o [1]
  .text              ro code  0x08001c04   0x1ac  cmsis_os.o [1]
  .text              ro code  0x08001db0    0x70  ff_gen_drv.o [1]
  .text              ro code  0x08001e20   0xc04  tasks.o [1]
  .text              ro code  0x08002a24   0x6d0  queue.o [1]
  .text              ro code  0x080030f4   0x1cc  port.o [1]
  CODE               ro code  0x080032c0    0x94  portasm.o [1]
  .text              ro code  0x08003354    0x9e  list.o [1]
  .text              ro code  0x080033f2     0x2  freertos.o [1]
  .text              ro code  0x080033f4   0x250  heap_4.o [1]
  .text              ro code  0x08003644    0x66  ABImemset.o [4]
  .rodata            const    0x080036aa     0x2  stm32f1xx_hal_rcc.o [1]
  .text              ro code  0x080036ac    0x76  ABImemcpy_unaligned.o [4]
  .text              ro code  0x08003724   0xcda  stm32f1xx_hal_spi.o [1]
  .text              ro code  0x08004400    0x9a  stm32f1xx_hal_spi_ex.o [1]
  .text              ro code  0x0800449c   0x3ca  stm32f1xx_hal_dma.o [1]
  .text              ro code  0x08004868    0x58  stm32f1xx_hal.o [1]
  .text              ro code  0x080048c0   0x274  stm32f1xx_hal_msp.o [1]
  .text              ro code  0x08004b34   0x160  stm32f1xx_hal_cortex.o [1]
  .text              ro code  0x08004c94    0x94  stm32f1xx_hal_timebase_TIM.o [1]
  .text              ro code  0x08004d28   0x330  stm32f1xx_hal_gpio.o [1]
  .text              ro code  0x08005058   0x502  main.o [1]
  .text              ro code  0x0800555c   0xa54  stm32f1xx_hal_rcc.o [1]
  .text              ro code  0x08005fb0   0x95c  stm32f1xx_hal_tim.o [1]
  .text              ro code  0x0800690c   0x328  SPI_Flash.o [1]
  .text              ro code  0x08006c34    0x34  usb_device.o [1]
  .text              ro code  0x08006c68   0x148  stm32f1xx_hal_rcc_ex.o [1]
  .text              ro code  0x08006db0    0x24  stm32f1xx_hal_crc.o [1]
  .text              ro code  0x08006dd4    0x64  stm32f1xx_hal_tim_ex.o [1]
  .text              ro code  0x08006e38    0x50  MainTask.o [1]
  .text              ro code  0x08006e88   0x40c  SoundTask.o [1]
  .text              ro code  0x08007294   0x328  usbd_core.o [1]
  .text              ro code  0x080075bc   0x236  usbd_msc.o [1]
  .text              ro code  0x080077f4   0x4f8  usbd_conf.o [1]
  .text              ro code  0x08007cec   0x66a  usbd_ctlreq.o [1]
  .text              ro code  0x08008356    0x90  usbd_ioreq.o [1]
  .text              ro code  0x080083e8   0x2f4  usbd_msc_bot.o [1]
  .text              ro code  0x080086dc   0x9da  stm32f1xx_hal_pcd.o [1]
  .text              ro code  0x080090b6    0x48  stm32f1xx_hal_pcd_ex.o [1]
  .text              ro code  0x08009100   0x8a2  usbd_msc_scsi.o [1]
  .text              ro code  0x080099a2   0xa5a  stm32f1xx_ll_usb.o [1]
  .rodata            const    0x0800a3fc   0x164  SoundTask.o [1]
  .text              ro code  0x0800a560    0xe0  usbd_desc.o [1]
  .text              ro code  0x0800a640    0xd8  stm32f1xx_it.o [1]
  .text              ro code  0x0800a718    0xa8  usbd_storage_if.o [1]
  .rodata            const    0x0800a7c0    0x80  ff.o [1]
  .text              ro code  0x0800a840    0x78  lz77_init_single.o [4]
  .text              ro code  0x0800a8b8    0x74  user_diskio.o [1]
  .text              ro code  0x0800a92c    0x68  system_stm32f1xx.o [1]
  .text              ro code  0x0800a994    0x40  zero_init3.o [4]
  .rodata            const    0x0800a9d4    0x38  stm32f1xx_hal_msp.o [1]
  .rodata            const    0x0800aa0c    0x30  usbd_conf.o [1]
  .rodata            const    0x0800aa3c    0x2c  main.o [1]
  .text              ro code  0x0800aa68    0x28  data_init.o [4]
  .rodata            const    0x0800aa90    0x24  usbd_storage_if.o [1]
  .iar.init_table    const    0x0800aab4    0x20  - Linker created -
  .text              ro code  0x0800aad4    0x1a  cmain.o [4]
  .text              ro code  0x0800aaee     0x4  low_level_init.o [3]
  .text              ro code  0x0800aaf2     0x4  exit.o [3]
  .text              ro code  0x0800aaf8     0xa  cexit.o [4]
  .text              ro code  0x0800ab04    0x14  exit.o [5]
  .rodata            const    0x0800ab18    0x14  main.o [1]
  .rodata            const    0x0800ab2c    0x14  main.o [1]
  .rodata            const    0x0800ab40    0x14  main.o [1]
  .rodata            const    0x0800ab54    0x14  main.o [1]
  .rodata            const    0x0800ab68    0x14  usbd_desc.o [1]
  .rodata            const    0x0800ab7c    0x10  ff.o [1]
  .rodata            const    0x0800ab8c    0x10  MainTask.o [1]
  .rodata            const    0x0800ab9c    0x10  SoundTask.o [1]
  .rodata            const    0x0800abac    0x10  stm32f1xx_hal_rcc.o [1]
  .rodata            const    0x0800abbc    0x10  system_stm32f1xx.o [1]
  .rodata            const    0x0800abcc    0x10  usbd_desc.o [1]
  .rodata            const    0x0800abdc    0x10  usbd_desc.o [1]
  .rodata            const    0x0800abec    0x10  usbd_desc.o [1]
  .text              ro code  0x0800abfc    0x10  startup_stm32f103xb.o [1]
  .rodata            const    0x0800ac0c     0xc  main.o [1]
  .rodata            const    0x0800ac18     0xc  main.o [1]
  .rodata            const    0x0800ac24     0xc  main.o [1]
  .rodata            const    0x0800ac30     0xc  MainTask.o [1]
  .rodata            const    0x0800ac3c     0xc  MainTask.o [1]
  .rodata            const    0x0800ac48     0xc  usbd_desc.o [1]
  .text              ro code  0x0800ac54     0xc  cstartup_M.o [4]
  .rodata            const    0x0800ac60     0x8  main.o [1]
  .rodata            const    0x0800ac68     0x8  system_stm32f1xx.o [1]
  .rodata            const    0x0800ac70     0x8  tasks.o [1]
  .rodata            const    0x0800ac78     0x8  usbd_msc_data.o [1]
  .rodata            const    0x0800ac80     0x8  usbd_msc_data.o [1]
  .rodata            const    0x0800ac88     0x8  usbd_msc_data.o [1]
  .rodata            const    0x0800ac90     0x4  heap_4.o [1]
  .rodata            const    0x0800ac94     0x4  main.o [1]
  .rodata            const    0x0800ac98     0x4  main.o [1]
  .rodata            const    0x0800ac9c     0x4  port.o [1]
  .rodata            const    0x0800aca0     0x4  SPI_Flash.o [1]
  .rodata            const    0x0800aca4     0x4  SPI_Flash.o [1]
  .rodata            const    0x0800aca8     0x4  SPI_Flash.o [1]
  .rodata            const    0x0800acac     0x4  syscall.o [1]
  .text              ro code  0x0800acb0     0x4  startup_stm32f103xb.o [1]
  .text              ro code  0x0800acb4     0x4  startup_stm32f103xb.o [1]
  .text              ro code  0x0800acb8     0x4  startup_stm32f103xb.o [1]
  .text              ro code  0x0800acbc     0x4  startup_stm32f103xb.o [1]
  .text              ro code  0x0800acc0     0x4  startup_stm32f103xb.o [1]
  .text              ro code  0x0800acc4     0x4  startup_stm32f103xb.o [1]
  .text              ro code  0x0800acc8     0x4  startup_stm32f103xb.o [1]
  .text              ro code  0x0800accc     0x4  startup_stm32f103xb.o [1]
  .text              ro code  0x0800acd0     0x4  startup_stm32f103xb.o [1]
  .text              ro code  0x0800acd4     0x4  startup_stm32f103xb.o [1]
  .text              ro code  0x0800acd8     0x4  startup_stm32f103xb.o [1]
  .text              ro code  0x0800acdc     0x4  startup_stm32f103xb.o [1]
  .text              ro code  0x0800ace0     0x4  startup_stm32f103xb.o [1]
  .text              ro code  0x0800ace4     0x4  startup_stm32f103xb.o [1]
  .text              ro code  0x0800ace8     0x4  startup_stm32f103xb.o [1]
  .text              ro code  0x0800acec     0x4  startup_stm32f103xb.o [1]
  .text              ro code  0x0800acf0     0x4  startup_stm32f103xb.o [1]
  .text              ro code  0x0800acf4     0x4  startup_stm32f103xb.o [1]
  .text              ro code  0x0800acf8     0x4  startup_stm32f103xb.o [1]
  .text              ro code  0x0800acfc     0x4  startup_stm32f103xb.o [1]
  .text              ro code  0x0800ad00     0x4  startup_stm32f103xb.o [1]
  .text              ro code  0x0800ad04     0x4  startup_stm32f103xb.o [1]
  .text              ro code  0x0800ad08     0x4  startup_stm32f103xb.o [1]
  .text              ro code  0x0800ad0c     0x4  startup_stm32f103xb.o [1]
  .text              ro code  0x0800ad10     0x4  startup_stm32f103xb.o [1]
  .text              ro code  0x0800ad14     0x4  startup_stm32f103xb.o [1]
  .text              ro code  0x0800ad18     0x4  startup_stm32f103xb.o [1]
  .text              ro code  0x0800ad1c     0x4  startup_stm32f103xb.o [1]
  .text              ro code  0x0800ad20     0x4  startup_stm32f103xb.o [1]
  .text              ro code  0x0800ad24     0x4  startup_stm32f103xb.o [1]
  .text              ro code  0x0800ad28     0x4  startup_stm32f103xb.o [1]
  .text              ro code  0x0800ad2c     0x4  startup_stm32f103xb.o [1]
  .text              ro code  0x0800ad30     0x4  startup_stm32f103xb.o [1]
  .text              ro code  0x0800ad34     0x4  startup_stm32f103xb.o [1]
  .text              ro code  0x0800ad38     0x4  startup_stm32f103xb.o [1]
  .text              ro code  0x0800ad3c     0x4  startup_stm32f103xb.o [1]
  .text              ro code  0x0800ad40     0x4  startup_stm32f103xb.o [1]
  .text              ro code  0x0800ad44     0x4  startup_stm32f103xb.o [1]
  .rodata            const    0x0800ad48     0x0  zero_init3.o [4]
  .rodata            const    0x0800ad48     0x0  lz77_init_single.o [4]
  Initializer bytes  const    0x0800ad48    0xcc  <for P2-1>
                            - 0x0800ae14  0xad28

"P2", part 1 of 3:                         0x121
  P2-1                        0x20000000   0x121  <Init block>
    .data            inited   0x20000000     0x4  port.o [1]
    .data            inited   0x20000004     0x4  SoundTask.o [1]
    .data            inited   0x20000008     0x4  SoundTask.o [1]
    .data            inited   0x2000000c     0x4  SPI_Flash.o [1]
    .data            inited   0x20000010     0x4  system_stm32f1xx.o [1]
    .data            inited   0x20000014    0x1c  usbd_desc.o [1]
    .data            inited   0x20000030    0x14  usbd_desc.o [1]
    .data            inited   0x20000044     0x4  usbd_desc.o [1]
    .data            inited   0x20000048    0x38  usbd_msc.o [1]
    .data            inited   0x20000080    0x20  usbd_msc.o [1]
    .data            inited   0x200000a0    0x20  usbd_msc.o [1]
    .data            inited   0x200000c0    0x20  usbd_msc.o [1]
    .data            inited   0x200000e0     0xc  usbd_msc.o [1]
    .data            inited   0x200000ec    0x20  usbd_storage_if.o [1]
    .data            inited   0x2000010c    0x14  user_diskio.o [1]
    .data            inited   0x20000120     0x1  user_diskio.o [1]
                            - 0x20000121   0x121

"P2", part 2 of 3:                         0x800
  CSTACK                      0x20000128   0x800  <Block>
    CSTACK           uninit   0x20000128   0x800  <Block tail>
                            - 0x20000928   0x800

"P2", part 3 of 3:                        0x38a0
  .bss               zero     0x20000928  0x1070  usbd_conf.o [1]
  .bss               zero     0x20001998  0x1034  SoundTask.o [1]
  .bss               zero     0x200029cc   0xdac  heap_4.o [1]
  .bss               zero     0x20003778   0x420  usbd_conf.o [1]
  .bss               zero     0x20003b98   0x224  usb_device.o [1]
  .bss               zero     0x20003dbc    0x8c  tasks.o [1]
  .bss               zero     0x20003e48    0x80  usbd_desc.o [1]
  .bss               zero     0x20003ec8    0x58  main.o [1]
  .bss               zero     0x20003f20    0x40  queue.o [1]
  .bss               zero     0x20003f60    0x3c  main.o [1]
  .bss               zero     0x20003f9c    0x3c  stm32f1xx_hal_timebase_TIM.o [1]
  .bss               zero     0x20003fd8    0x38  main.o [1]
  .bss               zero     0x20004010    0x38  main.o [1]
  .bss               zero     0x20004048    0x38  main.o [1]
  .bss               zero     0x20004080    0x28  SoundTask.o [1]
  .bss               zero     0x200040a8    0x14  tasks.o [1]
  .bss               zero     0x200040bc    0x14  tasks.o [1]
  .bss               zero     0x200040d0    0x14  tasks.o [1]
  .bss               zero     0x200040e4    0x14  tasks.o [1]
  .bss               zero     0x200040f8    0x14  tasks.o [1]
  .bss               zero     0x2000410c     0xc  ff.o [1]
  .bss               zero     0x20004118     0xc  ff_gen_drv.o [1]
  .bss               zero     0x20004124     0x8  heap_4.o [1]
  .bss               zero     0x2000412c     0x8  main.o [1]
  .bss               zero     0x20004134     0x4  fatfs.o [1]
  .bss               zero     0x20004138     0x4  ff.o [1]
  .bss               zero     0x2000413c     0x4  heap_4.o [1]
  .bss               zero     0x20004140     0x4  heap_4.o [1]
  .bss               zero     0x20004144     0x4  heap_4.o [1]
  .bss               zero     0x20004148     0x4  heap_4.o [1]
  .bss               zero     0x2000414c     0x4  main.o [1]
  .bss               zero     0x20004150     0x4  main.o [1]
  .bss               zero     0x20004154     0x4  main.o [1]
  .bss               zero     0x20004158     0x4  main.o [1]
  .bss               zero     0x2000415c     0x4  main.o [1]
  .bss               zero     0x20004160     0x4  main.o [1]
  .bss               zero     0x20004164     0x4  main.o [1]
  .bss               zero     0x20004168     0x4  main.o [1]
  .bss               zero     0x2000416c     0x4  port.o [1]
  .bss               zero     0x20004170     0x4  SoundTask.o [1]
  .bss               zero     0x20004174     0x4  SoundTask.o [1]
  .bss               zero     0x20004178     0x4  SoundTask.o [1]
  .bss               zero     0x2000417c     0x4  SPI_Flash.o [1]
  .bss               zero     0x20004180     0x4  stm32f1xx_hal.o [1]
  .bss               zero     0x20004184     0x4  stm32f1xx_it.o [1]
  .bss               zero     0x20004188     0x4  tasks.o [1]
  .bss               zero     0x2000418c     0x4  tasks.o [1]
  .bss               zero     0x20004190     0x4  tasks.o [1]
  .bss               zero     0x20004194     0x4  tasks.o [1]
  .bss               zero     0x20004198     0x4  tasks.o [1]
  .bss               zero     0x2000419c     0x4  tasks.o [1]
  .bss               zero     0x200041a0     0x4  tasks.o [1]
  .bss               zero     0x200041a4     0x4  tasks.o [1]
  .bss               zero     0x200041a8     0x4  tasks.o [1]
  .bss               zero     0x200041ac     0x4  tasks.o [1]
  .bss               zero     0x200041b0     0x4  tasks.o [1]
  .bss               zero     0x200041b4     0x4  tasks.o [1]
  .bss               zero     0x200041b8     0x4  tasks.o [1]
  .bss               zero     0x200041bc     0x4  tasks.o [1]
  .bss               zero     0x200041c0     0x2  ff.o [1]
  .bss               zero     0x200041c2     0x1  fatfs.o [1]
  .bss               zero     0x200041c3     0x1  port.o [1]
  .bss               zero     0x200041c4     0x1  SoundTask.o [1]
  .bss               zero     0x200041c5     0x1  stm32f1xx_hal_spi_ex.o [1]
  .bss               zero     0x200041c6     0x1  usbd_ctlreq.o [1]
                            - 0x200041c7  0x389f


*******************************************************************************
*** INIT TABLE
***

          Address     Size
          -------     ----
Zero (__iar_zero_init3)
    1 destination range, total size 0x389f:
          0x20000928  0x389f

Copy/lz77 (__iar_lz77_init_single3)
    1 source range, total size 0xcc (70% of destination):
          0x0800ad48    0xcc
    1 destination range, total size 0x121:
          0x20000000   0x121



*******************************************************************************
*** MODULE SUMMARY
***

    Module                        ro code  ro data  rw data
    ------                        -------  -------  -------
D:\Work\old\Sound\src\sound103\EWARM\sound103\Obj: [1]
    MainTask.o                         80       40
    SPI_Flash.o                       808       17        8
    SoundTask.o                     1 036      378    4 209
    cmsis_os.o                        428
    diskio.o                          248
    fatfs.o                            32                 5
    ff.o                            6 556      144       18
    ff_gen_drv.o                      112                12
    freertos.o                          2
    heap_4.o                          592        4    3 524
    list.o                            158
    main.o                          1 282      176      356
    port.o                            460        6        9
    portasm.o                         148
    queue.o                         1 744                64
    startup_stm32f103xb.o             404
    stm32f1xx_hal.o                    88                 4
    stm32f1xx_hal_cortex.o            352
    stm32f1xx_hal_crc.o                36
    stm32f1xx_hal_dma.o               970
    stm32f1xx_hal_gpio.o              816
    stm32f1xx_hal_msp.o               628       56
    stm32f1xx_hal_pcd.o             2 522
    stm32f1xx_hal_pcd_ex.o             72
    stm32f1xx_hal_rcc.o             2 644       18
    stm32f1xx_hal_rcc_ex.o            328
    stm32f1xx_hal_spi.o             3 290
    stm32f1xx_hal_spi_ex.o            154                 1
    stm32f1xx_hal_tim.o             2 396
    stm32f1xx_hal_tim_ex.o            100
    stm32f1xx_hal_timebase_TIM.o      148                60
    stm32f1xx_it.o                    216                 4
    stm32f1xx_ll_usb.o              2 650
    syscall.o                          98        4
    system_stm32f1xx.o                104       27        4
    tasks.o                         3 076        8      296
    usb_device.o                       52               548
    usbd_conf.o                     1 272       48    5 264
    usbd_core.o                       808
    usbd_ctlreq.o                   1 642                 1
    usbd_desc.o                       224      116      180
    usbd_ioreq.o                      144
    usbd_msc.o                        566      116      164
    usbd_msc_bot.o                    756
    usbd_msc_data.o                             24
    usbd_msc_scsi.o                 2 210
    usbd_storage_if.o                 168       59       32
    user_diskio.o                     116       15       21
    -------------------------------------------------------
    Total:                         42 736    1 256   14 784

command line: [2]
    -------------------------------------------------------
    Total:

dl7M_tlf.a: [3]
    exit.o                              4
    low_level_init.o                    4
    -------------------------------------------------------
    Total:                              8

rt7M_tl.a: [4]
    ABImemcpy_unaligned.o             118
    ABImemset.o                       102
    cexit.o                            10
    cmain.o                            26
    cstartup_M.o                       12
    data_init.o                        40
    lz77_init_single.o                120
    zero_init3.o                       64
    -------------------------------------------------------
    Total:                            492

shb_l.a: [5]
    exit.o                             20
    -------------------------------------------------------
    Total:                             20

    Gaps                               20
    Linker created                              32    2 048
-----------------------------------------------------------
    Grand Total:                   43 276    1 288   16 832


*******************************************************************************
*** ENTRY LIST
***

Entry                      Address    Size  Type      Object
-----                      -------    ----  ----      ------
.iar.init_table$$Base   0x0800aab4           --   Gb  - Linker created -
.iar.init_table$$Limit  0x0800aad4           --   Gb  - Linker created -
?main                   0x0800aad5          Code  Gb  cmain.o [4]
ADPCMDecoder            0x080071c5    0x90  Code  Gb  SoundTask.o [1]
AHBPrescTable           0x0800abbc    0x10  Data  Gb  system_stm32f1xx.o [1]
APBPrescTable           0x0800ac68     0x8  Data  Gb  system_stm32f1xx.o [1]
Buffer                  0x20004170     0x4  Data  Gb  SoundTask.o [1]
BusFault_Handler        0x0800a663     0x2  Code  Gb  stm32f1xx_it.o [1]
CSTACK$$Base            0x20000128           --   Gb  - Linker created -
CSTACK$$Limit           0x20000928           --   Gb  - Linker created -
DMA1_Channel2_IRQHandler
                        0x0800a671     0xa  Code  Gb  stm32f1xx_it.o [1]
DMA1_Channel3_IRQHandler
                        0x0800a67b     0xa  Code  Gb  stm32f1xx_it.o [1]
DMA1_Channel5_IRQHandler
                        0x0800a685     0xe  Code  Gb  stm32f1xx_it.o [1]
DMA_SetConfig           0x08004845    0x22  Code  Lc  stm32f1xx_hal_dma.o [1]
DebugMon_Handler        0x0800a667     0x2  Code  Gb  stm32f1xx_it.o [1]
DecodeFrom_ADPCM_to_WAV
                        0x08007181    0x44  Code  Gb  SoundTask.o [1]
ExCvt                   0x0800a7c0    0x80  Data  Lc  ff.o [1]
FATFS_LinkDriver        0x08001e09    0x12  Code  Gb  ff_gen_drv.o [1]
FATFS_LinkDriverEx      0x08001db1    0x58  Code  Gb  ff_gen_drv.o [1]
FS_Desc                 0x20000014    0x1c  Data  Gb  usbd_desc.o [1]
FatFs                   0x20004138     0x4  Data  Lc  ff.o [1]
Files                   0x2000410c     0xc  Data  Lc  ff.o [1]
Fsid                    0x200041c0     0x2  Data  Lc  ff.o [1]
GsmTaskHandle           0x20004158     0x4  Data  Gb  main.o [1]
HAL_CRC_Init            0x08006db1    0x24  Code  Gb  stm32f1xx_hal_crc.o [1]
HAL_CRC_MspInit         0x08004947    0x26  Code  Gb  stm32f1xx_hal_msp.o [1]
HAL_DMA_IRQHandler      0x08004563   0x2c2  Code  Gb  stm32f1xx_hal_dma.o [1]
HAL_DMA_Init            0x0800449d    0x58  Code  Gb  stm32f1xx_hal_dma.o [1]
HAL_DMA_Start_IT        0x080044f5    0x6e  Code  Gb  stm32f1xx_hal_dma.o [1]
HAL_Delay               0x0800489d    0x1a  Code  Wk  stm32f1xx_hal.o [1]
HAL_GPIO_Init           0x08004d29   0x2ba  Code  Gb  stm32f1xx_hal_gpio.o [1]
HAL_GPIO_ReadPin        0x08004fe3    0x18  Code  Gb  stm32f1xx_hal_gpio.o [1]
HAL_GPIO_TogglePin      0x0800500f     0xa  Code  Gb  stm32f1xx_hal_gpio.o [1]
HAL_GPIO_WritePin       0x08004ffb    0x14  Code  Gb  stm32f1xx_hal_gpio.o [1]
HAL_GetTick             0x08004897     0x6  Code  Wk  stm32f1xx_hal.o [1]
HAL_IncTick             0x0800488b     0xc  Code  Wk  stm32f1xx_hal.o [1]
HAL_Init                0x08004869    0x22  Code  Gb  stm32f1xx_hal.o [1]
HAL_InitTick            0x08004c95    0x82  Code  Gb  stm32f1xx_hal_timebase_TIM.o [1]
HAL_MspInit             0x080048c1    0x86  Code  Gb  stm32f1xx_hal_msp.o [1]
HAL_NVIC_EnableIRQ      0x08004c37     0xe  Code  Gb  stm32f1xx_hal_cortex.o [1]
HAL_NVIC_SetPriority    0x08004c11    0x26  Code  Gb  stm32f1xx_hal_cortex.o [1]
HAL_NVIC_SetPriorityGrouping
                        0x08004c05     0xc  Code  Gb  stm32f1xx_hal_cortex.o [1]
HAL_PCDEx_PMAConfig     0x080090b7    0x48  Code  Gb  stm32f1xx_hal_pcd_ex.o [1]
HAL_PCDEx_SetConnectionState
                        0x08007ceb     0x2  Code  Gb  usbd_conf.o [1]
HAL_PCD_DataInStageCallback
                        0x08007869    0x1c  Code  Gb  usbd_conf.o [1]
HAL_PCD_DataOutStageCallback
                        0x0800784b    0x1e  Code  Gb  usbd_conf.o [1]
HAL_PCD_EP_Close        0x08008a0f    0x62  Code  Gb  stm32f1xx_hal_pcd.o [1]
HAL_PCD_EP_ClrStall     0x08008bdd    0x62  Code  Gb  stm32f1xx_hal_pcd.o [1]
HAL_PCD_EP_Flush        0x08008c3f    0x3c  Code  Gb  stm32f1xx_hal_pcd.o [1]
HAL_PCD_EP_GetRxCount   0x08008ae5    0x12  Code  Gb  stm32f1xx_hal_pcd.o [1]
HAL_PCD_EP_Open         0x0800898f    0x80  Code  Gb  stm32f1xx_hal_pcd.o [1]
HAL_PCD_EP_Receive      0x08008a71    0x74  Code  Gb  stm32f1xx_hal_pcd.o [1]
HAL_PCD_EP_SetStall     0x08008b67    0x76  Code  Gb  stm32f1xx_hal_pcd.o [1]
HAL_PCD_EP_Transmit     0x08008af7    0x70  Code  Gb  stm32f1xx_hal_pcd.o [1]
HAL_PCD_IRQHandler      0x0800881b   0x144  Code  Gb  stm32f1xx_hal_pcd.o [1]
HAL_PCD_Init            0x080086dd   0x10a  Code  Gb  stm32f1xx_hal_pcd.o [1]
HAL_PCD_MspInit         0x080077f5    0x40  Code  Gb  usbd_conf.o [1]
HAL_PCD_ResetCallback   0x08007893    0x2c  Code  Gb  usbd_conf.o [1]
HAL_PCD_ResumeCallback  0x080078e3     0xe  Code  Gb  usbd_conf.o [1]
HAL_PCD_SOFCallback     0x08007885     0xe  Code  Gb  usbd_conf.o [1]
HAL_PCD_SetAddress      0x0800895f    0x30  Code  Gb  stm32f1xx_hal_pcd.o [1]
HAL_PCD_SetupStageCallback
                        0x08007835    0x16  Code  Gb  usbd_conf.o [1]
HAL_PCD_Start           0x080087e7    0x34  Code  Gb  stm32f1xx_hal_pcd.o [1]
HAL_PCD_SuspendCallback
                        0x080078bf    0x24  Code  Gb  usbd_conf.o [1]
HAL_RCCEx_PeriphCLKConfig
                        0x08006c69   0x130  Code  Gb  stm32f1xx_hal_rcc_ex.o [1]
HAL_RCC_ClockConfig     0x08005c5b   0x22a  Code  Gb  stm32f1xx_hal_rcc.o [1]
HAL_RCC_GetClockConfig  0x08005f35    0x3a  Code  Gb  stm32f1xx_hal_rcc.o [1]
HAL_RCC_GetHCLKFreq     0x08005f0f     0x6  Code  Gb  stm32f1xx_hal_rcc.o [1]
HAL_RCC_GetPCLK1Freq    0x08005f15    0x20  Code  Gb  stm32f1xx_hal_rcc.o [1]
HAL_RCC_GetSysClockFreq
                        0x08005e85    0x8a  Code  Gb  stm32f1xx_hal_rcc.o [1]
HAL_RCC_OscConfig       0x0800555d   0x6fe  Code  Gb  stm32f1xx_hal_rcc.o [1]
HAL_SPI_ErrorCallback   0x080040e3     0x2  Code  Wk  stm32f1xx_hal_spi.o [1]
HAL_SPI_Init            0x08004401    0x8e  Code  Gb  stm32f1xx_hal_spi_ex.o [1]
HAL_SPI_MspInit         0x0800496d    0xf2  Code  Gb  stm32f1xx_hal_msp.o [1]
HAL_SPI_Receive         0x080038f1   0x24e  Code  Gb  stm32f1xx_hal_spi.o [1]
HAL_SPI_Receive_DMA     0x08003e9b   0x104  Code  Gb  stm32f1xx_hal_spi.o [1]
HAL_SPI_RxCpltCallback  0x080040db     0x2  Code  Wk  stm32f1xx_hal_spi.o [1]
HAL_SPI_RxHalfCpltCallback
                        0x080040df     0x2  Code  Wk  stm32f1xx_hal_spi.o [1]
HAL_SPI_Transmit        0x08003725   0x1cc  Code  Gb  stm32f1xx_hal_spi.o [1]
HAL_SPI_TransmitReceive
                        0x08003b3f   0x35c  Code  Gb  stm32f1xx_hal_spi.o [1]
HAL_SPI_TransmitReceive_DMA
                        0x08003f9f   0x13c  Code  Gb  stm32f1xx_hal_spi.o [1]
HAL_SPI_TxRxCpltCallback
                        0x080040dd     0x2  Code  Wk  stm32f1xx_hal_spi.o [1]
HAL_SPI_TxRxHalfCpltCallback
                        0x080040e1     0x2  Code  Wk  stm32f1xx_hal_spi.o [1]
HAL_SYSTICK_CLKSourceConfig
                        0x08004c51    0x22  Code  Gb  stm32f1xx_hal_cortex.o [1]
HAL_SYSTICK_Config      0x08004c45     0xc  Code  Gb  stm32f1xx_hal_cortex.o [1]
HAL_TIMEx_BreakCallback
                        0x08006e35     0x2  Code  Wk  stm32f1xx_hal_tim_ex.o [1]
HAL_TIMEx_CommutationCallback
                        0x08006e33     0x2  Code  Wk  stm32f1xx_hal_tim_ex.o [1]
HAL_TIMEx_MasterConfigSynchronization
                        0x08006dd5    0x5e  Code  Gb  stm32f1xx_hal_tim_ex.o [1]
HAL_TIM_Base_Init       0x08005fb1    0x38  Code  Gb  stm32f1xx_hal_tim.o [1]
HAL_TIM_Base_MspInit    0x08004a5f    0x76  Code  Gb  stm32f1xx_hal_msp.o [1]
HAL_TIM_Base_Start_IT   0x08005fe9    0x1e  Code  Gb  stm32f1xx_hal_tim.o [1]
HAL_TIM_ConfigClockSource
                        0x080064b7   0x122  Code  Gb  stm32f1xx_hal_tim.o [1]
HAL_TIM_ErrorCallback   0x080065e1     0x2  Code  Wk  stm32f1xx_hal_tim.o [1]
HAL_TIM_IC_CaptureCallback
                        0x080065db     0x2  Code  Wk  stm32f1xx_hal_tim.o [1]
HAL_TIM_IRQHandler      0x0800623d   0x176  Code  Gb  stm32f1xx_hal_tim.o [1]
HAL_TIM_MspPostInit     0x08004ad5    0x22  Code  Gb  stm32f1xx_hal_msp.o [1]
HAL_TIM_OC_DelayElapsedCallback
                        0x080065d9     0x2  Code  Wk  stm32f1xx_hal_tim.o [1]
HAL_TIM_PWM_ConfigChannel
                        0x080063b3   0x104  Code  Gb  stm32f1xx_hal_tim.o [1]
HAL_TIM_PWM_Init        0x08006007    0x38  Code  Gb  stm32f1xx_hal_tim.o [1]
HAL_TIM_PWM_MspInit     0x0800603f     0x2  Code  Wk  stm32f1xx_hal_tim.o [1]
HAL_TIM_PWM_PulseFinishedCallback
                        0x080065dd     0x2  Code  Wk  stm32f1xx_hal_tim.o [1]
HAL_TIM_PWM_Start_DMA   0x08006041   0x136  Code  Gb  stm32f1xx_hal_tim.o [1]
HAL_TIM_PWM_Stop_DMA    0x08006177    0xb8  Code  Gb  stm32f1xx_hal_tim.o [1]
HAL_TIM_PeriodElapsedCallback
                        0x080054dd    0x12  Code  Gb  main.o [1]
HAL_TIM_TriggerCallback
                        0x080065df     0x2  Code  Wk  stm32f1xx_hal_tim.o [1]
HardFault_Handler       0x0800a65f     0x2  Code  Gb  stm32f1xx_it.o [1]
IndexTable              0x0800ab9c    0x10  Data  Gb  SoundTask.o [1]
MSC_BOT_Abort           0x0800865d    0x4c  Code  Lc  usbd_msc_bot.o [1]
MSC_BOT_CBW_Decode      0x080084ed    0xd8  Code  Lc  usbd_msc_bot.o [1]
MSC_BOT_CplClrFeature   0x080086a9    0x34  Code  Gb  usbd_msc_bot.o [1]
MSC_BOT_DataIn          0x08008465    0x46  Code  Gb  usbd_msc_bot.o [1]
MSC_BOT_DataOut         0x080084ab    0x42  Code  Gb  usbd_msc_bot.o [1]
MSC_BOT_DeInit          0x0800845b     0xa  Code  Gb  usbd_msc_bot.o [1]
MSC_BOT_Init            0x080083e9    0x4e  Code  Gb  usbd_msc_bot.o [1]
MSC_BOT_Reset           0x08008437    0x24  Code  Gb  usbd_msc_bot.o [1]
MSC_BOT_SendCSW         0x08008611    0x42  Code  Gb  usbd_msc_bot.o [1]
MSC_BOT_SendData        0x080085c5    0x4c  Code  Lc  usbd_msc_bot.o [1]
MSC_Mode_Sense10_data   0x0800ac88     0x8  Data  Gb  usbd_msc_data.o [1]
MSC_Mode_Sense6_data    0x0800ac80     0x8  Data  Gb  usbd_msc_data.o [1]
MSC_Page00_Inquiry_Data
                        0x0800ac78     0x8  Data  Gb  usbd_msc_data.o [1]
MX_CRC_Init             0x08005225    0x1e  Code  Lc  main.o [1]
MX_DMA_Init             0x08005361    0x3c  Code  Lc  main.o [1]
MX_FATFS_Init           0x08001be5    0x10  Code  Gb  fatfs.o [1]
MX_GPIO_Init            0x0800539d    0xfc  Code  Lc  main.o [1]
MX_NVIC_Init            0x08005211    0x14  Code  Lc  main.o [1]
MX_SPI1_Init            0x08005243    0x64  Code  Lc  main.o [1]
MX_TIM2_Init            0x080052a7    0xba  Code  Lc  main.o [1]
MX_USB_DEVICE_Init      0x08006c35    0x34  Code  Gb  usb_device.o [1]
MainTask                0x08006e4b    0x2c  Code  Gb  MainTask.o [1]
MainTaskHandle          0x2000414c     0x4  Data  Gb  main.o [1]
MainTaskInit            0x08006e39    0x12  Code  Gb  MainTask.o [1]
MemManage_Handler       0x0800a661     0x2  Code  Gb  stm32f1xx_it.o [1]
NMI_Handler             0x0800a65d     0x2  Code  Gb  stm32f1xx_it.o [1]
NVIC_EnableIRQ          0x08004b5d    0x14  Code  Lc  stm32f1xx_hal_cortex.o [1]
NVIC_EncodePriority     0x08004b97    0x3e  Code  Lc  stm32f1xx_hal_cortex.o [1]
NVIC_GetPriorityGrouping
                        0x08004b53     0xa  Code  Lc  stm32f1xx_hal_cortex.o [1]
NVIC_SetPriority        0x08004b71    0x26  Code  Lc  stm32f1xx_hal_cortex.o [1]
NVIC_SetPriorityGrouping
                        0x08004b35    0x1e  Code  Lc  stm32f1xx_hal_cortex.o [1]
NVIC_SystemReset        0x0800a641    0x1c  Code  Lc  stm32f1xx_it.o [1]
PCD_EP_ISR_Handler      0x08008c7b   0x43c  Code  Lc  stm32f1xx_hal_pcd.o [1]
PendSV_Handler          0x080032c1          Code  Gb  portasm.o [1]
Region$$Table$$Base     0x0800aab4           --   Gb  - Linker created -
Region$$Table$$Limit    0x0800aad4           --   Gb  - Linker created -
SCSI_CheckAddressRange  0x080097e5    0x3a  Code  Lc  usbd_msc_scsi.o [1]
SCSI_Inquiry            0x08009255    0x5e  Code  Lc  usbd_msc_scsi.o [1]
SCSI_ModeSense10        0x08009409    0x2a  Code  Lc  usbd_msc_scsi.o [1]
SCSI_ModeSense6         0x080093df    0x2a  Code  Lc  usbd_msc_scsi.o [1]
SCSI_ProcessCmd         0x08009101    0xf8  Code  Gb  usbd_msc_scsi.o [1]
SCSI_ProcessRead        0x0800981f    0xb4  Code  Lc  usbd_msc_scsi.o [1]
SCSI_ProcessWrite       0x080098d3    0xd0  Code  Lc  usbd_msc_scsi.o [1]
SCSI_Read10             0x08009543   0x104  Code  Lc  usbd_msc_scsi.o [1]
SCSI_ReadCapacity10     0x080092b3    0x92  Code  Lc  usbd_msc_scsi.o [1]
SCSI_ReadFormatCapacity
                        0x08009345    0x9a  Code  Lc  usbd_msc_scsi.o [1]
SCSI_RequestSense       0x08009441    0xa2  Code  Lc  usbd_msc_scsi.o [1]
SCSI_SenseCode          0x080094e3    0x4e  Code  Gb  usbd_msc_scsi.o [1]
SCSI_StartStopUnit      0x08009531    0x12  Code  Lc  usbd_msc_scsi.o [1]
SCSI_TestUnitReady      0x080091f9    0x5c  Code  Lc  usbd_msc_scsi.o [1]
SCSI_Verify10           0x08009795    0x50  Code  Lc  usbd_msc_scsi.o [1]
SCSI_Write10            0x08009647   0x14e  Code  Lc  usbd_msc_scsi.o [1]
SD_Path                 0x20000004     0x4  Data  Gb  SoundTask.o [1]
SPIFlashBeginRead       0x08006ae3    0x4e  Code  Gb  SPI_Flash.o [1]
SPIFlashBeginWrite      0x08006961    0x66  Code  Gb  SPI_Flash.o [1]
SPIFlashEndRead         0x0800690d    0x10  Code  Gb  SPI_Flash.o [1]
SPIFlashEndWrite        0x08006a43    0x68  Code  Gb  SPI_Flash.o [1]
SPIFlashEraseSector     0x08006ba5    0x4a  Code  Gb  SPI_Flash.o [1]
SPIFlashInit            0x0800691d    0x44  Code  Gb  SPI_Flash.o [1]
SPIFlashReadArray       0x08006b31    0x36  Code  Gb  SPI_Flash.o [1]
SPIFlashReadArrayDMA    0x08006b67    0x3e  Code  Gb  SPI_Flash.o [1]
SPIFlashWrite           0x080069c7    0x7c  Code  Gb  SPI_Flash.o [1]
SPIFlashWriteArray      0x08006aab    0x38  Code  Gb  SPI_Flash.o [1]
SPI_DMAError            0x080042e1    0x24  Code  Lc  stm32f1xx_hal_spi.o [1]
SPI_DMAHalfReceiveCplt  0x080042c1     0xe  Code  Lc  stm32f1xx_hal_spi.o [1]
SPI_DMAHalfTransmitReceiveCplt
                        0x080042d1     0xe  Code  Lc  stm32f1xx_hal_spi.o [1]
SPI_DMAReceiveCplt      0x080040e5    0xfa  Code  Lc  stm32f1xx_hal_spi.o [1]
SPI_DMATransmitReceiveCplt
                        0x080041e1    0xde  Code  Lc  stm32f1xx_hal_spi.o [1]
SPI_ISCRCErrorValid     0x08004495     0x6  Code  Gb  stm32f1xx_hal_spi_ex.o [1]
SPI_WaitOnFlagUntilTimeout
                        0x08004305    0xfa  Code  Lc  stm32f1xx_hal_spi.o [1]
STORAGE_GetCapacity_FS  0x0800a71f    0x12  Code  Lc  usbd_storage_if.o [1]
STORAGE_GetMaxLun_FS    0x0800a7bd     0x4  Code  Lc  usbd_storage_if.o [1]
STORAGE_Init_FS         0x0800a719     0x6  Code  Lc  usbd_storage_if.o [1]
STORAGE_Inquirydata_FS  0x0800aa90    0x24  Data  Gb  usbd_storage_if.o [1]
STORAGE_IsReady_FS      0x0800a731    0x18  Code  Lc  usbd_storage_if.o [1]
STORAGE_IsWriteProtected_FS
                        0x0800a749     0x6  Code  Lc  usbd_storage_if.o [1]
STORAGE_Read_FS         0x0800a74f    0x26  Code  Lc  usbd_storage_if.o [1]
STORAGE_Write_FS        0x0800a775    0x3e  Code  Lc  usbd_storage_if.o [1]
SVC_Handler             0x08003313          Code  Gb  portasm.o [1]
SoundTask               0x08006eb5   0x1fa  Code  Gb  SoundTask.o [1]
SoundTask::n            0x20000008     0x4  Data  Lc  SoundTask.o [1]
SoundTaskHandle         0x20004150     0x4  Data  Gb  main.o [1]
SoundTaskInit           0x08006e89    0x2c  Code  Gb  SoundTask.o [1]
StartGsmTask            0x080054d1     0xc  Code  Gb  main.o [1]
StartMainTask           0x08005499    0x18  Code  Gb  main.o [1]
StartSound              0x080054b1    0x14  Code  Gb  main.o [1]
StartWiFiTask           0x080054c5     0xc  Code  Gb  main.o [1]
Stat                    0x20000120     0x1  Data  Lc  user_diskio.o [1]
StepSizeTable           0x0800a3fc   0x164  Data  Gb  SoundTask.o [1]
SysTick_Config          0x08004bd5    0x30  Code  Lc  stm32f1xx_hal_cortex.o [1]
SysTick_Handler         0x0800a669     0x8  Code  Gb  stm32f1xx_it.o [1]
SystemClock_Config      0x08005167    0xaa  Code  Gb  main.o [1]
SystemCoreClock         0x20000010     0x4  Data  Gb  system_stm32f1xx.o [1]
SystemInit              0x0800a92d    0x4e  Code  Gb  system_stm32f1xx.o [1]
TIM3_IRQHandler         0x0800a6e5     0xa  Code  Gb  stm32f1xx_it.o [1]
TIM_Base_SetConfig      0x08006641    0x62  Code  Gb  stm32f1xx_hal_tim.o [1]
TIM_CCxChannelCmd       0x080068ef    0x1e  Code  Gb  stm32f1xx_hal_tim.o [1]
TIM_DMADelayPulseCplt   0x080065f9    0x46  Code  Gb  stm32f1xx_hal_tim.o [1]
TIM_DMAError            0x080065e5    0x14  Code  Gb  stm32f1xx_hal_tim.o [1]
TIM_ETR_SetConfig       0x080068d3    0x1c  Code  Lc  stm32f1xx_hal_tim.o [1]
TIM_ITRx_SetConfig      0x080068bb    0x18  Code  Lc  stm32f1xx_hal_tim.o [1]
TIM_OC1_SetConfig       0x080066a3    0x6e  Code  Lc  stm32f1xx_hal_tim.o [1]
TIM_OC2_SetConfig       0x08006711    0x78  Code  Gb  stm32f1xx_hal_tim.o [1]
TIM_OC3_SetConfig       0x08006789    0x70  Code  Lc  stm32f1xx_hal_tim.o [1]
TIM_OC4_SetConfig       0x080067f9    0x52  Code  Lc  stm32f1xx_hal_tim.o [1]
TIM_TI1_ConfigInputStage
                        0x08006859    0x30  Code  Lc  stm32f1xx_hal_tim.o [1]
TIM_TI2_ConfigInputStage
                        0x08006889    0x32  Code  Lc  stm32f1xx_hal_tim.o [1]
USBD_ClrClassConfig     0x08007327    0x18  Code  Gb  usbd_core.o [1]
USBD_ClrFeature         0x08008283    0x3a  Code  Lc  usbd_ctlreq.o [1]
USBD_CtlContinueRx      0x08008399    0x1a  Code  Gb  usbd_ioreq.o [1]
USBD_CtlContinueSendData
                        0x0800837f    0x1a  Code  Gb  usbd_ioreq.o [1]
USBD_CtlError           0x080082e5    0x18  Code  Gb  usbd_ctlreq.o [1]
USBD_CtlReceiveStatus   0x080083cd    0x1a  Code  Gb  usbd_ioreq.o [1]
USBD_CtlSendData        0x08008357    0x28  Code  Gb  usbd_ioreq.o [1]
USBD_CtlSendStatus      0x080083b3    0x1a  Code  Gb  usbd_ioreq.o [1]
USBD_FS_ConfigStrDescriptor
                        0x0800a5d5    0x26  Code  Gb  usbd_desc.o [1]
USBD_FS_DeviceDesc      0x20000030    0x14  Data  Gb  usbd_desc.o [1]
USBD_FS_DeviceDescriptor
                        0x0800a561     0xa  Code  Gb  usbd_desc.o [1]
USBD_FS_InterfaceStrDescriptor
                        0x0800a5fb    0x26  Code  Gb  usbd_desc.o [1]
USBD_FS_LangIDStrDescriptor
                        0x0800a56b     0xa  Code  Gb  usbd_desc.o [1]
USBD_FS_ManufacturerStrDescriptor
                        0x0800a59b    0x14  Code  Gb  usbd_desc.o [1]
USBD_FS_ProductStrDescriptor
                        0x0800a575    0x26  Code  Gb  usbd_desc.o [1]
USBD_FS_SerialStrDescriptor
                        0x0800a5af    0x26  Code  Gb  usbd_desc.o [1]
USBD_GetConfig          0x080081d5    0x4c  Code  Lc  usbd_ctlreq.o [1]
USBD_GetDescriptor      0x08007f29   0x16c  Code  Lc  usbd_ctlreq.o [1]
USBD_GetLen             0x08008343    0x14  Code  Lc  usbd_ctlreq.o [1]
USBD_GetStatus          0x08008221    0x3c  Code  Lc  usbd_ctlreq.o [1]
USBD_GetString          0x080082fd    0x46  Code  Gb  usbd_ctlreq.o [1]
USBD_Init               0x08007295    0x38  Code  Gb  usbd_core.o [1]
USBD_LL_ClearStallEP    0x08007b25    0x4c  Code  Gb  usbd_conf.o [1]
USBD_LL_CloseEP         0x08007a41    0x4c  Code  Gb  usbd_conf.o [1]
USBD_LL_DataInStage     0x08007447    0xe2  Code  Gb  usbd_core.o [1]
USBD_LL_DataOutStage    0x080073b7    0x90  Code  Gb  usbd_core.o [1]
USBD_LL_FlushEP         0x08007a8d    0x4c  Code  Gb  usbd_conf.o [1]
USBD_LL_GetRxDataSize   0x08007cb5    0x14  Code  Gb  usbd_conf.o [1]
USBD_LL_Init            0x080078f1    0xa2  Code  Gb  usbd_conf.o [1]
USBD_LL_IsStallEP       0x08007b71    0x2c  Code  Gb  usbd_conf.o [1]
USBD_LL_OpenEP          0x080079d9    0x68  Code  Gb  usbd_conf.o [1]
USBD_LL_PrepareReceive  0x08007c4f    0x66  Code  Gb  usbd_conf.o [1]
USBD_LL_Reset           0x08007529    0x46  Code  Gb  usbd_core.o [1]
USBD_LL_Resume          0x0800758b     0xe  Code  Gb  usbd_core.o [1]
USBD_LL_SOF             0x08007599    0x24  Code  Gb  usbd_core.o [1]
USBD_LL_SetSpeed        0x0800756f     0x8  Code  Gb  usbd_core.o [1]
USBD_LL_SetUSBAddress   0x08007b9d    0x4c  Code  Gb  usbd_conf.o [1]
USBD_LL_SetupStage      0x0800733f    0x78  Code  Gb  usbd_core.o [1]
USBD_LL_StallEP         0x08007ad9    0x4c  Code  Gb  usbd_conf.o [1]
USBD_LL_Start           0x08007993    0x46  Code  Gb  usbd_conf.o [1]
USBD_LL_Suspend         0x08007577    0x14  Code  Gb  usbd_core.o [1]
USBD_LL_Transmit        0x08007be9    0x66  Code  Gb  usbd_conf.o [1]
USBD_LangIDDesc         0x20000044     0x4  Data  Gb  usbd_desc.o [1]
USBD_MSC                0x20000048    0x38  Data  Gb  usbd_msc.o [1]
USBD_MSC_CfgFSDesc      0x200000a0    0x20  Data  Gb  usbd_msc.o [1]
USBD_MSC_CfgHSDesc      0x20000080    0x20  Data  Gb  usbd_msc.o [1]
USBD_MSC_DataIn         0x08007785    0x14  Code  Gb  usbd_msc.o [1]
USBD_MSC_DataOut        0x08007799    0x14  Code  Gb  usbd_msc.o [1]
USBD_MSC_DeInit         0x0800762b    0x36  Code  Gb  usbd_msc.o [1]
USBD_MSC_DeviceQualifierDesc
                        0x200000e0     0xc  Data  Gb  usbd_msc.o [1]
USBD_MSC_GetDeviceQualifierDescriptor
                        0x080077cb     0xa  Code  Gb  usbd_msc.o [1]
USBD_MSC_GetFSCfgDesc   0x080077b7     0xa  Code  Gb  usbd_msc.o [1]
USBD_MSC_GetHSCfgDesc   0x080077ad     0xa  Code  Gb  usbd_msc.o [1]
USBD_MSC_GetOtherSpeedCfgDesc
                        0x080077c1     0xa  Code  Gb  usbd_msc.o [1]
USBD_MSC_Init           0x080075bd    0x6e  Code  Gb  usbd_msc.o [1]
USBD_MSC_OtherSpeedCfgDesc
                        0x200000c0    0x20  Data  Gb  usbd_msc.o [1]
USBD_MSC_RegisterStorage
                        0x080077e5     0xe  Code  Gb  usbd_msc.o [1]
USBD_MSC_Setup          0x08007661   0x124  Code  Gb  usbd_msc.o [1]
USBD_ParseSetupRequest  0x080082bd    0x28  Code  Gb  usbd_ctlreq.o [1]
USBD_RegisterClass      0x080072cd    0x1a  Code  Gb  usbd_core.o [1]
USBD_RunTestMode        0x080072f5     0x6  Code  Gb  usbd_core.o [1]
USBD_SetAddress         0x08008095    0x60  Code  Lc  usbd_ctlreq.o [1]
USBD_SetClassConfig     0x080072fb    0x2c  Code  Gb  usbd_core.o [1]
USBD_SetConfig          0x080080f5    0xda  Code  Lc  usbd_ctlreq.o [1]
USBD_SetConfig::cfgidx  0x200041c6     0x1  Data  Lc  usbd_ctlreq.o [1]
USBD_SetFeature         0x0800825d    0x26  Code  Lc  usbd_ctlreq.o [1]
USBD_Start              0x080072e7     0xe  Code  Gb  usbd_core.o [1]
USBD_StdDevReq          0x08007ced    0x7c  Code  Gb  usbd_ctlreq.o [1]
USBD_StdEPReq           0x08007db5   0x174  Code  Gb  usbd_ctlreq.o [1]
USBD_StdItfReq          0x08007d69    0x4c  Code  Gb  usbd_ctlreq.o [1]
USBD_Storage_Interface_fops_FS
                        0x200000ec    0x20  Data  Gb  usbd_storage_if.o [1]
USBD_StrDesc            0x20003e48    0x80  Data  Gb  usbd_desc.o [1]
USBD_static_free        0x08007ce9     0x2  Code  Gb  usbd_conf.o [1]
USBD_static_malloc      0x08007cc9     0x6  Code  Gb  usbd_conf.o [1]
USBD_static_malloc::mem
                        0x20000928  0x1070  Data  Lc  usbd_conf.o [1]
USB_ActivateEndpoint    0x08009a11   0x354  Code  Gb  stm32f1xx_ll_usb.o [1]
USB_CoreInit            0x080099a3     0xa  Code  Gb  stm32f1xx_ll_usb.o [1]
USB_DeactivateEndpoint  0x08009d65   0x1d6  Code  Gb  stm32f1xx_ll_usb.o [1]
USB_DevConnect          0x0800a365     0x6  Code  Gb  stm32f1xx_ll_usb.o [1]
USB_DevDisconnect       0x0800a36b     0x6  Code  Gb  stm32f1xx_ll_usb.o [1]
USB_DevInit             0x080099e3    0x22  Code  Gb  stm32f1xx_ll_usb.o [1]
USB_DisableGlobalInt    0x080099c5    0x18  Code  Gb  stm32f1xx_ll_usb.o [1]
USB_EP0_OutStart        0x0800a37d     0x6  Code  Gb  stm32f1xx_ll_usb.o [1]
USB_EPClearStall        0x0800a2b1    0xa2  Code  Gb  stm32f1xx_ll_usb.o [1]
USB_EPSetStall          0x0800a233    0x7e  Code  Gb  stm32f1xx_ll_usb.o [1]
USB_EPStartXfer         0x08009f3b   0x2f8  Code  Gb  stm32f1xx_ll_usb.o [1]
USB_EnableGlobalInt     0x080099ad    0x18  Code  Gb  stm32f1xx_ll_usb.o [1]
USB_FlushRxFifo         0x08009a0b     0x6  Code  Gb  stm32f1xx_ll_usb.o [1]
USB_FlushTxFifo         0x08009a05     0x6  Code  Gb  stm32f1xx_ll_usb.o [1]
USB_LP_CAN1_RX0_IRQHandler
                        0x0800a693    0x52  Code  Gb  stm32f1xx_it.o [1]
USB_LP_CAN1_RX0_IRQHandler::wdt
                        0x20004184     0x4  Data  Lc  stm32f1xx_it.o [1]
USB_ReadInterrupts      0x0800a371     0xc  Code  Gb  stm32f1xx_ll_usb.o [1]
USB_ReadPMA             0x0800a3cd    0x30  Code  Gb  stm32f1xx_ll_usb.o [1]
USB_SetCurrentMode      0x080099dd     0x6  Code  Gb  stm32f1xx_ll_usb.o [1]
USB_SetDevAddress       0x0800a353    0x12  Code  Gb  stm32f1xx_ll_usb.o [1]
USB_WritePMA            0x0800a383    0x4a  Code  Gb  stm32f1xx_ll_usb.o [1]
USER_Driver             0x2000010c    0x14  Data  Gb  user_diskio.o [1]
USER_Path               0x20004134     0x4  Data  Gb  fatfs.o [1]
USER_initialize         0x0800a8b9     0xe  Code  Gb  user_diskio.o [1]
USER_ioctl              0x0800a925     0x8  Code  Gb  user_diskio.o [1]
USER_read               0x0800a8d9    0x26  Code  Gb  user_diskio.o [1]
USER_status             0x0800a8c7     0xe  Code  Gb  user_diskio.o [1]
USER_write              0x0800a8ff    0x26  Code  Gb  user_diskio.o [1]
UsageFault_Handler      0x0800a665     0x2  Code  Gb  stm32f1xx_it.o [1]
WiFiTaskHandle          0x20004154     0x4  Data  Gb  main.o [1]
_Error_Handler          0x08005559     0x2  Code  Gb  main.o [1]
_SendCmd                0x08006bef    0x28  Code  Lc  SPI_Flash.o [1]
__aeabi_memset          0x08003645          Code  Gb  ABImemset.o [4]
__cmain                 0x0800aad5          Code  Gb  cmain.o [4]
__exit                  0x0800ab05    0x14  Code  Gb  exit.o [5]
__iar_Memset            0x08003645          Code  Gb  ABImemset.o [4]
__iar_Memset_word       0x0800364d          Code  Gb  ABImemset.o [4]
__iar_data_init3        0x0800aa69    0x28  Code  Gb  data_init.o [4]
__iar_lz77_init_single3
                        0x0800a841    0x78  Code  Gb  lz77_init_single.o [4]
__iar_program_start     0x0800ac55          Code  Gb  cstartup_M.o [4]
__iar_unaligned___aeabi_memcpy
                        0x080036ad          Code  Gb  ABImemcpy_unaligned.o [4]
__iar_unaligned___aeabi_memcpy4
                        0x080036cd          Code  Gb  ABImemcpy_unaligned.o [4]
__iar_unaligned___aeabi_memcpy8
                        0x080036cd          Code  Gb  ABImemcpy_unaligned.o [4]
__iar_zero_init3        0x0800a995    0x40  Code  Gb  zero_init3.o [4]
__low_level_init        0x0800aaef     0x4  Code  Gb  low_level_init.o [3]
__vector_table          0x08000000          Data  Gb  startup_stm32f103xb.o [1]
_call_main              0x0800aae1          Code  Gb  cmain.o [4]
_exit                   0x0800aaf9          Code  Gb  cexit.o [4]
_main                   0x0800aaeb          Code  Gb  cmain.o [4]
check_fs                0x08000f61    0x86  Code  Lc  ff.o [1]
chk_chr                 0x08000143    0x14  Code  Lc  ff.o [1]
chk_lock                0x08000195    0x9a  Code  Lc  ff.o [1]
clear_lock              0x080003af    0x30  Code  Lc  ff.o [1]
clust2sect              0x080005af    0x26  Code  Gb  ff.o [1]
create_chain            0x080008db   0x112  Code  Lc  ff.o [1]
create_name             0x08000d51   0x12c  Code  Lc  ff.o [1]
dec_lock                0x0800034f    0x60  Code  Lc  ff.o [1]
dir_alloc               0x08000bf7    0x66  Code  Lc  ff.o [1]
dir_find                0x08000ca1    0x68  Code  Lc  ff.o [1]
dir_next                0x08000ab5   0x142  Code  Lc  ff.o [1]
dir_register            0x08000d09    0x48  Code  Lc  ff.o [1]
dir_sdi                 0x080009ed    0xc8  Code  Lc  ff.o [1]
disk                    0x20004118     0xc  Data  Gb  ff_gen_drv.o [1]
disk_initialize         0x08001b0f    0x36  Code  Gb  diskio.o [1]
disk_ioctl              0x08001bb5    0x2c  Code  Gb  diskio.o [1]
disk_read               0x08001b45    0x38  Code  Gb  diskio.o [1]
disk_status             0x08001aed    0x22  Code  Gb  diskio.o [1]
disk_write              0x08001b7d    0x38  Code  Gb  diskio.o [1]
dmaSoundSemHandle       0x2000415c     0x4  Data  Gb  main.o [1]
doPlayingSemHandle      0x20004160     0x4  Data  Gb  main.o [1]
dwCurrentAddr           0x2000417c     0x4  Data  Gb  SPI_Flash.o [1]
enq_lock                0x0800022f    0x28  Code  Lc  ff.o [1]
exit                    0x0800aaf3     0x4  Code  Gb  exit.o [3]
f                       0x20004080    0x28  Data  Gb  SoundTask.o [1]
f_close                 0x08001a47    0x42  Code  Gb  ff.o [1]
f_mount                 0x080014e1    0xa2  Code  Gb  ff.o [1]
f_open                  0x080015a1   0x1ea  Code  Gb  ff.o [1]
f_read                  0x0800178b   0x21e  Code  Gb  ff.o [1]
f_sync                  0x080019a9    0x9e  Code  Gb  ff.o [1]
ff_cre_syncobj          0x08001a89    0x28  Code  Gb  syscall.o [1]
ff_del_syncobj          0x08001ab5     0xe  Code  Gb  syscall.o [1]
ff_rel_grant            0x08001adf     0xc  Code  Gb  syscall.o [1]
ff_req_grant            0x08001ac3    0x1c  Code  Gb  syscall.o [1]
fileSystem              0x20001998  0x1034  Data  Gb  SoundTask.o [1]
find_volume             0x08000fe7   0x4aa  Code  Lc  ff.o [1]
flagProgrammRunning     0x20004168     0x4  Data  Gb  main.o [1]
flagUSBconnected        0x20004164     0x4  Data  Gb  main.o [1]
follow_path             0x08000e81    0x90  Code  Lc  ff.o [1]
get_fat                 0x080005d5   0x108  Code  Gb  ff.o [1]
get_fattime             0x08001c01     0x4  Code  Gb  fatfs.o [1]
get_ldnumber            0x08000f11    0x50  Code  Lc  ff.o [1]
hUsbDeviceFS            0x20003b98   0x224  Data  Gb  usb_device.o [1]
hcrc                    0x2000412c     0x8  Data  Gb  main.o [1]
hdma_spi1_rx            0x20003fd8    0x38  Data  Gb  main.o [1]
hdma_spi1_tx            0x20004010    0x38  Data  Gb  main.o [1]
hdma_tim2_ch1           0x20004048    0x38  Data  Gb  main.o [1]
hpcd_USB_FS             0x20003778   0x420  Data  Gb  usbd_conf.o [1]
hspi                    0x2000000c     0x4  Data  Gb  SPI_Flash.o [1]
hspi1                   0x20003ec8    0x58  Data  Gb  main.o [1]
htim2                   0x20003f60    0x3c  Data  Gb  main.o [1]
htim3                   0x20003f9c    0x3c  Data  Gb  stm32f1xx_hal_timebase_TIM.o [1]
inHandlerMode           0x08001c17    0x12  Code  Lc  cmsis_os.o [1]
inc_lock                0x08000257    0xf8  Code  Lc  ff.o [1]
index                   0x200041c4     0x1  Data  Gb  SoundTask.o [1]
ld_clust                0x08000c5d    0x2c  Code  Lc  ff.o [1]
lock_fs                 0x08000157    0x10  Code  Lc  ff.o [1]
main                    0x08005059   0x10e  Code  Gb  main.o [1]
makeFreeRtosPriority    0x08001c05    0x12  Code  Lc  cmsis_os.o [1]
mem_cmp                 0x0800011f    0x24  Code  Lc  ff.o [1]
mem_cpy                 0x080000ed    0x1c  Code  Lc  ff.o [1]
mem_set                 0x08000109    0x16  Code  Lc  ff.o [1]
move_window             0x08000459    0x4a  Code  Lc  ff.o [1]
osDelay                 0x08001c6d    0x1c  Code  Gb  cmsis_os.o [1]
osKernelStart           0x08001c29     0xa  Code  Gb  cmsis_os.o [1]
osSemaphoreCreate       0x08001c89    0x2e  Code  Gb  cmsis_os.o [1]
osSemaphoreDelete       0x08001d81    0x1a  Code  Gb  cmsis_os.o [1]
osSemaphoreRelease      0x08001d35    0x4c  Code  Gb  cmsis_os.o [1]
osSemaphoreWait         0x08001cb7    0x7e  Code  Gb  cmsis_os.o [1]
osSystickHandler        0x08001d9b    0x10  Code  Gb  cmsis_os.o [1]
osThreadCreate          0x08001c33    0x3a  Code  Gb  cmsis_os.o [1]
overflow                0x20004174     0x4  Data  Gb  SoundTask.o [1]
pcInterruptPriorityRegisters
                        0x0800ac9c     0x4  Data  Lc  port.o [1]
playSound               0x080070af    0x8c  Code  Gb  SoundTask.o [1]
predsample              0x20004178     0x4  Data  Gb  SoundTask.o [1]
prvAddCurrentTaskToDelayedList
                        0x0800275b    0x48  Code  Lc  tasks.o [1]
prvAllocateTCBAndStack  0x080027a3    0x5a  Code  Lc  tasks.o [1]
prvCheckTasksWaitingTermination
                        0x080026f5    0x66  Code  Lc  tasks.o [1]
prvCopyDataFromQueue    0x08002ff1    0x30  Code  Lc  queue.o [1]
prvCopyDataToQueue      0x08002f55    0x9c  Code  Lc  queue.o [1]
prvDeleteTCB            0x080027fd    0x12  Code  Lc  tasks.o [1]
prvHeapInit             0x08003557    0x6e  Code  Lc  heap_4.o [1]
prvIdleTask             0x080025fd    0x18  Code  Lc  tasks.o [1]
prvInitialiseTCBVariables
                        0x08002625    0x6c  Code  Lc  tasks.o [1]
prvInitialiseTaskLists  0x08002691    0x56  Code  Lc  tasks.o [1]
prvInsertBlockIntoFreeList
                        0x080035c5    0x62  Code  Lc  heap_4.o [1]
prvIsQueueEmpty         0x0800308b    0x20  Code  Lc  queue.o [1]
prvIsQueueFull          0x080030ab    0x22  Code  Lc  queue.o [1]
prvResetNextTaskUnblockTime
                        0x0800280f    0x2a  Code  Lc  tasks.o [1]
prvTaskExitError        0x08003111    0x18  Code  Lc  port.o [1]
prvTaskIsTaskSuspended  0x0800209d    0x34  Code  Lc  tasks.o [1]
prvUnlockQueue          0x08003021    0x6a  Code  Lc  queue.o [1]
put_fat                 0x080006dd   0x16c  Code  Gb  ff.o [1]
pvPortMalloc            0x080033f5    0xfc  Code  Gb  heap_4.o [1]
pvTaskIncrementMutexHeldCount
                        0x080029b9    0x1e  Code  Gb  tasks.o [1]
pxCurrentTCB            0x20004188     0x4  Data  Gb  tasks.o [1]
pxDelayedTaskList       0x2000418c     0x4  Data  Lc  tasks.o [1]
pxEnd                   0x2000413c     0x4  Data  Lc  heap_4.o [1]
pxOverflowDelayedTaskList
                        0x20004190     0x4  Data  Lc  tasks.o [1]
pxPortInitialiseStack   0x080030f5    0x1c  Code  Gb  port.o [1]
pxReadyTasksLists       0x20003dbc    0x8c  Data  Lc  tasks.o [1]
remove_chain            0x08000849    0x92  Code  Lc  ff.o [1]
retUSER                 0x200041c2     0x1  Data  Gb  fatfs.o [1]
shutUp                  0x0800713b    0x28  Code  Gb  SoundTask.o [1]
sound_IRQ_DMA           0x08007163    0x1e  Code  Gb  SoundTask.o [1]
st_clust                0x08000c89    0x18  Code  Lc  ff.o [1]
sync_fs                 0x080004a3   0x10c  Code  Lc  ff.o [1]
sync_window             0x080003df    0x7a  Code  Lc  ff.o [1]
uCRCErrorWorkaroundCheck
                        0x200041c5     0x1  Data  Gb  stm32f1xx_hal_spi_ex.o [1]
ucHeap                  0x200029cc   0xdac  Data  Lc  heap_4.o [1]
ucMaxSysCallPriority    0x200041c3     0x1  Data  Lc  port.o [1]
ulMaxPRIGROUPValue      0x2000416c     0x4  Data  Lc  port.o [1]
ulPortSetInterruptMask  0x080032ff          Code  Gb  portasm.o [1]
unlock_fs               0x08000167    0x2e  Code  Lc  ff.o [1]
uwTick                  0x20004180     0x4  Data  Lc  stm32f1xx_hal.o [1]
uxCriticalNesting       0x20000000     0x4  Data  Lc  port.o [1]
uxCurrentNumberOfTasks  0x20004198     0x4  Data  Lc  tasks.o [1]
uxListRemove            0x080033cb    0x28  Code  Gb  list.o [1]
uxPendedTicks           0x200041a8     0x4  Data  Lc  tasks.o [1]
uxSchedulerSuspended    0x200041bc     0x4  Data  Lc  tasks.o [1]
uxTaskNumber            0x200041b4     0x4  Data  Lc  tasks.o [1]
uxTasksDeleted          0x20004194     0x4  Data  Lc  tasks.o [1]
uxTopReadyPriority      0x200041a0     0x4  Data  Lc  tasks.o [1]
vApplicationStackOverflowHook
                        0x080033f3     0x2  Code  Wk  freertos.o [1]
vListInitialise         0x08003355    0x1e  Code  Gb  list.o [1]
vListInitialiseItem     0x08003373     0x6  Code  Gb  list.o [1]
vListInsert             0x08003391    0x3a  Code  Gb  list.o [1]
vListInsertEnd          0x08003379    0x18  Code  Gb  list.o [1]
vPortClearInterruptMask
                        0x0800330d          Code  Gb  portasm.o [1]
vPortEnterCritical      0x080031c3    0x30  Code  Gb  port.o [1]
vPortExitCritical       0x080031f3    0x2a  Code  Gb  port.o [1]
vPortFree               0x080034f1    0x66  Code  Gb  heap_4.o [1]
vPortSetupTimerInterrupt
                        0x0800323b    0x1a  Code  Wk  port.o [1]
vPortStartFirstTask     0x08003333          Code  Gb  portasm.o [1]
vPortValidateInterruptPriority
                        0x08003255    0x3e  Code  Gb  port.o [1]
vPortYield              0x080031b1    0x12  Code  Gb  port.o [1]
vQueueDelete            0x08002f37    0x1e  Code  Gb  queue.o [1]
vQueueUnregisterQueue   0x080030cd    0x24  Code  Gb  queue.o [1]
vTaskDelay              0x08001f6f    0x6c  Code  Gb  tasks.o [1]
vTaskMissedYield        0x080025ef     0xa  Code  Gb  tasks.o [1]
vTaskPlaceOnEventList   0x08002473    0x6c  Code  Gb  tasks.o [1]
vTaskPriorityInherit    0x08002863    0xaa  Code  Gb  tasks.o [1]
vTaskResume             0x080020d1    0x70  Code  Gb  tasks.o [1]
vTaskSetTimeOutState    0x0800255b    0x20  Code  Gb  tasks.o [1]
vTaskStartScheduler     0x08002141    0x58  Code  Gb  tasks.o [1]
vTaskSuspend            0x08001fdb    0xc2  Code  Gb  tasks.o [1]
vTaskSuspendAll         0x08002199    0x10  Code  Gb  tasks.o [1]
vTaskSwitchContext      0x080023c5    0xae  Code  Gb  tasks.o [1]
validate                0x08001491    0x50  Code  Lc  ff.o [1]
xBlockAllocatedBit      0x20004148     0x4  Data  Lc  heap_4.o [1]
xDelayedTaskList1       0x200040a8    0x14  Data  Lc  tasks.o [1]
xDelayedTaskList2       0x200040bc    0x14  Data  Lc  tasks.o [1]
xFreeBytesRemaining     0x20004140     0x4  Data  Lc  heap_4.o [1]
xHeapStructSize         0x0800ac90     0x4  Data  Lc  heap_4.o [1]
xMinimumEverFreeBytesRemaining
                        0x20004144     0x4  Data  Lc  heap_4.o [1]
xNextTaskUnblockTime    0x200041b8     0x4  Data  Lc  tasks.o [1]
xNumOfOverflows         0x200041b0     0x4  Data  Lc  tasks.o [1]
xPendingReadyList       0x200040d0    0x14  Data  Lc  tasks.o [1]
xPortStartScheduler     0x08003129    0x88  Code  Gb  port.o [1]
xPortSysTickHandler     0x0800321d    0x1e  Code  Gb  port.o [1]
xQueueGenericCreate     0x08002a9d    0x66  Code  Gb  queue.o [1]
xQueueGenericReceive    0x08002d11   0x184  Code  Gb  queue.o [1]
xQueueGenericReset      0x08002a25    0x78  Code  Gb  queue.o [1]
xQueueGenericSend       0x08002b03   0x160  Code  Gb  queue.o [1]
xQueueGiveFromISR       0x08002c63    0xae  Code  Gb  queue.o [1]
xQueueReceiveFromISR    0x08002e95    0xa2  Code  Gb  queue.o [1]
xQueueRegistry          0x20003f20    0x40  Data  Gb  queue.o [1]
xSchedulerRunning       0x200041a4     0x4  Data  Lc  tasks.o [1]
xStart                  0x20004124     0x8  Data  Lc  heap_4.o [1]
xSuspendedTaskList      0x200040f8    0x14  Data  Lc  tasks.o [1]
xTaskCheckForTimeOut    0x0800257b    0x74  Code  Gb  tasks.o [1]
xTaskGenericCreate      0x08001e21   0x14e  Code  Gb  tasks.o [1]
xTaskGetSchedulerState  0x0800283d    0x26  Code  Gb  tasks.o [1]
xTaskIncrementTick      0x08002291   0x134  Code  Gb  tasks.o [1]
xTaskPriorityDisinherit
                        0x08002915    0xa4  Code  Gb  tasks.o [1]
xTaskRemoveFromEventList
                        0x080024df    0x7c  Code  Gb  tasks.o [1]
xTaskResumeAll          0x080021a9    0xe8  Code  Gb  tasks.o [1]
xTasksWaitingTermination
                        0x200040e4    0x14  Data  Lc  tasks.o [1]
xTickCount              0x2000419c     0x4  Data  Lc  tasks.o [1]
xYieldPending           0x200041ac     0x4  Data  Lc  tasks.o [1]


[1] = D:\Work\old\Sound\src\sound103\EWARM\sound103\Obj
[2] = command line
[3] = dl7M_tlf.a
[4] = rt7M_tl.a
[5] = shb_l.a

  43 276 bytes of readonly  code memory
   1 288 bytes of readonly  data memory
  16 832 bytes of readwrite data memory

Errors: none
Warnings: none
